Archive member included to satisfy reference by file (symbol)

c:/mounriver/mounriver_studio/toolchain/risc-v embedded gcc/bin/../lib/gcc/riscv-none-embed/8.2.0/rv32imac/ilp32\libgcc.a(muldf3.o)
                              ./hefei_peripheral/HF_HC_SR04.o (__muldf3)
c:/mounriver/mounriver_studio/toolchain/risc-v embedded gcc/bin/../lib/gcc/riscv-none-embed/8.2.0/rv32imac/ilp32\libgcc.a(fixunsdfsi.o)
                              ./hefei_peripheral/HF_HC_SR04.o (__fixunsdfsi)
c:/mounriver/mounriver_studio/toolchain/risc-v embedded gcc/bin/../lib/gcc/riscv-none-embed/8.2.0/rv32imac/ilp32\libgcc.a(addsf3.o)
                              ./hefei_peripheral/HF_HC_SR04.o (__addsf3)
c:/mounriver/mounriver_studio/toolchain/risc-v embedded gcc/bin/../lib/gcc/riscv-none-embed/8.2.0/rv32imac/ilp32\libgcc.a(divsf3.o)
                              ./hefei_peripheral/HF_HC_SR04.o (__divsf3)
c:/mounriver/mounriver_studio/toolchain/risc-v embedded gcc/bin/../lib/gcc/riscv-none-embed/8.2.0/rv32imac/ilp32\libgcc.a(eqsf2.o)
                              ./hefei_peripheral/HF_TFT180.o (__eqsf2)
c:/mounriver/mounriver_studio/toolchain/risc-v embedded gcc/bin/../lib/gcc/riscv-none-embed/8.2.0/rv32imac/ilp32\libgcc.a(lesf2.o)
                              ./hefei_peripheral/HF_TFT180.o (__ltsf2)
c:/mounriver/mounriver_studio/toolchain/risc-v embedded gcc/bin/../lib/gcc/riscv-none-embed/8.2.0/rv32imac/ilp32\libgcc.a(mulsf3.o)
                              ./hefei_peripheral/HF_HC_SR04.o (__mulsf3)
c:/mounriver/mounriver_studio/toolchain/risc-v embedded gcc/bin/../lib/gcc/riscv-none-embed/8.2.0/rv32imac/ilp32\libgcc.a(subsf3.o)
                              ./hefei_peripheral/HF_IPS114.o (__subsf3)
c:/mounriver/mounriver_studio/toolchain/risc-v embedded gcc/bin/../lib/gcc/riscv-none-embed/8.2.0/rv32imac/ilp32\libgcc.a(fixsfsi.o)
                              ./hefei_peripheral/HF_IPS114.o (__fixsfsi)
c:/mounriver/mounriver_studio/toolchain/risc-v embedded gcc/bin/../lib/gcc/riscv-none-embed/8.2.0/rv32imac/ilp32\libgcc.a(floatsisf.o)
                              ./hefei_peripheral/HF_IPS114.o (__floatsisf)
c:/mounriver/mounriver_studio/toolchain/risc-v embedded gcc/bin/../lib/gcc/riscv-none-embed/8.2.0/rv32imac/ilp32\libgcc.a(floatunsisf.o)
                              ./hefei_peripheral/HF_HC_SR04.o (__floatunsisf)
c:/mounriver/mounriver_studio/toolchain/risc-v embedded gcc/bin/../lib/gcc/riscv-none-embed/8.2.0/rv32imac/ilp32\libgcc.a(extendsfdf2.o)
                              ./hefei_peripheral/HF_HC_SR04.o (__extendsfdf2)
c:/mounriver/mounriver_studio/toolchain/risc-v embedded gcc/bin/../lib/gcc/riscv-none-embed/8.2.0/rv32imac/ilp32\libgcc.a(_clzsi2.o)
                              c:/mounriver/mounriver_studio/toolchain/risc-v embedded gcc/bin/../lib/gcc/riscv-none-embed/8.2.0/rv32imac/ilp32\libgcc.a(muldf3.o) (__clzsi2)
c:/mounriver/mounriver_studio/toolchain/risc-v embedded gcc/bin/../lib/gcc/riscv-none-embed/8.2.0/rv32imac/ilp32\libgcc.a(_clz.o)
                              c:/mounriver/mounriver_studio/toolchain/risc-v embedded gcc/bin/../lib/gcc/riscv-none-embed/8.2.0/rv32imac/ilp32\libgcc.a(_clzsi2.o) (__clz_tab)
c:/mounriver/mounriver_studio/toolchain/risc-v embedded gcc/bin/../lib/gcc/riscv-none-embed/8.2.0/../../../../riscv-none-embed/lib/rv32imac/ilp32\libg_nano.a(lib_a-assert.o)
                              ./hefei_peripheral/HF_MT9V03X.o (__assert_func)
c:/mounriver/mounriver_studio/toolchain/risc-v embedded gcc/bin/../lib/gcc/riscv-none-embed/8.2.0/../../../../riscv-none-embed/lib/rv32imac/ilp32\libg_nano.a(lib_a-fprintf.o)
                              c:/mounriver/mounriver_studio/toolchain/risc-v embedded gcc/bin/../lib/gcc/riscv-none-embed/8.2.0/../../../../riscv-none-embed/lib/rv32imac/ilp32\libg_nano.a(lib_a-assert.o) (fiprintf)
c:/mounriver/mounriver_studio/toolchain/risc-v embedded gcc/bin/../lib/gcc/riscv-none-embed/8.2.0/../../../../riscv-none-embed/lib/rv32imac/ilp32\libg_nano.a(lib_a-impure.o)
                              c:/mounriver/mounriver_studio/toolchain/risc-v embedded gcc/bin/../lib/gcc/riscv-none-embed/8.2.0/../../../../riscv-none-embed/lib/rv32imac/ilp32\libg_nano.a(lib_a-assert.o) (_impure_ptr)
c:/mounriver/mounriver_studio/toolchain/risc-v embedded gcc/bin/../lib/gcc/riscv-none-embed/8.2.0/../../../../riscv-none-embed/lib/rv32imac/ilp32\libg_nano.a(lib_a-memcpy.o)
                              ./hefei_libraries/hf_pit.o (memcpy)
c:/mounriver/mounriver_studio/toolchain/risc-v embedded gcc/bin/../lib/gcc/riscv-none-embed/8.2.0/../../../../riscv-none-embed/lib/rv32imac/ilp32\libg_nano.a(lib_a-memset.o)
                              ./hefei_peripheral/HF_IPS114.o (memset)
c:/mounriver/mounriver_studio/toolchain/risc-v embedded gcc/bin/../lib/gcc/riscv-none-embed/8.2.0/../../../../riscv-none-embed/lib/rv32imac/ilp32\libg_nano.a(lib_a-nano-vfprintf.o)
[...]
Memory Configuration

Name             Origin             Length             Attributes
FLASH            0x0000000000000000 0x0000000000048000 xr
RAM              0x0000000020000000 0x0000000000008000 xrw
*default*        0x0000000000000000 0xffffffffffffffff

Linker script and memory map

LOAD ./user_c/isr.o
LOAD ./user_c/main.o
LOAD ./hefei_peripheral/HF_Double_DC_Motor.o
LOAD ./hefei_peripheral/HF_HC_SR04.o
LOAD ./hefei_peripheral/HF_IPS114.o
LOAD ./hefei_peripheral/HF_MT9V03X.o
LOAD ./hefei_peripheral/HF_TFT180.o
LOAD ./hefei_peripheral/HF_WS2812b.o
LOAD ./hefei_peripheral/HF_Wireless_uart.o
LOAD ./hefei_libraries/board/board.o
LOAD ./hefei_libraries/common.o
LOAD ./hefei_libraries/delay.o
LOAD ./hefei_libraries/hf_adc.o
LOAD ./hefei_libraries/hf_common_font.o
LOAD ./hefei_libraries/hf_dma.o
LOAD ./hefei_libraries/hf_dvp.o
LOAD ./hefei_libraries/hf_encoder.o
LOAD ./hefei_libraries/hf_exti.o
LOAD ./hefei_libraries/hf_flash.o
LOAD ./hefei_libraries/hf_gpio.o
LOAD ./hefei_libraries/hf_i2c_hardware.o
LOAD ./hefei_libraries/hf_i2c_software.o
LOAD ./hefei_libraries/hf_nvic.o
LOAD ./hefei_libraries/hf_pit.o
LOAD ./hefei_libraries/hf_pwm.o
LOAD ./hefei_libraries/hf_spi.o
LOAD ./hefei_libraries/hf_tim.o
LOAD ./hefei_libraries/hf_uart.o
LOAD ./CODE/board_led.o
LOAD ./CODE/car_adc.o
LOAD ./CODE/car_init.o
LOAD ./CODE/car_keys.o
LOAD ./CODE/car_ligth.o
LOAD ./CODE/car_motion.o
LOAD ./CODE/car_reed.o
LOAD ./CODE/car_uart.o
LOAD ./CODE/car_value_process.o
LOAD ./CH32V30x/Core/core_riscv.o
LOAD ./CH32V30x/CH32V30x_p/Startup/startup_ch32v30x.o
LOAD ./CH32V30x/CH32V30x_p/CH32V30x_Lib/ch32v30x_adc.o
LOAD ./CH32V30x/CH32V30x_p/CH32V30x_Lib/ch32v30x_bkp.o
LOAD ./CH32V30x/CH32V30x_p/CH32V30x_Lib/ch32v30x_can.o
LOAD ./CH32V30x/CH32V30x_p/CH32V30x_Lib/ch32v30x_crc.o
LOAD ./CH32V30x/CH32V30x_p/CH32V30x_Lib/ch32v30x_dac.o
LOAD ./CH32V30x/CH32V30x_p/CH32V30x_Lib/ch32v30x_dbgmcu.o
LOAD ./CH32V30x/CH32V30x_p/CH32V30x_Lib/ch32v30x_dma.o
LOAD ./CH32V30x/CH32V30x_p/CH32V30x_Lib/ch32v30x_dvp.o
LOAD ./CH32V30x/CH32V30x_p/CH32V30x_Lib/ch32v30x_eth.o
LOAD ./CH32V30x/CH32V30x_p/CH32V30x_Lib/ch32v30x_exti.o
LOAD ./CH32V30x/CH32V30x_p/CH32V30x_Lib/ch32v30x_flash.o
LOAD ./CH32V30x/CH32V30x_p/CH32V30x_Lib/ch32v30x_fsmc.o
LOAD ./CH32V30x/CH32V30x_p/CH32V30x_Lib/ch32v30x_gpio.o
LOAD ./CH32V30x/CH32V30x_p/CH32V30x_Lib/ch32v30x_i2c.o
LOAD ./CH32V30x/CH32V30x_p/CH32V30x_Lib/ch32v30x_iwdg.o
LOAD ./CH32V30x/CH32V30x_p/CH32V30x_Lib/ch32v30x_misc.o
LOAD ./CH32V30x/CH32V30x_p/CH32V30x_Lib/ch32v30x_opa.o
LOAD ./CH32V30x/CH32V30x_p/CH32V30x_Lib/ch32v30x_pwr.o
LOAD ./CH32V30x/CH32V30x_p/CH32V30x_Lib/ch32v30x_rcc.o
LOAD ./CH32V30x/CH32V30x_p/CH32V30x_Lib/ch32v30x_rng.o
LOAD ./CH32V30x/CH32V30x_p/CH32V30x_Lib/ch32v30x_rtc.o
LOAD ./CH32V30x/CH32V30x_p/CH32V30x_Lib/ch32v30x_sdio.o
LOAD ./CH32V30x/CH32V30x_p/CH32V30x_Lib/ch32v30x_spi.o
LOAD ./CH32V30x/CH32V30x_p/CH32V30x_Lib/ch32v30x_tim.o
LOAD ./CH32V30x/CH32V30x_p/CH32V30x_Lib/ch32v30x_usart.o
LOAD ./CH32V30x/CH32V30x_p/CH32V30x_Lib/ch32v30x_usbotg_device.o
LOAD ./CH32V30x/CH32V30x_p/CH32V30x_Lib/ch32v30x_wwdg.o
LOAD ./CH32V30x/CH32V30x_p/CH32V30x_Lib/system_ch32v30x.o
LOAD c:/mounriver/mounriver_studio/toolchain/risc-v embedded gcc/bin/../lib/gcc/riscv-none-embed/8.2.0/rv32imac/ilp32\libgcc.a
LOAD c:/mounriver/mounriver_studio/toolchain/risc-v embedded gcc/bin/../lib/gcc/riscv-none-embed/8.2.0/../../../../riscv-none-embed/lib/rv32imac/ilp32\libg_nano.a
LOAD c:/mounriver/mounriver_studio/toolchain/risc-v embedded gcc/bin/../lib/gcc/riscv-none-embed/8.2.0/../../../../riscv-none-embed/lib/rv32imac/ilp32\libc_nano.a
LOAD c:/mounriver/mounriver_studio/toolchain/risc-v embedded gcc/bin/../lib/gcc/riscv-none-embed/8.2.0/rv32imac/ilp32\libgcc.a
START GROUP
LOAD c:/mounriver/mounriver_studio/toolchain/risc-v embedded gcc/bin/../lib/gcc/riscv-none-embed/8.2.0/rv32imac/ilp32\libgcc.a
LOAD c:/mounriver/mounriver_studio/toolchain/risc-v embedded gcc/bin/../lib/gcc/riscv-none-embed/8.2.0/../../../../riscv-none-embed/lib/rv32imac/ilp32\libc_nano.a
LOAD c:/mounriver/mounriver_studio/toolchain/risc-v embedded gcc/bin/../lib/gcc/riscv-none-embed/8.2.0/../../../../riscv-none-embed/lib/rv32imac/ilp32\libnosys.a
END GROUP
START GROUP
LOAD c:/mounriver/mounriver_studio/toolchain/risc-v embedded gcc/bin/../lib/gcc/riscv-none-embed/8.2.0/rv32imac/ilp32\libgcc.a
LOAD c:/mounriver/mounriver_studio/toolchain/risc-v embedded gcc/bin/../lib/gcc/riscv-none-embed/8.2.0/../../../../riscv-none-embed/lib/rv32imac/ilp32\libc_nano.a
LOAD c:/mounriver/mounriver_studio/toolchain/risc-v embedded gcc/bin/../lib/gcc/riscv-none-embed/8.2.0/../../../../riscv-none-embed/lib/rv32imac/ilp32\libnosys.a
END GROUP
                0x0000000000000800                __stack_size = 0x800
                [!provide]                        PROVIDE (_stack_size = __stack_size)

.init           0x0000000000000000       0x38
                0x0000000000000000                _sinit = .
                0x0000000000000000                . = ALIGN (0x4)
 *(SORT_NONE(.init))
 .init          0x0000000000000000       0x38 ./CH32V30x/CH32V30x_p/Startup/startup_ch32v30x.o
                0x0000000000000000                _start
                0x0000000000000038                . = ALIGN (0x4)
                0x0000000000000038                _einit = .

.vector         0x0000000000000038      0x1c8
 *(.vector)
 .vector        0x0000000000000038      0x1a0 ./CH32V30x/CH32V30x_p/Startup/startup_ch32v30x.o
                0x0000000000000200                . = ALIGN (0x40)
 *fill*         0x00000000000001d8       0x28 

.text           0x0000000000000200     0x5178
                0x0000000000000200                . = ALIGN (0x4)
 *(.text)
 .text          0x0000000000000200       0xa8 c:/mounriver/mounriver_studio/toolchain/risc-v embedded gcc/bin/../lib/gcc/riscv-none-embed/8.2.0/../../../../riscv-none-embed/lib/rv32imac/ilp32\libg_nano.a(lib_a-memset.o)
                0x0000000000000200                memset
 *(.text.*)
 .text.NMI_Handler
                0x00000000000002a8        0x4 ./user_c/isr.o
                0x00000000000002a8                NMI_Handler
 .text.HardFault_Handler
                0x00000000000002ac        0x2 ./user_c/isr.o
                0x00000000000002ac                HardFault_Handler
 .text.USART1_IRQHandler
                0x00000000000002ae       0x2a ./user_c/isr.o
                0x00000000000002ae                USART1_IRQHandler
 .text.USART2_IRQHandler
                0x00000000000002d8       0x2a ./user_c/isr.o
                0x00000000000002d8                USART2_IRQHandler
 .text.USART3_IRQHandler
                0x0000000000000302       0x2a ./user_c/isr.o
                0x0000000000000302                USART3_IRQHandler
 .text.UART4_IRQHandler
                0x000000000000032c       0x2a ./user_c/isr.o
                0x000000000000032c                UART4_IRQHandler
 .text.UART5_IRQHandler
                0x0000000000000356       0x1e ./user_c/isr.o
                0x0000000000000356                UART5_IRQHandler
 .text.UART6_IRQHandler
                0x0000000000000374       0x2a ./user_c/isr.o
                0x0000000000000374                UART6_IRQHandler
 .text.UART7_IRQHandler
                0x000000000000039e       0x2a ./user_c/isr.o
                0x000000000000039e                UART7_IRQHandler
 .text.UART8_IRQHandler
                0x00000000000003c8       0x1e ./user_c/isr.o
                0x00000000000003c8                UART8_IRQHandler
 .text.DVP_IRQHandler
                0x00000000000003e6       0x1c ./user_c/isr.o
                0x00000000000003e6                DVP_IRQHandler
 .text.EXTI0_IRQHandler
                0x0000000000000402       0x14 ./user_c/isr.o
                0x0000000000000402                EXTI0_IRQHandler
 .text.EXTI1_IRQHandler
                0x0000000000000416       0x26 ./user_c/isr.o
                0x0000000000000416                EXTI1_IRQHandler
 .text.EXTI2_IRQHandler
                0x000000000000043c       0x16 ./user_c/isr.o
                0x000000000000043c                EXTI2_IRQHandler
 .text.EXTI3_IRQHandler
                0x0000000000000452       0x16 ./user_c/isr.o
                0x0000000000000452                EXTI3_IRQHandler
 .text.EXTI4_IRQHandler
                0x0000000000000468       0x16 ./user_c/isr.o
                0x0000000000000468                EXTI4_IRQHandler
 .text.EXTI9_5_IRQHandler
                0x000000000000047e       0xd8 ./user_c/isr.o
                0x000000000000047e                EXTI9_5_IRQHandler
 .text.EXTI15_10_IRQHandler
                0x0000000000000556       0x82 ./user_c/isr.o
                0x0000000000000556                EXTI15_10_IRQHandler
 .text.TIM1_UP_IRQHandler
                0x00000000000005d8       0x26 ./user_c/isr.o
                0x00000000000005d8                TIM1_UP_IRQHandler
 .text.TIM2_IRQHandler
                0x00000000000005fe       0x24 ./user_c/isr.o
                0x00000000000005fe                TIM2_IRQHandler
 .text.TIM3_IRQHandler
                0x0000000000000622       0x26 ./user_c/isr.o
                0x0000000000000622                TIM3_IRQHandler
 .text.TIM4_IRQHandler
                0x0000000000000648       0x26 ./user_c/isr.o
                0x0000000000000648                TIM4_IRQHandler
 .text.TIM5_IRQHandler
                0x000000000000066e       0x26 ./user_c/isr.o
                0x000000000000066e                TIM5_IRQHandler
 .text.TIM6_IRQHandler
                0x0000000000000694       0x1a ./user_c/isr.o
                0x0000000000000694                TIM6_IRQHandler
 .text.TIM7_IRQHandler
                0x00000000000006ae       0x26 ./user_c/isr.o
                0x00000000000006ae                TIM7_IRQHandler
 .text.TIM8_UP_IRQHandler
                0x00000000000006d4       0x26 ./user_c/isr.o
                0x00000000000006d4                TIM8_UP_IRQHandler
 .text.TIM9_UP_IRQHandler
                0x00000000000006fa       0x26 ./user_c/isr.o
                0x00000000000006fa                TIM9_UP_IRQHandler
 .text.TIM10_UP_IRQHandler
                0x0000000000000720       0x1a ./user_c/isr.o
                0x0000000000000720                TIM10_UP_IRQHandler
 .text.uart_send_distance_ascii
                0x000000000000073a       0x50 ./user_c/main.o
                0x000000000000073a                uart_send_distance_ascii
 .text.startup.main
                0x000000000000078a       0x1c ./user_c/main.o
                0x000000000000078a                main
 .text.motor_init
                0x00000000000007a6       0x62 ./hefei_peripheral/HF_Double_DC_Motor.o
                0x00000000000007a6                motor_init
 .text.ultra_get_distance
                0x0000000000000808      0x102 ./hefei_peripheral/HF_HC_SR04.o
                0x0000000000000808                ultra_get_distance
 .text.ws2812b_write
                0x000000000000090a       0xa8 ./hefei_peripheral/HF_WS2812b.o
                0x000000000000090a                ws2812b_write
 .text.ws2812b_init
                0x00000000000009b2       0x40 ./hefei_peripheral/HF_WS2812b.o
                0x00000000000009b2                ws2812b_init
 .text.board_init
                0x00000000000009f2       0x38 ./hefei_libraries/board/board.o
                0x00000000000009f2                board_init
 .text._write   0x0000000000000a2a       0x50 ./hefei_libraries/board/board.o
                0x0000000000000a2a                _write
 .text.Delay_Init
                0x0000000000000a7a        0x2 ./hefei_libraries/delay.o
                0x0000000000000a7a                Delay_Init
 .text.Delay_Us
                0x0000000000000a7c       0x38 ./hefei_libraries/delay.o
                0x0000000000000a7c                Delay_Us
 .text.Delay_Ms
                0x0000000000000ab4       0x36 ./hefei_libraries/delay.o
                0x0000000000000ab4                Delay_Ms
 .text.adc_gpio_init
                0x0000000000000aea       0xc6 ./hefei_libraries/hf_adc.o
                0x0000000000000aea                adc_gpio_init
 .text.adc_init
                0x0000000000000bb0       0x9a ./hefei_libraries/hf_adc.o
                0x0000000000000bb0                adc_init
 .text.gpio_init
                0x0000000000000c4a       0xdc ./hefei_libraries/hf_gpio.o
                0x0000000000000c4a                gpio_init
 .text.gpio_bit_output
                0x0000000000000d26       0x26 ./hefei_libraries/hf_gpio.o
                0x0000000000000d26                gpio_bit_output
 .text.gpio_get_input
                0x0000000000000d4c       0x22 ./hefei_libraries/hf_gpio.o
                0x0000000000000d4c                gpio_get_input
 .text.interrupt_global_enable
                0x0000000000000d6e        0x2 ./hefei_libraries/hf_nvic.o
                0x0000000000000d6e                interrupt_global_enable
 .text.interrupt_global_disable
                0x0000000000000d70        0x2 ./hefei_libraries/hf_nvic.o
                0x0000000000000d70                interrupt_global_disable
 .text.pwm_duty
                0x0000000000000d72       0x30 ./hefei_libraries/hf_pwm.o
                0x0000000000000d72                pwm_duty
 .text.pwm_gpio_init
                0x0000000000000da2      0x470 ./hefei_libraries/hf_pwm.o
                0x0000000000000da2                pwm_gpio_init
 .text.pwm_init
                0x0000000000001212      0x1c0 ./hefei_libraries/hf_pwm.o
                0x0000000000001212                pwm_init
 .text.timbase_init
                0x00000000000013d2       0xa4 ./hefei_libraries/hf_tim.o
                0x00000000000013d2                timbase_init
 .text.uart_putchar
                0x0000000000001476       0x20 ./hefei_libraries/hf_uart.o
                0x0000000000001476                uart_putchar
 .text.uart_gpio_init
                0x0000000000001496      0x23e ./hefei_libraries/hf_uart.o
                0x0000000000001496                uart_gpio_init
 .text.uart_init
                0x00000000000016d4      0x1c8 ./hefei_libraries/hf_uart.o
                0x00000000000016d4                uart_init
 .text.board_led_init
                0x000000000000189c       0x2c ./CODE/board_led.o
                0x000000000000189c                board_led_init
 .text.car_init
                0x00000000000018c8       0x68 ./CODE/car_init.o
                0x00000000000018c8                car_init
 .text.key_init
                0x0000000000001930       0x92 ./CODE/car_keys.o
                0x0000000000001930                key_init
 .text.reed_init
                0x00000000000019c2       0x10 ./CODE/car_reed.o
                0x00000000000019c2                reed_init
 .text.uart_send_char
                0x00000000000019d2        0x4 ./CODE/car_uart.o
                0x00000000000019d2                uart_send_char
 .text.int_to_ascii
                0x00000000000019d6       0x5e ./CODE/car_value_process.o
                0x00000000000019d6                int_to_ascii
 .text.vector_handler
                0x0000000000001a34       0xbe ./CH32V30x/CH32V30x_p/Startup/startup_ch32v30x.o
                0x0000000000001a38                Ecall_M_Mode_Handler
                0x0000000000001a3a                Ecall_U_Mode_Handler
                0x0000000000001a3c                Break_Point_Handler
                0x0000000000001a3e                SysTick_Handler
                0x0000000000001a40                SW_handler
                0x0000000000001a42                WWDG_IRQHandler
                0x0000000000001a44                PVD_IRQHandler
                0x0000000000001a46                TAMPER_IRQHandler
                0x0000000000001a48                RTC_IRQHandler
                0x0000000000001a4a                FLASH_IRQHandler
                0x0000000000001a4c                RCC_IRQHandler
                0x0000000000001a58                DMA1_Channel1_IRQHandler
                0x0000000000001a5a                DMA1_Channel2_IRQHandler
                0x0000000000001a5c                DMA1_Channel3_IRQHandler
                0x0000000000001a5e                DMA1_Channel4_IRQHandler
                0x0000000000001a60                DMA1_Channel5_IRQHandler
                0x0000000000001a62                DMA1_Channel6_IRQHandler
                0x0000000000001a64                DMA1_Channel7_IRQHandler
                0x0000000000001a66                ADC1_2_IRQHandler
                0x0000000000001a68                USB_HP_CAN1_TX_IRQHandler
                0x0000000000001a6a                USB_LP_CAN1_RX0_IRQHandler
                0x0000000000001a6c                CAN1_RX1_IRQHandler
                0x0000000000001a6e                CAN1_SCE_IRQHandler
                0x0000000000001a72                TIM1_BRK_IRQHandler
                0x0000000000001a76                TIM1_TRG_COM_IRQHandler
                0x0000000000001a78                TIM1_CC_IRQHandler
                0x0000000000001a80                I2C1_EV_IRQHandler
                0x0000000000001a82                I2C1_ER_IRQHandler
                0x0000000000001a84                I2C2_EV_IRQHandler
                0x0000000000001a86                I2C2_ER_IRQHandler
                0x0000000000001a88                SPI1_IRQHandler
                0x0000000000001a8a                SPI2_IRQHandler
                0x0000000000001a94                RTCAlarm_IRQHandler
                0x0000000000001a96                USBWakeUp_IRQHandler
                0x0000000000001a98                TIM8_BRK_IRQHandler
                0x0000000000001a9c                TIM8_TRG_COM_IRQHandler
                0x0000000000001a9e                TIM8_CC_IRQHandler
                0x0000000000001aa0                RNG_IRQHandler
                0x0000000000001aa2                FSMC_IRQHandler
                0x0000000000001aa4                SDIO_IRQHandler
                0x0000000000001aa8                SPI3_IRQHandler
                0x0000000000001ab2                DMA2_Channel1_IRQHandler
                0x0000000000001ab4                DMA2_Channel2_IRQHandler
                0x0000000000001ab6                DMA2_Channel3_IRQHandler
                0x0000000000001ab8                DMA2_Channel4_IRQHandler
                0x0000000000001aba                DMA2_Channel5_IRQHandler
                0x0000000000001abc                ETH_IRQHandler
                0x0000000000001abe                ETH_WKUP_IRQHandler
                0x0000000000001ac0                CAN2_TX_IRQHandler
                0x0000000000001ac2                CAN2_RX0_IRQHandler
                0x0000000000001ac4                CAN2_RX1_IRQHandler
                0x0000000000001ac6                CAN2_SCE_IRQHandler
                0x0000000000001aca                USBHSWakeup_IRQHandler
                0x0000000000001acc                USBHS_IRQHandler
                0x0000000000001ad6                TIM9_BRK_IRQHandler
                0x0000000000001ada                TIM9_TRG_COM_IRQHandler
                0x0000000000001adc                TIM9_CC_IRQHandler
                0x0000000000001ade                TIM10_BRK_IRQHandler
                0x0000000000001ae2                TIM10_TRG_COM_IRQHandler
                0x0000000000001ae4                TIM10_CC_IRQHandler
                0x0000000000001ae6                DMA2_Channel6_IRQHandler
                0x0000000000001ae8                DMA2_Channel7_IRQHandler
                0x0000000000001aea                DMA2_Channel8_IRQHandler
                0x0000000000001aec                DMA2_Channel9_IRQHandler
                0x0000000000001aee                DMA2_Channel10_IRQHandler
                0x0000000000001af0                DMA2_Channel11_IRQHandler
 .text.handle_reset
                0x0000000000001af2       0x8e ./CH32V30x/CH32V30x_p/Startup/startup_ch32v30x.o
                0x0000000000001af2                handle_reset
 .text.ADC_DeInit
                0x0000000000001b80       0x46 ./CH32V30x/CH32V30x_p/CH32V30x_Lib/ch32v30x_adc.o
                0x0000000000001b80                ADC_DeInit
 .text.ADC_Init
                0x0000000000001bc6       0x58 ./CH32V30x/CH32V30x_p/CH32V30x_Lib/ch32v30x_adc.o
                0x0000000000001bc6                ADC_Init
 .text.ADC_Cmd  0x0000000000001c1e       0x10 ./CH32V30x/CH32V30x_p/CH32V30x_Lib/ch32v30x_adc.o
                0x0000000000001c1e                ADC_Cmd
 .text.ADC_ResetCalibration
                0x0000000000001c2e        0xa ./CH32V30x/CH32V30x_p/CH32V30x_Lib/ch32v30x_adc.o
                0x0000000000001c2e                ADC_ResetCalibration
 .text.ADC_GetResetCalibrationStatus
                0x0000000000001c38        0x8 ./CH32V30x/CH32V30x_p/CH32V30x_Lib/ch32v30x_adc.o
                0x0000000000001c38                ADC_GetResetCalibrationStatus
 .text.ADC_StartCalibration
                0x0000000000001c40        0xa ./CH32V30x/CH32V30x_p/CH32V30x_Lib/ch32v30x_adc.o
                0x0000000000001c40                ADC_StartCalibration
 .text.ADC_GetCalibrationStatus
                0x0000000000001c4a        0x8 ./CH32V30x/CH32V30x_p/CH32V30x_Lib/ch32v30x_adc.o
                0x0000000000001c4a                ADC_GetCalibrationStatus
 .text.EXTI_GetITStatus
                0x0000000000001c52       0x1e ./CH32V30x/CH32V30x_p/CH32V30x_Lib/ch32v30x_exti.o
                0x0000000000001c52                EXTI_GetITStatus
 .text.EXTI_ClearITPendingBit
                0x0000000000001c70        0xa ./CH32V30x/CH32V30x_p/CH32V30x_Lib/ch32v30x_exti.o
                0x0000000000001c70                EXTI_ClearITPendingBit
 .text.GPIO_Init
                0x0000000000001c7a       0xc2 ./CH32V30x/CH32V30x_p/CH32V30x_Lib/ch32v30x_gpio.o
                0x0000000000001c7a                GPIO_Init
 .text.GPIO_WriteBit
                0x0000000000001d3c        0xa ./CH32V30x/CH32V30x_p/CH32V30x_Lib/ch32v30x_gpio.o
                0x0000000000001d3c                GPIO_WriteBit
 .text.GPIO_PinRemapConfig
                0x0000000000001d46       0x86 ./CH32V30x/CH32V30x_p/CH32V30x_Lib/ch32v30x_gpio.o
                0x0000000000001d46                GPIO_PinRemapConfig
 .text.RCC_ADCCLKConfig
                0x0000000000001dcc       0x12 ./CH32V30x/CH32V30x_p/CH32V30x_Lib/ch32v30x_rcc.o
                0x0000000000001dcc                RCC_ADCCLKConfig
 .text.RCC_GetClocksFreq
                0x0000000000001dde      0x112 ./CH32V30x/CH32V30x_p/CH32V30x_Lib/ch32v30x_rcc.o
                0x0000000000001dde                RCC_GetClocksFreq
 .text.RCC_APB2PeriphClockCmd
                0x0000000000001ef0       0x1e ./CH32V30x/CH32V30x_p/CH32V30x_Lib/ch32v30x_rcc.o
                0x0000000000001ef0                RCC_APB2PeriphClockCmd
 .text.RCC_APB1PeriphClockCmd
                0x0000000000001f0e       0x1e ./CH32V30x/CH32V30x_p/CH32V30x_Lib/ch32v30x_rcc.o
                0x0000000000001f0e                RCC_APB1PeriphClockCmd
 .text.RCC_APB2PeriphResetCmd
                0x0000000000001f2c       0x1e ./CH32V30x/CH32V30x_p/CH32V30x_Lib/ch32v30x_rcc.o
                0x0000000000001f2c                RCC_APB2PeriphResetCmd
 .text.TIM_TimeBaseInit
                0x0000000000001f4a       0xc0 ./CH32V30x/CH32V30x_p/CH32V30x_Lib/ch32v30x_tim.o
                0x0000000000001f4a                TIM_TimeBaseInit
 .text.TIM_OC1Init
                0x000000000000200a       0xa0 ./CH32V30x/CH32V30x_p/CH32V30x_Lib/ch32v30x_tim.o
                0x000000000000200a                TIM_OC1Init
 .text.TIM_OC2Init
                0x00000000000020aa       0xcc ./CH32V30x/CH32V30x_p/CH32V30x_Lib/ch32v30x_tim.o
                0x00000000000020aa                TIM_OC2Init
 .text.TIM_OC3Init
                0x0000000000002176       0xca ./CH32V30x/CH32V30x_p/CH32V30x_Lib/ch32v30x_tim.o
                0x0000000000002176                TIM_OC3Init
 .text.TIM_OC4Init
                0x0000000000002240       0x9e ./CH32V30x/CH32V30x_p/CH32V30x_Lib/ch32v30x_tim.o
                0x0000000000002240                TIM_OC4Init
 .text.TIM_Cmd  0x00000000000022de       0x1c ./CH32V30x/CH32V30x_p/CH32V30x_Lib/ch32v30x_tim.o
                0x00000000000022de                TIM_Cmd
 .text.TIM_CtrlPWMOutputs
                0x00000000000022fa       0x16 ./CH32V30x/CH32V30x_p/CH32V30x_Lib/ch32v30x_tim.o
                0x00000000000022fa                TIM_CtrlPWMOutputs
 .text.TIM_OC1PreloadConfig
                0x0000000000002310       0x12 ./CH32V30x/CH32V30x_p/CH32V30x_Lib/ch32v30x_tim.o
                0x0000000000002310                TIM_OC1PreloadConfig
 .text.TIM_OC2PreloadConfig
                0x0000000000002322       0x1a ./CH32V30x/CH32V30x_p/CH32V30x_Lib/ch32v30x_tim.o
                0x0000000000002322                TIM_OC2PreloadConfig
 .text.TIM_OC3PreloadConfig
                0x000000000000233c       0x12 ./CH32V30x/CH32V30x_p/CH32V30x_Lib/ch32v30x_tim.o
                0x000000000000233c                TIM_OC3PreloadConfig
 .text.TIM_OC4PreloadConfig
                0x000000000000234e       0x1a ./CH32V30x/CH32V30x_p/CH32V30x_Lib/ch32v30x_tim.o
                0x000000000000234e                TIM_OC4PreloadConfig
 .text.TIM_OC4PolarityConfig
                0x0000000000002368       0x18 ./CH32V30x/CH32V30x_p/CH32V30x_Lib/ch32v30x_tim.o
                0x0000000000002368                TIM_OC4PolarityConfig
 .text.TIM_SetCounter
                0x0000000000002380        0x6 ./CH32V30x/CH32V30x_p/CH32V30x_Lib/ch32v30x_tim.o
                0x0000000000002380                TIM_SetCounter
 .text.TIM_GetCounter
                0x0000000000002386        0x6 ./CH32V30x/CH32V30x_p/CH32V30x_Lib/ch32v30x_tim.o
                0x0000000000002386                TIM_GetCounter
 .text.TIM_GetFlagStatus
                0x000000000000238c        0xc ./CH32V30x/CH32V30x_p/CH32V30x_Lib/ch32v30x_tim.o
                0x000000000000238c                TIM_GetFlagStatus
 .text.TIM_ClearFlag
                0x0000000000002398        0xe ./CH32V30x/CH32V30x_p/CH32V30x_Lib/ch32v30x_tim.o
                0x0000000000002398                TIM_ClearFlag
 .text.TIM_GetITStatus
                0x00000000000023a6       0x1c ./CH32V30x/CH32V30x_p/CH32V30x_Lib/ch32v30x_tim.o
                0x00000000000023a6                TIM_GetITStatus
 .text.TIM_ClearITPendingBit
                0x00000000000023c2        0xe ./CH32V30x/CH32V30x_p/CH32V30x_Lib/ch32v30x_tim.o
                0x00000000000023c2                TIM_ClearITPendingBit
 .text.USART_Init
                0x00000000000023d0       0xda ./CH32V30x/CH32V30x_p/CH32V30x_Lib/ch32v30x_usart.o
                0x00000000000023d0                USART_Init
 .text.USART_Cmd
                0x00000000000024aa       0x1c ./CH32V30x/CH32V30x_p/CH32V30x_Lib/ch32v30x_usart.o
                0x00000000000024aa                USART_Cmd
 .text.USART_SendData
                0x00000000000024c6        0xa ./CH32V30x/CH32V30x_p/CH32V30x_Lib/ch32v30x_usart.o
                0x00000000000024c6                USART_SendData
 .text.USART_GetFlagStatus
                0x00000000000024d0        0xc ./CH32V30x/CH32V30x_p/CH32V30x_Lib/ch32v30x_usart.o
                0x00000000000024d0                USART_GetFlagStatus
 .text.USART_GetITStatus
                0x00000000000024dc       0x44 ./CH32V30x/CH32V30x_p/CH32V30x_Lib/ch32v30x_usart.o
                0x00000000000024dc                USART_GetITStatus
 .text.USART_ClearITPendingBit
                0x0000000000002520       0x16 ./CH32V30x/CH32V30x_p/CH32V30x_Lib/ch32v30x_usart.o
                0x0000000000002520                USART_ClearITPendingBit
 .text.DevEP1_IN_Deal
                0x0000000000002536       0x16 ./CH32V30x/CH32V30x_p/CH32V30x_Lib/ch32v30x_usbotg_device.o
                0x0000000000002536                DevEP1_IN_Deal
 .text.DevEP2_IN_Deal
                0x000000000000254c       0x16 ./CH32V30x/CH32V30x_p/CH32V30x_Lib/ch32v30x_usbotg_device.o
                0x000000000000254c                DevEP2_IN_Deal
 .text.DevEP1_OUT_Deal
                0x0000000000002562       0x22 ./CH32V30x/CH32V30x_p/CH32V30x_Lib/ch32v30x_usbotg_device.o
                0x0000000000002562                DevEP1_OUT_Deal
 .text.DevEP2_OUT_Deal
                0x0000000000002584       0x22 ./CH32V30x/CH32V30x_p/CH32V30x_Lib/ch32v30x_usbotg_device.o
                0x0000000000002584                DevEP2_OUT_Deal
 .text.OTG_FS_IRQHandler
                0x00000000000025a6      0x6cc ./CH32V30x/CH32V30x_p/CH32V30x_Lib/ch32v30x_usbotg_device.o
                0x00000000000025a6                OTG_FS_IRQHandler
 .text.SystemInit
                0x0000000000002c72      0x122 ./CH32V30x/CH32V30x_p/CH32V30x_Lib/system_ch32v30x.o
                0x0000000000002c72                SystemInit
 .text.__muldf3
                0x0000000000002d94      0x4b8 c:/mounriver/mounriver_studio/toolchain/risc-v embedded gcc/bin/../lib/gcc/riscv-none-embed/8.2.0/rv32imac/ilp32\libgcc.a(muldf3.o)
                0x0000000000002d94                __muldf3
 .text.__fixunsdfsi
                0x000000000000324c       0x5c c:/mounriver/mounriver_studio/toolchain/risc-v embedded gcc/bin/../lib/gcc/riscv-none-embed/8.2.0/rv32imac/ilp32\libgcc.a(fixunsdfsi.o)
                0x000000000000324c                __fixunsdfsi
 .text.__addsf3
                0x00000000000032a8      0x36a c:/mounriver/mounriver_studio/toolchain/risc-v embedded gcc/bin/../lib/gcc/riscv-none-embed/8.2.0/rv32imac/ilp32\libgcc.a(addsf3.o)
                0x00000000000032a8                __addsf3
 .text.__divsf3
                0x0000000000003612      0x2ae c:/mounriver/mounriver_studio/toolchain/risc-v embedded gcc/bin/../lib/gcc/riscv-none-embed/8.2.0/rv32imac/ilp32\libgcc.a(divsf3.o)
                0x0000000000003612                __divsf3
 .text.__mulsf3
                0x00000000000038c0      0x290 c:/mounriver/mounriver_studio/toolchain/risc-v embedded gcc/bin/../lib/gcc/riscv-none-embed/8.2.0/rv32imac/ilp32\libgcc.a(mulsf3.o)
                0x00000000000038c0                __mulsf3
 .text.__floatunsisf
                0x0000000000003b50       0xce c:/mounriver/mounriver_studio/toolchain/risc-v embedded gcc/bin/../lib/gcc/riscv-none-embed/8.2.0/rv32imac/ilp32\libgcc.a(floatunsisf.o)
                0x0000000000003b50                __floatunsisf
 .text.__extendsfdf2
                0x0000000000003c1e       0xac c:/mounriver/mounriver_studio/toolchain/risc-v embedded gcc/bin/../lib/gcc/riscv-none-embed/8.2.0/rv32imac/ilp32\libgcc.a(extendsfdf2.o)
                0x0000000000003c1e                __extendsfdf2
 .text.__clzsi2
                0x0000000000003cca       0x76 c:/mounriver/mounriver_studio/toolchain/risc-v embedded gcc/bin/../lib/gcc/riscv-none-embed/8.2.0/rv32imac/ilp32\libgcc.a(_clzsi2.o)
                0x0000000000003cca                __clzsi2
 .text.memcpy   0x0000000000003d40       0xb6 c:/mounriver/mounriver_studio/toolchain/risc-v embedded gcc/bin/../lib/gcc/riscv-none-embed/8.2.0/../../../../riscv-none-embed/lib/rv32imac/ilp32\libg_nano.a(lib_a-memcpy.o)
                0x0000000000003d40                memcpy
 .text.__sfputc_r
                0x0000000000003df6       0x28 c:/mounriver/mounriver_studio/toolchain/risc-v embedded gcc/bin/../lib/gcc/riscv-none-embed/8.2.0/../../../../riscv-none-embed/lib/rv32imac/ilp32\libg_nano.a(lib_a-nano-vfprintf.o)
 .text.__sfputs_r
                0x0000000000003e1e       0x42 c:/mounriver/mounriver_studio/toolchain/risc-v embedded gcc/bin/../lib/gcc/riscv-none-embed/8.2.0/../../../../riscv-none-embed/lib/rv32imac/ilp32\libg_nano.a(lib_a-nano-vfprintf.o)
                0x0000000000003e1e                __sfputs_r
 .text._vfprintf_r
                0x0000000000003e60      0x29e c:/mounriver/mounriver_studio/toolchain/risc-v embedded gcc/bin/../lib/gcc/riscv-none-embed/8.2.0/../../../../riscv-none-embed/lib/rv32imac/ilp32\libg_nano.a(lib_a-nano-vfprintf.o)
                0x0000000000003e60                _vfprintf_r
                0x0000000000003e60                _vfiprintf_r
 .text._printf_common
                0x00000000000040fe      0x10c c:/mounriver/mounriver_studio/toolchain/risc-v embedded gcc/bin/../lib/gcc/riscv-none-embed/8.2.0/../../../../riscv-none-embed/lib/rv32imac/ilp32\libg_nano.a(lib_a-nano-vfprintf_i.o)
                0x00000000000040fe                _printf_common
 .text._printf_i
                0x000000000000420a      0x2a2 c:/mounriver/mounriver_studio/toolchain/risc-v embedded gcc/bin/../lib/gcc/riscv-none-embed/8.2.0/../../../../riscv-none-embed/lib/rv32imac/ilp32\libg_nano.a(lib_a-nano-vfprintf_i.o)
                0x000000000000420a                _printf_i
 .text.printf   0x00000000000044ac       0x40 c:/mounriver/mounriver_studio/toolchain/risc-v embedded gcc/bin/../lib/gcc/riscv-none-embed/8.2.0/../../../../riscv-none-embed/lib/rv32imac/ilp32\libg_nano.a(lib_a-printf.o)
                0x00000000000044ac                iprintf
                0x00000000000044ac                printf
 .text.__swbuf_r
                0x00000000000044ec       0xc0 c:/mounriver/mounriver_studio/toolchain/risc-v embedded gcc/bin/../lib/gcc/riscv-none-embed/8.2.0/../../../../riscv-none-embed/lib/rv32imac/ilp32\libg_nano.a(lib_a-wbuf.o)
                0x00000000000044ec                __swbuf_r
 .text.__swsetup_r
                0x00000000000045ac      0x10c c:/mounriver/mounriver_studio/toolchain/risc-v embedded gcc/bin/../lib/gcc/riscv-none-embed/8.2.0/../../../../riscv-none-embed/lib/rv32imac/ilp32\libg_nano.a(lib_a-wsetup.o)
                0x00000000000045ac                __swsetup_r
 .text.__sflush_r
                0x00000000000046b8      0x13c c:/mounriver/mounriver_studio/toolchain/risc-v embedded gcc/bin/../lib/gcc/riscv-none-embed/8.2.0/../../../../riscv-none-embed/lib/rv32imac/ilp32\libg_nano.a(lib_a-fflush.o)
                0x00000000000046b8                __sflush_r
 .text._fflush_r
                0x00000000000047f4       0x64 c:/mounriver/mounriver_studio/toolchain/risc-v embedded gcc/bin/../lib/gcc/riscv-none-embed/8.2.0/../../../../riscv-none-embed/lib/rv32imac/ilp32\libg_nano.a(lib_a-fflush.o)
                0x00000000000047f4                _fflush_r
 .text.std      0x0000000000004858       0x6a c:/mounriver/mounriver_studio/toolchain/risc-v embedded gcc/bin/../lib/gcc/riscv-none-embed/8.2.0/../../../../riscv-none-embed/lib/rv32imac/ilp32\libg_nano.a(lib_a-findfp.o)
 .text._cleanup_r
                0x00000000000048c2        0xa c:/mounriver/mounriver_studio/toolchain/risc-v embedded gcc/bin/../lib/gcc/riscv-none-embed/8.2.0/../../../../riscv-none-embed/lib/rv32imac/ilp32\libg_nano.a(lib_a-findfp.o)
                0x00000000000048c2                _cleanup_r
 .text.__sfmoreglue
                0x00000000000048cc       0x46 c:/mounriver/mounriver_studio/toolchain/risc-v embedded gcc/bin/../lib/gcc/riscv-none-embed/8.2.0/../../../../riscv-none-embed/lib/rv32imac/ilp32\libg_nano.a(lib_a-findfp.o)
                0x00000000000048cc                __sfmoreglue
 .text.__sinit  0x0000000000004912       0x66 c:/mounriver/mounriver_studio/toolchain/risc-v embedded gcc/bin/../lib/gcc/riscv-none-embed/8.2.0/../../../../riscv-none-embed/lib/rv32imac/ilp32\libg_nano.a(lib_a-findfp.o)
                0x0000000000004912                __sinit
 .text.__sfp    0x0000000000004978       0x9c c:/mounriver/mounriver_studio/toolchain/risc-v embedded gcc/bin/../lib/gcc/riscv-none-embed/8.2.0/../../../../riscv-none-embed/lib/rv32imac/ilp32\libg_nano.a(lib_a-findfp.o)
                0x0000000000004978                __sfp
 .text._fwalk_reent
                0x0000000000004a14       0x6c c:/mounriver/mounriver_studio/toolchain/risc-v embedded gcc/bin/../lib/gcc/riscv-none-embed/8.2.0/../../../../riscv-none-embed/lib/rv32imac/ilp32\libg_nano.a(lib_a-fwalk.o)
                0x0000000000004a14                _fwalk_reent
 .text.__swhatbuf_r
                0x0000000000004a80       0x58 c:/mounriver/mounriver_studio/toolchain/risc-v embedded gcc/bin/../lib/gcc/riscv-none-embed/8.2.0/../../../../riscv-none-embed/lib/rv32imac/ilp32\libg_nano.a(lib_a-makebuf.o)
                0x0000000000004a80                __swhatbuf_r
 .text.__smakebuf_r
                0x0000000000004ad8       0x9c c:/mounriver/mounriver_studio/toolchain/risc-v embedded gcc/bin/../lib/gcc/riscv-none-embed/8.2.0/../../../../riscv-none-embed/lib/rv32imac/ilp32\libg_nano.a(lib_a-makebuf.o)
                0x0000000000004ad8                __smakebuf_r
 .text.memchr   0x0000000000004b74       0x1a c:/mounriver/mounriver_studio/toolchain/risc-v embedded gcc/bin/../lib/gcc/riscv-none-embed/8.2.0/../../../../riscv-none-embed/lib/rv32imac/ilp32\libg_nano.a(lib_a-memchr.o)
                0x0000000000004b74                memchr
 .text._free_r  0x0000000000004b8e       0xa4 c:/mounriver/mounriver_studio/toolchain/risc-v embedded gcc/bin/../lib/gcc/riscv-none-embed/8.2.0/../../../../riscv-none-embed/lib/rv32imac/ilp32\libg_nano.a(lib_a-nano-freer.o)
                0x0000000000004b8e                _free_r
 .text._malloc_r
                0x0000000000004c32       0xce c:/mounriver/mounriver_studio/toolchain/risc-v embedded gcc/bin/../lib/gcc/riscv-none-embed/8.2.0/../../../../riscv-none-embed/lib/rv32imac/ilp32\libg_nano.a(lib_a-nano-mallocr.o)
                0x0000000000004c32                _malloc_r
 .text._sbrk_r  0x0000000000004d00       0x28 c:/mounriver/mounriver_studio/toolchain/risc-v embedded gcc/bin/../lib/gcc/riscv-none-embed/8.2.0/../../../../riscv-none-embed/lib/rv32imac/ilp32\libg_nano.a(lib_a-sbrkr.o)
                0x0000000000004d00                _sbrk_r
 .text.__sread  0x0000000000004d28       0x30 c:/mounriver/mounriver_studio/toolchain/risc-v embedded gcc/bin/../lib/gcc/riscv-none-embed/8.2.0/../../../../riscv-none-embed/lib/rv32imac/ilp32\libg_nano.a(lib_a-stdio.o)
                0x0000000000004d28                __sread
 .text.__swrite
                0x0000000000004d58       0x4e c:/mounriver/mounriver_studio/toolchain/risc-v embedded gcc/bin/../lib/gcc/riscv-none-embed/8.2.0/../../../../riscv-none-embed/lib/rv32imac/ilp32\libg_nano.a(lib_a-stdio.o)
                0x0000000000004d58                __swrite
 .text.__sseek  0x0000000000004da6       0x36 c:/mounriver/mounriver_studio/toolchain/risc-v embedded gcc/bin/../lib/gcc/riscv-none-embed/8.2.0/../../../../riscv-none-embed/lib/rv32imac/ilp32\libg_nano.a(lib_a-stdio.o)
                0x0000000000004da6                __sseek
 .text.__sclose
                0x0000000000004ddc        0x6 c:/mounriver/mounriver_studio/toolchain/risc-v embedded gcc/bin/../lib/gcc/riscv-none-embed/8.2.0/../../../../riscv-none-embed/lib/rv32imac/ilp32\libg_nano.a(lib_a-stdio.o)
                0x0000000000004ddc                __sclose
 .text._write_r
                0x0000000000004de2       0x2e c:/mounriver/mounriver_studio/toolchain/risc-v embedded gcc/bin/../lib/gcc/riscv-none-embed/8.2.0/../../../../riscv-none-embed/lib/rv32imac/ilp32\libg_nano.a(lib_a-writer.o)
                0x0000000000004de2                _write_r
 .text._close_r
                0x0000000000004e10       0x28 c:/mounriver/mounriver_studio/toolchain/risc-v embedded gcc/bin/../lib/gcc/riscv-none-embed/8.2.0/../../../../riscv-none-embed/lib/rv32imac/ilp32\libg_nano.a(lib_a-closer.o)
                0x0000000000004e10                _close_r
 .text._fstat_r
                0x0000000000004e38       0x2a c:/mounriver/mounriver_studio/toolchain/risc-v embedded gcc/bin/../lib/gcc/riscv-none-embed/8.2.0/../../../../riscv-none-embed/lib/rv32imac/ilp32\libg_nano.a(lib_a-fstatr.o)
                0x0000000000004e38                _fstat_r
 .text._isatty_r
                0x0000000000004e62       0x28 c:/mounriver/mounriver_studio/toolchain/risc-v embedded gcc/bin/../lib/gcc/riscv-none-embed/8.2.0/../../../../riscv-none-embed/lib/rv32imac/ilp32\libg_nano.a(lib_a-isattyr.o)
                0x0000000000004e62                _isatty_r
 .text._lseek_r
                0x0000000000004e8a       0x2c c:/mounriver/mounriver_studio/toolchain/risc-v embedded gcc/bin/../lib/gcc/riscv-none-embed/8.2.0/../../../../riscv-none-embed/lib/rv32imac/ilp32\libg_nano.a(lib_a-lseekr.o)
                0x0000000000004e8a                _lseek_r
 .text.__malloc_lock
                0x0000000000004eb6        0x2 c:/mounriver/mounriver_studio/toolchain/risc-v embedded gcc/bin/../lib/gcc/riscv-none-embed/8.2.0/../../../../riscv-none-embed/lib/rv32imac/ilp32\libg_nano.a(lib_a-mlock.o)
                0x0000000000004eb6                __malloc_lock
 .text.__malloc_unlock
                0x0000000000004eb8        0x2 c:/mounriver/mounriver_studio/toolchain/risc-v embedded gcc/bin/../lib/gcc/riscv-none-embed/8.2.0/../../../../riscv-none-embed/lib/rv32imac/ilp32\libg_nano.a(lib_a-mlock.o)
                0x0000000000004eb8                __malloc_unlock
 .text._read_r  0x0000000000004eba       0x2c c:/mounriver/mounriver_studio/toolchain/risc-v embedded gcc/bin/../lib/gcc/riscv-none-embed/8.2.0/../../../../riscv-none-embed/lib/rv32imac/ilp32\libg_nano.a(lib_a-readr.o)
                0x0000000000004eba                _read_r
 .text._close   0x0000000000004ee6        0xc c:/mounriver/mounriver_studio/toolchain/risc-v embedded gcc/bin/../lib/gcc/riscv-none-embed/8.2.0/../../../../riscv-none-embed/lib/rv32imac/ilp32\libnosys.a(close.o)
                0x0000000000004ee6                _close
 .text._fstat   0x0000000000004ef2        0xc c:/mounriver/mounriver_studio/toolchain/risc-v embedded gcc/bin/../lib/gcc/riscv-none-embed/8.2.0/../../../../riscv-none-embed/lib/rv32imac/ilp32\libnosys.a(fstat.o)
                0x0000000000004ef2                _fstat
 .text._isatty  0x0000000000004efe        0xc c:/mounriver/mounriver_studio/toolchain/risc-v embedded gcc/bin/../lib/gcc/riscv-none-embed/8.2.0/../../../../riscv-none-embed/lib/rv32imac/ilp32\libnosys.a(isatty.o)
                0x0000000000004efe                _isatty
 .text._lseek   0x0000000000004f0a        0xc c:/mounriver/mounriver_studio/toolchain/risc-v embedded gcc/bin/../lib/gcc/riscv-none-embed/8.2.0/../../../../riscv-none-embed/lib/rv32imac/ilp32\libnosys.a(lseek.o)
                0x0000000000004f0a                _lseek
 .text._read    0x0000000000004f16        0xc c:/mounriver/mounriver_studio/toolchain/risc-v embedded gcc/bin/../lib/gcc/riscv-none-embed/8.2.0/../../../../riscv-none-embed/lib/rv32imac/ilp32\libnosys.a(read.o)
                0x0000000000004f16                _read
 .text._sbrk    0x0000000000004f22       0x20 c:/mounriver/mounriver_studio/toolchain/risc-v embedded gcc/bin/../lib/gcc/riscv-none-embed/8.2.0/../../../../riscv-none-embed/lib/rv32imac/ilp32\libnosys.a(sbrk.o)
                0x0000000000004f22                _sbrk
 *(.rodata)
 *(.rodata*)
 *fill*         0x0000000000004f42        0x2 
 .rodata.ultra_get_distance.cst4
                0x0000000000004f44        0xc ./hefei_peripheral/HF_HC_SR04.o
 .rodata.ultra_get_distance.cst8
                0x0000000000004f50       0x18 ./hefei_peripheral/HF_HC_SR04.o
 .rodata.GPION  0x0000000000004f68       0x14 ./hefei_libraries/hf_gpio.o
                0x0000000000004f68                GPION
 .rodata.TIMERN
                0x0000000000004f7c       0x20 ./hefei_libraries/hf_tim.o
                0x0000000000004f7c                TIMERN
 .rodata.UARTN  0x0000000000004f9c       0x20 ./hefei_libraries/hf_uart.o
                0x0000000000004f9c                UARTN
 .rodata.OTG_FS_IRQHandler
                0x0000000000004fbc       0x30 ./CH32V30x/CH32V30x_p/CH32V30x_Lib/ch32v30x_usbotg_device.o
 .rodata.MyCfgDescrHD
                0x0000000000004fec       0x43 ./CH32V30x/CH32V30x_p/CH32V30x_Lib/ch32v30x_usbotg_device.o
                0x0000000000004fec                MyCfgDescrHD
 *fill*         0x000000000000502f        0x1 
 .rodata.MyDevDescrHD
                0x0000000000005030       0x12 ./CH32V30x/CH32V30x_p/CH32V30x_Lib/ch32v30x_usbotg_device.o
                0x0000000000005030                MyDevDescrHD
 *fill*         0x0000000000005042        0x2 
 .rodata.MyManuInfoHD
                0x0000000000005044        0xe ./CH32V30x/CH32V30x_p/CH32V30x_Lib/ch32v30x_usbotg_device.o
                0x0000000000005044                MyManuInfoHD
 *fill*         0x0000000000005052        0x2 
 .rodata.MyProdInfoHD
                0x0000000000005054        0xc ./CH32V30x/CH32V30x_p/CH32V30x_Lib/ch32v30x_usbotg_device.o
                0x0000000000005054                MyProdInfoHD
 .rodata.MyReportDescHD
                0x0000000000005060       0x14 ./CH32V30x/CH32V30x_p/CH32V30x_Lib/ch32v30x_usbotg_device.o
                0x0000000000005060                MyReportDescHD
 .rodata.MySerNumInfoHD
                0x0000000000005074       0x16 ./CH32V30x/CH32V30x_p/CH32V30x_Lib/ch32v30x_usbotg_device.o
                0x0000000000005074                MySerNumInfoHD
 *fill*         0x000000000000508a        0x2 
 .rodata.MyUSBQUADescHD
                0x000000000000508c        0xa ./CH32V30x/CH32V30x_p/CH32V30x_Lib/ch32v30x_usbotg_device.o
                0x000000000000508c                MyUSBQUADescHD
 *fill*         0x0000000000005096        0x2 
 .rodata.OTG_FS_IRQHandler.str1.4
                0x0000000000005098       0x41 ./CH32V30x/CH32V30x_p/CH32V30x_Lib/ch32v30x_usbotg_device.o
 *fill*         0x00000000000050d9        0x3 
 .rodata.__muldf3
                0x00000000000050dc       0x40 c:/mounriver/mounriver_studio/toolchain/risc-v embedded gcc/bin/../lib/gcc/riscv-none-embed/8.2.0/rv32imac/ilp32\libgcc.a(muldf3.o)
 .rodata.__divsf3
                0x000000000000511c       0x80 c:/mounriver/mounriver_studio/toolchain/risc-v embedded gcc/bin/../lib/gcc/riscv-none-embed/8.2.0/rv32imac/ilp32\libgcc.a(divsf3.o)
 .rodata.__mulsf3
                0x000000000000519c       0x40 c:/mounriver/mounriver_studio/toolchain/risc-v embedded gcc/bin/../lib/gcc/riscv-none-embed/8.2.0/rv32imac/ilp32\libgcc.a(mulsf3.o)
 .rodata.__clz_tab
                0x00000000000051dc      0x100 c:/mounriver/mounriver_studio/toolchain/risc-v embedded gcc/bin/../lib/gcc/riscv-none-embed/8.2.0/rv32imac/ilp32\libgcc.a(_clz.o)
                0x00000000000051dc                __clz_tab
 .rodata._vfprintf_r.str1.4
                0x00000000000052dc       0x13 c:/mounriver/mounriver_studio/toolchain/risc-v embedded gcc/bin/../lib/gcc/riscv-none-embed/8.2.0/../../../../riscv-none-embed/lib/rv32imac/ilp32\libg_nano.a(lib_a-nano-vfprintf.o)
 *fill*         0x00000000000052ef        0x1 
 .rodata._printf_i.str1.4
                0x00000000000052f0       0x28 c:/mounriver/mounriver_studio/toolchain/risc-v embedded gcc/bin/../lib/gcc/riscv-none-embed/8.2.0/../../../../riscv-none-embed/lib/rv32imac/ilp32\libg_nano.a(lib_a-nano-vfprintf_i.o)
                                         0x25 (size before relaxing)
 .rodata.__sf_fake_stderr
                0x0000000000005318       0x20 c:/mounriver/mounriver_studio/toolchain/risc-v embedded gcc/bin/../lib/gcc/riscv-none-embed/8.2.0/../../../../riscv-none-embed/lib/rv32imac/ilp32\libg_nano.a(lib_a-findfp.o)
                0x0000000000005318                __sf_fake_stderr
 .rodata.__sf_fake_stdin
                0x0000000000005338       0x20 c:/mounriver/mounriver_studio/toolchain/risc-v embedded gcc/bin/../lib/gcc/riscv-none-embed/8.2.0/../../../../riscv-none-embed/lib/rv32imac/ilp32\libg_nano.a(lib_a-findfp.o)
                0x0000000000005338                __sf_fake_stdin
 .rodata.__sf_fake_stdout
                0x0000000000005358       0x20 c:/mounriver/mounriver_studio/toolchain/risc-v embedded gcc/bin/../lib/gcc/riscv-none-embed/8.2.0/../../../../riscv-none-embed/lib/rv32imac/ilp32\libg_nano.a(lib_a-findfp.o)
                0x0000000000005358                __sf_fake_stdout
 *(.glue_7)
 *(.glue_7t)
 *(.gnu.linkonce.t.*)
                0x0000000000005378                . = ALIGN (0x4)

.rela.dyn       0x0000000000005378        0x0
 .rela.text.EXTI9_5_IRQHandler
                0x0000000000005378        0x0 ./user_c/isr.o
 .rela.text.TIM2_IRQHandler
                0x0000000000005378        0x0 ./user_c/isr.o
 .rela.text.ultra_get_distance
                0x0000000000005378        0x0 ./user_c/isr.o
 .rela.init     0x0000000000005378        0x0 ./user_c/isr.o
 .rela.vector   0x0000000000005378        0x0 ./user_c/isr.o
 .rela.text.handle_reset
                0x0000000000005378        0x0 ./user_c/isr.o
 .rela.text.DevEP1_OUT_Deal
                0x0000000000005378        0x0 ./user_c/isr.o
 .rela.text.DevEP2_OUT_Deal
                0x0000000000005378        0x0 ./user_c/isr.o
 .rela.text.OTG_FS_IRQHandler
                0x0000000000005378        0x0 ./user_c/isr.o
 .rela.text._vfprintf_r
                0x0000000000005378        0x0 ./user_c/isr.o
 .rela.text._sbrk_r
                0x0000000000005378        0x0 ./user_c/isr.o
 .rela.text._write_r
                0x0000000000005378        0x0 ./user_c/isr.o
 .rela.text._close_r
                0x0000000000005378        0x0 ./user_c/isr.o
 .rela.text._fstat_r
                0x0000000000005378        0x0 ./user_c/isr.o
 .rela.text._isatty_r
                0x0000000000005378        0x0 ./user_c/isr.o
 .rela.text._lseek_r
                0x0000000000005378        0x0 ./user_c/isr.o
 .rela.text._read_r
                0x0000000000005378        0x0 ./user_c/isr.o
 .rela.text._close
                0x0000000000005378        0x0 ./user_c/isr.o
 .rela.text._fstat
                0x0000000000005378        0x0 ./user_c/isr.o
 .rela.text._isatty
                0x0000000000005378        0x0 ./user_c/isr.o
 .rela.text._lseek
                0x0000000000005378        0x0 ./user_c/isr.o
 .rela.text._read
                0x0000000000005378        0x0 ./user_c/isr.o
 .rela.text._sbrk
                0x0000000000005378        0x0 ./user_c/isr.o

.fini           0x0000000000005378        0x0
 *(SORT_NONE(.fini))
                0x0000000000005378                . = ALIGN (0x4)
                [!provide]                        PROVIDE (_etext = .)
                [!provide]                        PROVIDE (_eitcm = .)

.preinit_array  0x0000000000005378        0x0
                [!provide]                        PROVIDE (__preinit_array_start = .)
 *(.preinit_array)
                [!provide]                        PROVIDE (__preinit_array_end = .)

.init_array     0x0000000000005378        0x0
                [!provide]                        PROVIDE (__init_array_start = .)
 *(SORT_BY_INIT_PRIORITY(.init_array.*) SORT_BY_INIT_PRIORITY(.ctors.*))
 *(.init_array EXCLUDE_FILE(*crtend?.o *crtend.o *crtbegin?.o *crtbegin.o) .ctors)
                [!provide]                        PROVIDE (__init_array_end = .)

.fini_array     0x0000000000005378        0x0
                [!provide]                        PROVIDE (__fini_array_start = .)
 *(SORT_BY_INIT_PRIORITY(.fini_array.*) SORT_BY_INIT_PRIORITY(.dtors.*))
 *(.fini_array EXCLUDE_FILE(*crtend?.o *crtend.o *crtbegin?.o *crtbegin.o) .dtors)
                [!provide]                        PROVIDE (__fini_array_end = .)

.ctors
 *crtbegin.o(.ctors)
 *crtbegin?.o(.ctors)
 *(EXCLUDE_FILE(*crtend?.o *crtend.o) .ctors)
 *(SORT_BY_NAME(.ctors.*))
 *(.ctors)

.dtors
 *crtbegin.o(.dtors)
 *crtbegin?.o(.dtors)
 *(EXCLUDE_FILE(*crtend?.o *crtend.o) .dtors)
 *(SORT_BY_NAME(.dtors.*))
 *(.dtors)

.dalign         0x0000000020000000        0x0 load address 0x0000000000005378
                0x0000000020000000                . = ALIGN (0x4)
                0x0000000020000000                PROVIDE (_data_vma = .)

.dlalign        0x0000000000005378        0x0
                0x0000000000005378                . = ALIGN (0x4)
                0x0000000000005378                PROVIDE (_data_lma = .)

.data           0x0000000020000000       0xd8 load address 0x0000000000005378
 *(.gnu.linkonce.r.*)
 *(.data .data.*)
 .data.APBAHBPrescTable
                0x0000000020000000       0x10 ./CH32V30x/CH32V30x_p/CH32V30x_Lib/ch32v30x_rcc.o
 .data.TAB_USB_FS_OSC_DESC
                0x0000000020000010       0x43 ./CH32V30x/CH32V30x_p/CH32V30x_Lib/ch32v30x_usbotg_device.o
                0x0000000020000010                TAB_USB_FS_OSC_DESC
 *fill*         0x0000000020000053        0x1 
 .data.impure_data
                0x0000000020000054       0x60 c:/mounriver/mounriver_studio/toolchain/risc-v embedded gcc/bin/../lib/gcc/riscv-none-embed/8.2.0/../../../../riscv-none-embed/lib/rv32imac/ilp32\libg_nano.a(lib_a-impure.o)
 *(.gnu.linkonce.d.*)
                0x00000000200000b8                . = ALIGN (0x8)
 *fill*         0x00000000200000b4        0x4 
                0x00000000200008b8                PROVIDE (__global_pointer$ = (. + 0x800))
 *(.sdata .sdata.*)
 .sdata.ADCPrescTable
                0x00000000200000b8        0x4 ./CH32V30x/CH32V30x_p/CH32V30x_Lib/ch32v30x_rcc.o
 .sdata.LineCoding
                0x00000000200000bc        0x7 ./CH32V30x/CH32V30x_p/CH32V30x_Lib/ch32v30x_usbotg_device.o
                0x00000000200000bc                LineCoding
 .sdata.USBHD_Dev_Speed
                0x00000000200000c3        0x1 ./CH32V30x/CH32V30x_p/CH32V30x_Lib/ch32v30x_usbotg_device.o
                0x00000000200000c3                USBHD_Dev_Speed
 .sdata.SystemCoreClock
                0x00000000200000c4        0x4 ./CH32V30x/CH32V30x_p/CH32V30x_Lib/system_ch32v30x.o
                0x00000000200000c4                SystemCoreClock
 .sdata._impure_ptr
                0x00000000200000c8        0x4 c:/mounriver/mounriver_studio/toolchain/risc-v embedded gcc/bin/../lib/gcc/riscv-none-embed/8.2.0/../../../../riscv-none-embed/lib/rv32imac/ilp32\libg_nano.a(lib_a-impure.o)
                0x00000000200000c8                _impure_ptr
 *(.sdata2.*)
 .sdata2.MyLangDescrHD
                0x00000000200000cc        0x4 ./CH32V30x/CH32V30x_p/CH32V30x_Lib/ch32v30x_usbotg_device.o
                0x00000000200000cc                MyLangDescrHD
 .sdata2._global_impure_ptr
                0x00000000200000d0        0x4 c:/mounriver/mounriver_studio/toolchain/risc-v embedded gcc/bin/../lib/gcc/riscv-none-embed/8.2.0/../../../../riscv-none-embed/lib/rv32imac/ilp32\libg_nano.a(lib_a-impure.o)
                0x00000000200000d0                _global_impure_ptr
 *(.gnu.linkonce.s.*)
                0x00000000200000d8                . = ALIGN (0x8)
 *fill*         0x00000000200000d4        0x4 
 *(.srodata.cst16)
 *(.srodata.cst8)
 *(.srodata.cst4)
 *(.srodata.cst2)
 *(.srodata .srodata.*)
                0x00000000200000d8                . = ALIGN (0x4)
                0x00000000200000d8                PROVIDE (_edata = .)

.bss            0x00000000200000d8      0x18c load address 0x0000000000005450
                0x00000000200000d8                . = ALIGN (0x4)
                0x00000000200000d8                PROVIDE (_sbss = .)
 *(.sbss*)
 .sbss.status.6333
                0x00000000200000d8        0x1 ./user_c/isr.o
 *fill*         0x00000000200000d9        0x3 
 .sbss.sys_clk  0x00000000200000dc        0x4 ./hefei_libraries/common.o
                0x00000000200000dc                sys_clk
 .sbss.USBHD_Dev_SetupReqLen
                0x00000000200000e0        0x2 ./CH32V30x/CH32V30x_p/CH32V30x_Lib/ch32v30x_usbotg_device.o
                0x00000000200000e0                USBHD_Dev_SetupReqLen
 .sbss.USBHD_Dev_SleepStatus
                0x00000000200000e2        0x1 ./CH32V30x/CH32V30x_p/CH32V30x_Lib/ch32v30x_usbotg_device.o
                0x00000000200000e2                USBHD_Dev_SleepStatus
 *fill*         0x00000000200000e3        0x1 
 .sbss.__malloc_free_list
                0x00000000200000e4        0x4 c:/mounriver/mounriver_studio/toolchain/risc-v embedded gcc/bin/../lib/gcc/riscv-none-embed/8.2.0/../../../../riscv-none-embed/lib/rv32imac/ilp32\libg_nano.a(lib_a-nano-mallocr.o)
                0x00000000200000e4                __malloc_free_list
 .sbss.__malloc_sbrk_start
                0x00000000200000e8        0x4 c:/mounriver/mounriver_studio/toolchain/risc-v embedded gcc/bin/../lib/gcc/riscv-none-embed/8.2.0/../../../../riscv-none-embed/lib/rv32imac/ilp32\libg_nano.a(lib_a-nano-mallocr.o)
                0x00000000200000e8                __malloc_sbrk_start
 .sbss.heap_end.1518
                0x00000000200000ec        0x4 c:/mounriver/mounriver_studio/toolchain/risc-v embedded gcc/bin/../lib/gcc/riscv-none-embed/8.2.0/../../../../riscv-none-embed/lib/rv32imac/ilp32\libnosys.a(sbrk.o)
 *(.gnu.linkonce.sb.*)
 *(.bss*)
 *(.gnu.linkonce.b.*)
 *(COMMON*)
 COMMON         0x00000000200000f0        0xc ./hefei_peripheral/HF_HC_SR04.o
                0x00000000200000f0                g_overflow_times
                0x00000000200000f4                g_flag_unhandler
                0x00000000200000f8                g_current_time_value
 COMMON         0x00000000200000fc      0x164 ./CH32V30x/CH32V30x_p/CH32V30x_Lib/ch32v30x_usbotg_device.o
                0x00000000200000fc                DevConfig
                0x0000000020000100                EP2_DatabufHD
                0x0000000020000180                SetupReqLen
                0x0000000020000182                SetupReqCode
                0x0000000020000184                pDescr
                0x0000000020000188                pEP2_RAM_Addr
                0x000000002000018c                pEP0_RAM_Addr
                0x0000000020000190                EP1_DatabufHD
                0x0000000020000210                EP0_DatabufHD
                0x0000000020000218                Receive_Uart_Buf
                0x0000000020000258                UsbConfig
                0x000000002000025c                pEP1_RAM_Addr
 COMMON         0x0000000020000260        0x4 c:/mounriver/mounriver_studio/toolchain/risc-v embedded gcc/bin/../lib/gcc/riscv-none-embed/8.2.0/../../../../riscv-none-embed/lib/rv32imac/ilp32\libg_nano.a(lib_a-reent.o)
                0x0000000020000260                errno
                0x0000000020000264                . = ALIGN (0x4)
                0x0000000020000264                PROVIDE (_ebss = .)
                [!provide]                        PROVIDE (_end = _ebss)
                0x0000000020000264                PROVIDE (end = .)

.stack          0x0000000020007800      0x800
                0x0000000020007800                . = ALIGN (0x4)
                [!provide]                        PROVIDE (_susrstack = .)
                0x0000000020008000                . = (. + __stack_size)
 *fill*         0x0000000020007800      0x800 
                0x0000000020008000                PROVIDE (_eusrstack = .)
OUTPUT(Car_Ultrasonic.elf elf32-littleriscv)

.debug_info     0x0000000000000000    0x1a9b1
 .debug_info    0x0000000000000000     0x1bc9 ./user_c/isr.o
 .debug_info    0x0000000000001bc9      0xd52 ./user_c/main.o
 .debug_info    0x000000000000291b      0xf04 ./hefei_peripheral/HF_Double_DC_Motor.o
 .debug_info    0x000000000000381f     0x124a ./hefei_peripheral/HF_HC_SR04.o
 .debug_info    0x0000000000004a69     0x11f3 ./hefei_peripheral/HF_WS2812b.o
 .debug_info    0x0000000000005c5c      0xf69 ./hefei_libraries/board/board.o
 .debug_info    0x0000000000006bc5      0xa06 ./hefei_libraries/common.o
 .debug_info    0x00000000000075cb      0xb35 ./hefei_libraries/delay.o
 .debug_info    0x0000000000008100     0x122f ./hefei_libraries/hf_adc.o
 .debug_info    0x000000000000932f      0xff4 ./hefei_libraries/hf_gpio.o
 .debug_info    0x000000000000a323     0x10d4 ./hefei_libraries/hf_nvic.o
 .debug_info    0x000000000000b3f7     0x1602 ./hefei_libraries/hf_pwm.o
 .debug_info    0x000000000000c9f9      0x542 ./hefei_libraries/hf_tim.o
 .debug_info    0x000000000000cf3b     0x1a77 ./hefei_libraries/hf_uart.o
 .debug_info    0x000000000000e9b2      0xeb5 ./CODE/board_led.o
 .debug_info    0x000000000000f867      0xe0e ./CODE/car_init.o
 .debug_info    0x0000000000010675      0xf39 ./CODE/car_keys.o
 .debug_info    0x00000000000115ae      0xe4c ./CODE/car_reed.o
 .debug_info    0x00000000000123fa      0xdda ./CODE/car_uart.o
 .debug_info    0x00000000000131d4      0xbbb ./CODE/car_value_process.o
 .debug_info    0x0000000000013d8f       0x22 ./CH32V30x/CH32V30x_p/Startup/startup_ch32v30x.o
 .debug_info    0x0000000000013db1      0xe3d ./CH32V30x/CH32V30x_p/CH32V30x_Lib/ch32v30x_adc.o
 .debug_info    0x0000000000014bee      0x35f ./CH32V30x/CH32V30x_p/CH32V30x_Lib/ch32v30x_exti.o
 .debug_info    0x0000000000014f4d      0x815 ./CH32V30x/CH32V30x_p/CH32V30x_Lib/ch32v30x_gpio.o
 .debug_info    0x0000000000015762      0xca9 ./CH32V30x/CH32V30x_p/CH32V30x_Lib/ch32v30x_rcc.o
 .debug_info    0x000000000001640b     0x216a ./CH32V30x/CH32V30x_p/CH32V30x_Lib/ch32v30x_tim.o
 .debug_info    0x0000000000018575      0xb3c ./CH32V30x/CH32V30x_p/CH32V30x_Lib/ch32v30x_usart.o
 .debug_info    0x00000000000190b1     0x15a4 ./CH32V30x/CH32V30x_p/CH32V30x_Lib/ch32v30x_usbotg_device.o
 .debug_info    0x000000000001a655      0x35c ./CH32V30x/CH32V30x_p/CH32V30x_Lib/system_ch32v30x.o

.debug_abbrev   0x0000000000000000     0x476d
 .debug_abbrev  0x0000000000000000      0x2d6 ./user_c/isr.o
 .debug_abbrev  0x00000000000002d6      0x2b1 ./user_c/main.o
 .debug_abbrev  0x0000000000000587      0x26f ./hefei_peripheral/HF_Double_DC_Motor.o
 .debug_abbrev  0x00000000000007f6      0x2c6 ./hefei_peripheral/HF_HC_SR04.o
 .debug_abbrev  0x0000000000000abc      0x2c8 ./hefei_peripheral/HF_WS2812b.o
 .debug_abbrev  0x0000000000000d84      0x2c7 ./hefei_libraries/board/board.o
 .debug_abbrev  0x000000000000104b      0x1e7 ./hefei_libraries/common.o
 .debug_abbrev  0x0000000000001232      0x259 ./hefei_libraries/delay.o
 .debug_abbrev  0x000000000000148b      0x324 ./hefei_libraries/hf_adc.o
 .debug_abbrev  0x00000000000017af      0x30c ./hefei_libraries/hf_gpio.o
 .debug_abbrev  0x0000000000001abb      0x30c ./hefei_libraries/hf_nvic.o
 .debug_abbrev  0x0000000000001dc7      0x337 ./hefei_libraries/hf_pwm.o
 .debug_abbrev  0x00000000000020fe      0x1ae ./hefei_libraries/hf_tim.o
 .debug_abbrev  0x00000000000022ac      0x360 ./hefei_libraries/hf_uart.o
 .debug_abbrev  0x000000000000260c      0x254 ./CODE/board_led.o
 .debug_abbrev  0x0000000000002860      0x278 ./CODE/car_init.o
 .debug_abbrev  0x0000000000002ad8      0x2b2 ./CODE/car_keys.o
 .debug_abbrev  0x0000000000002d8a      0x260 ./CODE/car_reed.o
 .debug_abbrev  0x0000000000002fea      0x2b4 ./CODE/car_uart.o
 .debug_abbrev  0x000000000000329e      0x21d ./CODE/car_value_process.o
 .debug_abbrev  0x00000000000034bb       0x12 ./CH32V30x/CH32V30x_p/Startup/startup_ch32v30x.o
 .debug_abbrev  0x00000000000034cd      0x2a2 ./CH32V30x/CH32V30x_p/CH32V30x_Lib/ch32v30x_adc.o
 .debug_abbrev  0x000000000000376f      0x1c9 ./CH32V30x/CH32V30x_p/CH32V30x_Lib/ch32v30x_exti.o
 .debug_abbrev  0x0000000000003938      0x21b ./CH32V30x/CH32V30x_p/CH32V30x_Lib/ch32v30x_gpio.o
 .debug_abbrev  0x0000000000003b53      0x259 ./CH32V30x/CH32V30x_p/CH32V30x_Lib/ch32v30x_rcc.o
 .debug_abbrev  0x0000000000003dac      0x310 ./CH32V30x/CH32V30x_p/CH32V30x_Lib/ch32v30x_tim.o
 .debug_abbrev  0x00000000000040bc      0x214 ./CH32V30x/CH32V30x_p/CH32V30x_Lib/ch32v30x_usart.o
 .debug_abbrev  0x00000000000042d0      0x2fe ./CH32V30x/CH32V30x_p/CH32V30x_Lib/ch32v30x_usbotg_device.o
 .debug_abbrev  0x00000000000045ce      0x19f ./CH32V30x/CH32V30x_p/CH32V30x_Lib/system_ch32v30x.o

.debug_aranges  0x0000000000000000      0xcf8
 .debug_aranges
                0x0000000000000000       0xf8 ./user_c/isr.o
 .debug_aranges
                0x00000000000000f8       0x28 ./user_c/main.o
 .debug_aranges
                0x0000000000000120       0x30 ./hefei_peripheral/HF_Double_DC_Motor.o
 .debug_aranges
                0x0000000000000150       0x28 ./hefei_peripheral/HF_HC_SR04.o
 .debug_aranges
                0x0000000000000178       0x28 ./hefei_peripheral/HF_WS2812b.o
 .debug_aranges
                0x00000000000001a0       0x28 ./hefei_libraries/board/board.o
 .debug_aranges
                0x00000000000001c8       0x18 ./hefei_libraries/common.o
 .debug_aranges
                0x00000000000001e0       0x30 ./hefei_libraries/delay.o
 .debug_aranges
                0x0000000000000210       0x38 ./hefei_libraries/hf_adc.o
 .debug_aranges
                0x0000000000000248       0x40 ./hefei_libraries/hf_gpio.o
 .debug_aranges
                0x0000000000000288       0x40 ./hefei_libraries/hf_nvic.o
 .debug_aranges
                0x00000000000002c8       0x40 ./hefei_libraries/hf_pwm.o
 .debug_aranges
                0x0000000000000308       0x28 ./hefei_libraries/hf_tim.o
 .debug_aranges
                0x0000000000000330       0x58 ./hefei_libraries/hf_uart.o
 .debug_aranges
                0x0000000000000388       0x38 ./CODE/board_led.o
 .debug_aranges
                0x00000000000003c0       0x28 ./CODE/car_init.o
 .debug_aranges
                0x00000000000003e8       0x28 ./CODE/car_keys.o
 .debug_aranges
                0x0000000000000410       0x28 ./CODE/car_reed.o
 .debug_aranges
                0x0000000000000438       0x38 ./CODE/car_uart.o
 .debug_aranges
                0x0000000000000470       0x20 ./CODE/car_value_process.o
 .debug_aranges
                0x0000000000000490       0x30 ./CH32V30x/CH32V30x_p/Startup/startup_ch32v30x.o
 .debug_aranges
                0x00000000000004c0      0x150 ./CH32V30x/CH32V30x_p/CH32V30x_Lib/ch32v30x_adc.o
 .debug_aranges
                0x0000000000000610       0x50 ./CH32V30x/CH32V30x_p/CH32V30x_Lib/ch32v30x_exti.o
 .debug_aranges
                0x0000000000000660       0xa8 ./CH32V30x/CH32V30x_p/CH32V30x_Lib/ch32v30x_gpio.o
 .debug_aranges
                0x0000000000000708      0x1a8 ./CH32V30x/CH32V30x_p/CH32V30x_Lib/ch32v30x_rcc.o
 .debug_aranges
                0x00000000000008b0      0x2d0 ./CH32V30x/CH32V30x_p/CH32V30x_Lib/ch32v30x_tim.o
 .debug_aranges
                0x0000000000000b80      0x100 ./CH32V30x/CH32V30x_p/CH32V30x_Lib/ch32v30x_usart.o
 .debug_aranges
                0x0000000000000c80       0x50 ./CH32V30x/CH32V30x_p/CH32V30x_Lib/ch32v30x_usbotg_device.o
 .debug_aranges
                0x0000000000000cd0       0x28 ./CH32V30x/CH32V30x_p/CH32V30x_Lib/system_ch32v30x.o

.debug_ranges   0x0000000000000000      0xc10
 .debug_ranges  0x0000000000000000      0x100 ./user_c/isr.o
 .debug_ranges  0x0000000000000100       0x18 ./user_c/main.o
 .debug_ranges  0x0000000000000118       0x20 ./hefei_peripheral/HF_Double_DC_Motor.o
 .debug_ranges  0x0000000000000138       0x18 ./hefei_peripheral/HF_HC_SR04.o
 .debug_ranges  0x0000000000000150       0x18 ./hefei_peripheral/HF_WS2812b.o
 .debug_ranges  0x0000000000000168       0x18 ./hefei_libraries/board/board.o
 .debug_ranges  0x0000000000000180       0x20 ./hefei_libraries/delay.o
 .debug_ranges  0x00000000000001a0       0x40 ./hefei_libraries/hf_adc.o
 .debug_ranges  0x00000000000001e0       0x30 ./hefei_libraries/hf_gpio.o
 .debug_ranges  0x0000000000000210       0x30 ./hefei_libraries/hf_nvic.o
 .debug_ranges  0x0000000000000240       0x48 ./hefei_libraries/hf_pwm.o
 .debug_ranges  0x0000000000000288       0x18 ./hefei_libraries/hf_tim.o
 .debug_ranges  0x00000000000002a0       0x48 ./hefei_libraries/hf_uart.o
 .debug_ranges  0x00000000000002e8       0x28 ./CODE/board_led.o
 .debug_ranges  0x0000000000000310       0x18 ./CODE/car_init.o
 .debug_ranges  0x0000000000000328       0x18 ./CODE/car_keys.o
 .debug_ranges  0x0000000000000340       0x18 ./CODE/car_reed.o
 .debug_ranges  0x0000000000000358       0x28 ./CODE/car_uart.o
 .debug_ranges  0x0000000000000380       0x10 ./CODE/car_value_process.o
 .debug_ranges  0x0000000000000390       0x28 ./CH32V30x/CH32V30x_p/Startup/startup_ch32v30x.o
 .debug_ranges  0x00000000000003b8      0x178 ./CH32V30x/CH32V30x_p/CH32V30x_Lib/ch32v30x_adc.o
 .debug_ranges  0x0000000000000530       0x40 ./CH32V30x/CH32V30x_p/CH32V30x_Lib/ch32v30x_exti.o
 .debug_ranges  0x0000000000000570       0x98 ./CH32V30x/CH32V30x_p/CH32V30x_Lib/ch32v30x_gpio.o
 .debug_ranges  0x0000000000000608      0x198 ./CH32V30x/CH32V30x_p/CH32V30x_Lib/ch32v30x_rcc.o
 .debug_ranges  0x00000000000007a0      0x308 ./CH32V30x/CH32V30x_p/CH32V30x_Lib/ch32v30x_tim.o
 .debug_ranges  0x0000000000000aa8       0xf0 ./CH32V30x/CH32V30x_p/CH32V30x_Lib/ch32v30x_usart.o
 .debug_ranges  0x0000000000000b98       0x40 ./CH32V30x/CH32V30x_p/CH32V30x_Lib/ch32v30x_usbotg_device.o
 .debug_ranges  0x0000000000000bd8       0x38 ./CH32V30x/CH32V30x_p/CH32V30x_Lib/system_ch32v30x.o

.debug_line     0x0000000000000000    0x136cb
 .debug_line    0x0000000000000000      0xf19 ./user_c/isr.o
 .debug_line    0x0000000000000f19      0x624 ./user_c/main.o
 .debug_line    0x000000000000153d      0x5dc ./hefei_peripheral/HF_Double_DC_Motor.o
 .debug_line    0x0000000000001b19      0x725 ./hefei_peripheral/HF_HC_SR04.o
 .debug_line    0x000000000000223e      0x6d0 ./hefei_peripheral/HF_WS2812b.o
 .debug_line    0x000000000000290e      0x6a7 ./hefei_libraries/board/board.o
 .debug_line    0x0000000000002fb5      0x30d ./hefei_libraries/common.o
 .debug_line    0x00000000000032c2      0x50a ./hefei_libraries/delay.o
 .debug_line    0x00000000000037cc      0x8a7 ./hefei_libraries/hf_adc.o
 .debug_line    0x0000000000004073      0x715 ./hefei_libraries/hf_gpio.o
 .debug_line    0x0000000000004788      0x53d ./hefei_libraries/hf_nvic.o
 .debug_line    0x0000000000004cc5      0xf6c ./hefei_libraries/hf_pwm.o
 .debug_line    0x0000000000005c31      0x4cb ./hefei_libraries/hf_tim.o
 .debug_line    0x00000000000060fc      0xd8f ./hefei_libraries/hf_uart.o
 .debug_line    0x0000000000006e8b      0x5a6 ./CODE/board_led.o
 .debug_line    0x0000000000007431      0x61e ./CODE/car_init.o
 .debug_line    0x0000000000007a4f      0x76c ./CODE/car_keys.o
 .debug_line    0x00000000000081bb      0x538 ./CODE/car_reed.o
 .debug_line    0x00000000000086f3      0x4e2 ./CODE/car_uart.o
 .debug_line    0x0000000000008bd5      0x534 ./CODE/car_value_process.o
 .debug_line    0x0000000000009109      0x3ce ./CH32V30x/CH32V30x_p/Startup/startup_ch32v30x.o
 .debug_line    0x00000000000094d7     0x184c ./CH32V30x/CH32V30x_p/CH32V30x_Lib/ch32v30x_adc.o
 .debug_line    0x000000000000ad23      0x576 ./CH32V30x/CH32V30x_p/CH32V30x_Lib/ch32v30x_exti.o
 .debug_line    0x000000000000b299      0xced ./CH32V30x/CH32V30x_p/CH32V30x_Lib/ch32v30x_gpio.o
 .debug_line    0x000000000000bf86     0x1745 ./CH32V30x/CH32V30x_p/CH32V30x_Lib/ch32v30x_rcc.o
 .debug_line    0x000000000000d6cb     0x33b3 ./CH32V30x/CH32V30x_p/CH32V30x_Lib/ch32v30x_tim.o
 .debug_line    0x0000000000010a7e     0x1009 ./CH32V30x/CH32V30x_p/CH32V30x_Lib/ch32v30x_usart.o
 .debug_line    0x0000000000011a87     0x14b3 ./CH32V30x/CH32V30x_p/CH32V30x_Lib/ch32v30x_usbotg_device.o
 .debug_line    0x0000000000012f3a      0x791 ./CH32V30x/CH32V30x_p/CH32V30x_Lib/system_ch32v30x.o

.debug_str      0x0000000000000000     0x5504
 .debug_str     0x0000000000000000      0xc0a ./user_c/isr.o
                                        0xcd8 (size before relaxing)
 .debug_str     0x0000000000000c0a      0x128 ./user_c/main.o
                                        0x89c (size before relaxing)
 .debug_str     0x0000000000000d32      0x51b ./hefei_peripheral/HF_Double_DC_Motor.o
                                        0xc97 (size before relaxing)
 .debug_str     0x000000000000124d      0x15d ./hefei_peripheral/HF_HC_SR04.o
                                        0xabf (size before relaxing)
 .debug_str     0x00000000000013aa       0xd6 ./hefei_peripheral/HF_WS2812b.o
                                        0xe1e (size before relaxing)
 .debug_str     0x0000000000001480      0x2d6 ./hefei_libraries/board/board.o
                                        0xb0a (size before relaxing)
 .debug_str     0x0000000000001756       0x80 ./hefei_libraries/common.o
                                        0x6e2 (size before relaxing)
 .debug_str     0x00000000000017d6       0xb1 ./hefei_libraries/delay.o
                                        0x759 (size before relaxing)
 .debug_str     0x0000000000001887      0x3e1 ./hefei_libraries/hf_adc.o
                                        0xaf0 (size before relaxing)
 .debug_str     0x0000000000001c68      0x26e ./hefei_libraries/hf_gpio.o
                                        0x98a (size before relaxing)
 .debug_str     0x0000000000001ed6      0x76b ./hefei_libraries/hf_nvic.o
                                        0xe77 (size before relaxing)
 .debug_str     0x0000000000002641      0x25c ./hefei_libraries/hf_pwm.o
                                        0xf57 (size before relaxing)
 .debug_str     0x000000000000289d      0x1f3 ./hefei_libraries/hf_tim.o
                                        0x5bc (size before relaxing)
 .debug_str     0x0000000000002a90      0x20a ./hefei_libraries/hf_uart.o
                                       0x11c0 (size before relaxing)
 .debug_str     0x0000000000002c9a       0xc3 ./CODE/board_led.o
                                        0x8c5 (size before relaxing)
 .debug_str     0x0000000000002d5d       0x9b ./CODE/car_init.o
                                        0x938 (size before relaxing)
 .debug_str     0x0000000000002df8       0x9b ./CODE/car_keys.o
                                        0x899 (size before relaxing)
 .debug_str     0x0000000000002e93       0x8a ./CODE/car_reed.o
                                        0x86c (size before relaxing)
 .debug_str     0x0000000000002f1d       0xd7 ./CODE/car_uart.o
                                        0xa5c (size before relaxing)
 .debug_str     0x0000000000002ff4       0x88 ./CODE/car_value_process.o
                                        0x7fd (size before relaxing)
 .debug_str     0x000000000000307c       0xa0 ./CH32V30x/CH32V30x_p/Startup/startup_ch32v30x.o
                                        0x11d (size before relaxing)
 .debug_str     0x000000000000311c      0x4a0 ./CH32V30x/CH32V30x_p/CH32V30x_Lib/ch32v30x_adc.o
                                        0x8d7 (size before relaxing)
 .debug_str     0x00000000000035bc      0x1fa ./CH32V30x/CH32V30x_p/CH32V30x_Lib/ch32v30x_exti.o
                                        0x44d (size before relaxing)
 .debug_str     0x00000000000037b6      0x263 ./CH32V30x/CH32V30x_p/CH32V30x_Lib/ch32v30x_gpio.o
                                        0x631 (size before relaxing)
 .debug_str     0x0000000000003a19      0x65f ./CH32V30x/CH32V30x_p/CH32V30x_Lib/ch32v30x_rcc.o
                                        0x981 (size before relaxing)
 .debug_str     0x0000000000004078      0x901 ./CH32V30x/CH32V30x_p/CH32V30x_Lib/ch32v30x_tim.o
                                        0xf3b (size before relaxing)
 .debug_str     0x0000000000004979      0x385 ./CH32V30x/CH32V30x_p/CH32V30x_Lib/ch32v30x_usart.o
                                        0x7d7 (size before relaxing)
 .debug_str     0x0000000000004cfe      0x70c ./CH32V30x/CH32V30x_p/CH32V30x_Lib/ch32v30x_usbotg_device.o
                                        0xda2 (size before relaxing)
 .debug_str     0x000000000000540a       0xfa ./CH32V30x/CH32V30x_p/CH32V30x_Lib/system_ch32v30x.o
                                        0x3b8 (size before relaxing)

.comment        0x0000000000000000       0x33
 .comment       0x0000000000000000       0x33 ./user_c/isr.o
                                         0x34 (size before relaxing)
 .comment       0x0000000000000033       0x34 ./user_c/main.o
 .comment       0x0000000000000033       0x34 ./hefei_peripheral/HF_Double_DC_Motor.o
 .comment       0x0000000000000033       0x34 ./hefei_peripheral/HF_HC_SR04.o
 .comment       0x0000000000000033       0x34 ./hefei_peripheral/HF_WS2812b.o
 .comment       0x0000000000000033       0x34 ./hefei_libraries/board/board.o
 .comment       0x0000000000000033       0x34 ./hefei_libraries/common.o
 .comment       0x0000000000000033       0x34 ./hefei_libraries/delay.o
 .comment       0x0000000000000033       0x34 ./hefei_libraries/hf_adc.o
 .comment       0x0000000000000033       0x34 ./hefei_libraries/hf_gpio.o
 .comment       0x0000000000000033       0x34 ./hefei_libraries/hf_nvic.o
 .comment       0x0000000000000033       0x34 ./hefei_libraries/hf_pwm.o
 .comment       0x0000000000000033       0x34 ./hefei_libraries/hf_tim.o
 .comment       0x0000000000000033       0x34 ./hefei_libraries/hf_uart.o
 .comment       0x0000000000000033       0x34 ./CODE/board_led.o
 .comment       0x0000000000000033       0x34 ./CODE/car_init.o
 .comment       0x0000000000000033       0x34 ./CODE/car_keys.o
 .comment       0x0000000000000033       0x34 ./CODE/car_reed.o
 .comment       0x0000000000000033       0x34 ./CODE/car_uart.o
 .comment       0x0000000000000033       0x34 ./CODE/car_value_process.o
 .comment       0x0000000000000033       0x34 ./CH32V30x/CH32V30x_p/CH32V30x_Lib/ch32v30x_adc.o
 .comment       0x0000000000000033       0x34 ./CH32V30x/CH32V30x_p/CH32V30x_Lib/ch32v30x_exti.o
 .comment       0x0000000000000033       0x34 ./CH32V30x/CH32V30x_p/CH32V30x_Lib/ch32v30x_gpio.o
 .comment       0x0000000000000033       0x34 ./CH32V30x/CH32V30x_p/CH32V30x_Lib/ch32v30x_rcc.o
 .comment       0x0000000000000033       0x34 ./CH32V30x/CH32V30x_p/CH32V30x_Lib/ch32v30x_tim.o
 .comment       0x0000000000000033       0x34 ./CH32V30x/CH32V30x_p/CH32V30x_Lib/ch32v30x_usart.o
 .comment       0x0000000000000033       0x34 ./CH32V30x/CH32V30x_p/CH32V30x_Lib/ch32v30x_usbotg_device.o
 .comment       0x0000000000000033       0x34 ./CH32V30x/CH32V30x_p/CH32V30x_Lib/system_ch32v30x.o

.debug_frame    0x0000000000000000     0x2678
 .debug_frame   0x0000000000000000      0x290 ./user_c/isr.o
 .debug_frame   0x0000000000000290       0x48 ./user_c/main.o
 .debug_frame   0x00000000000002d8       0x8c ./hefei_peripheral/HF_Double_DC_Motor.o
 .debug_frame   0x0000000000000364       0x7c ./hefei_peripheral/HF_HC_SR04.o
 .debug_frame   0x00000000000003e0       0x60 ./hefei_peripheral/HF_WS2812b.o
 .debug_frame   0x0000000000000440       0x50 ./hefei_libraries/board/board.o
 .debug_frame   0x0000000000000490       0x40 ./hefei_libraries/delay.o
 .debug_frame   0x00000000000004d0       0xa0 ./hefei_libraries/hf_adc.o
 .debug_frame   0x0000000000000570       0x90 ./hefei_libraries/hf_gpio.o
 .debug_frame   0x0000000000000600       0x8c ./hefei_libraries/hf_nvic.o
 .debug_frame   0x000000000000068c       0x80 ./hefei_libraries/hf_pwm.o
 .debug_frame   0x000000000000070c       0x4c ./hefei_libraries/hf_tim.o
 .debug_frame   0x0000000000000758      0x140 ./hefei_libraries/hf_uart.o
 .debug_frame   0x0000000000000898       0x50 ./CODE/board_led.o
 .debug_frame   0x00000000000008e8       0x3c ./CODE/car_init.o
 .debug_frame   0x0000000000000924       0x60 ./CODE/car_keys.o
 .debug_frame   0x0000000000000984       0x3c ./CODE/car_reed.o
 .debug_frame   0x00000000000009c0       0x50 ./CODE/car_uart.o
 .debug_frame   0x0000000000000a10       0x20 ./CODE/car_value_process.o
 .debug_frame   0x0000000000000a30      0x2c4 ./CH32V30x/CH32V30x_p/CH32V30x_Lib/ch32v30x_adc.o
 .debug_frame   0x0000000000000cf4       0x90 ./CH32V30x/CH32V30x_p/CH32V30x_Lib/ch32v30x_exti.o
 .debug_frame   0x0000000000000d84      0x150 ./CH32V30x/CH32V30x_p/CH32V30x_Lib/ch32v30x_gpio.o
 .debug_frame   0x0000000000000ed4      0x340 ./CH32V30x/CH32V30x_p/CH32V30x_Lib/ch32v30x_rcc.o
 .debug_frame   0x0000000000001214      0x66c ./CH32V30x/CH32V30x_p/CH32V30x_Lib/ch32v30x_tim.o
 .debug_frame   0x0000000000001880      0x210 ./CH32V30x/CH32V30x_p/CH32V30x_Lib/ch32v30x_usart.o
 .debug_frame   0x0000000000001a90       0xbc ./CH32V30x/CH32V30x_p/CH32V30x_Lib/ch32v30x_usbotg_device.o
 .debug_frame   0x0000000000001b4c       0x3c ./CH32V30x/CH32V30x_p/CH32V30x_Lib/system_ch32v30x.o
 .debug_frame   0x0000000000001b88       0x54 c:/mounriver/mounriver_studio/toolchain/risc-v embedded gcc/bin/../lib/gcc/riscv-none-embed/8.2.0/rv32imac/ilp32\libgcc.a(muldf3.o)
 .debug_frame   0x0000000000001bdc       0x20 c:/mounriver/mounriver_studio/toolchain/risc-v embedded gcc/bin/../lib/gcc/riscv-none-embed/8.2.0/rv32imac/ilp32\libgcc.a(fixunsdfsi.o)
 .debug_frame   0x0000000000001bfc       0x40 c:/mounriver/mounriver_studio/toolchain/risc-v embedded gcc/bin/../lib/gcc/riscv-none-embed/8.2.0/rv32imac/ilp32\libgcc.a(addsf3.o)
 .debug_frame   0x0000000000001c3c       0x50 c:/mounriver/mounriver_studio/toolchain/risc-v embedded gcc/bin/../lib/gcc/riscv-none-embed/8.2.0/rv32imac/ilp32\libgcc.a(divsf3.o)
 .debug_frame   0x0000000000001c8c       0x50 c:/mounriver/mounriver_studio/toolchain/risc-v embedded gcc/bin/../lib/gcc/riscv-none-embed/8.2.0/rv32imac/ilp32\libgcc.a(mulsf3.o)
 .debug_frame   0x0000000000001cdc       0x44 c:/mounriver/mounriver_studio/toolchain/risc-v embedded gcc/bin/../lib/gcc/riscv-none-embed/8.2.0/rv32imac/ilp32\libgcc.a(floatunsisf.o)
 .debug_frame   0x0000000000001d20       0x38 c:/mounriver/mounriver_studio/toolchain/risc-v embedded gcc/bin/../lib/gcc/riscv-none-embed/8.2.0/rv32imac/ilp32\libgcc.a(extendsfdf2.o)
 .debug_frame   0x0000000000001d58       0x20 c:/mounriver/mounriver_studio/toolchain/risc-v embedded gcc/bin/../lib/gcc/riscv-none-embed/8.2.0/rv32imac/ilp32\libgcc.a(_clzsi2.o)
 .debug_frame   0x0000000000001d78       0x20 c:/mounriver/mounriver_studio/toolchain/risc-v embedded gcc/bin/../lib/gcc/riscv-none-embed/8.2.0/../../../../riscv-none-embed/lib/rv32imac/ilp32\libg_nano.a(lib_a-memcpy.o)
 .debug_frame   0x0000000000001d98       0xd0 c:/mounriver/mounriver_studio/toolchain/risc-v embedded gcc/bin/../lib/gcc/riscv-none-embed/8.2.0/../../../../riscv-none-embed/lib/rv32imac/ilp32\libg_nano.a(lib_a-nano-vfprintf.o)
 .debug_frame   0x0000000000001e68       0x8c c:/mounriver/mounriver_studio/toolchain/risc-v embedded gcc/bin/../lib/gcc/riscv-none-embed/8.2.0/../../../../riscv-none-embed/lib/rv32imac/ilp32\libg_nano.a(lib_a-nano-vfprintf_i.o)
 .debug_frame   0x0000000000001ef4       0x54 c:/mounriver/mounriver_studio/toolchain/risc-v embedded gcc/bin/../lib/gcc/riscv-none-embed/8.2.0/../../../../riscv-none-embed/lib/rv32imac/ilp32\libg_nano.a(lib_a-printf.o)
 .debug_frame   0x0000000000001f48       0x50 c:/mounriver/mounriver_studio/toolchain/risc-v embedded gcc/bin/../lib/gcc/riscv-none-embed/8.2.0/../../../../riscv-none-embed/lib/rv32imac/ilp32\libg_nano.a(lib_a-wbuf.o)
 .debug_frame   0x0000000000001f98       0x3c c:/mounriver/mounriver_studio/toolchain/risc-v embedded gcc/bin/../lib/gcc/riscv-none-embed/8.2.0/../../../../riscv-none-embed/lib/rv32imac/ilp32\libg_nano.a(lib_a-wsetup.o)
 .debug_frame   0x0000000000001fd4       0x7c c:/mounriver/mounriver_studio/toolchain/risc-v embedded gcc/bin/../lib/gcc/riscv-none-embed/8.2.0/../../../../riscv-none-embed/lib/rv32imac/ilp32\libg_nano.a(lib_a-fflush.o)
 .debug_frame   0x0000000000002050      0x148 c:/mounriver/mounriver_studio/toolchain/risc-v embedded gcc/bin/../lib/gcc/riscv-none-embed/8.2.0/../../../../riscv-none-embed/lib/rv32imac/ilp32\libg_nano.a(lib_a-findfp.o)
 .debug_frame   0x0000000000002198       0x88 c:/mounriver/mounriver_studio/toolchain/risc-v embedded gcc/bin/../lib/gcc/riscv-none-embed/8.2.0/../../../../riscv-none-embed/lib/rv32imac/ilp32\libg_nano.a(lib_a-fwalk.o)
 .debug_frame   0x0000000000002220       0x64 c:/mounriver/mounriver_studio/toolchain/risc-v embedded gcc/bin/../lib/gcc/riscv-none-embed/8.2.0/../../../../riscv-none-embed/lib/rv32imac/ilp32\libg_nano.a(lib_a-makebuf.o)
 .debug_frame   0x0000000000002284       0x20 c:/mounriver/mounriver_studio/toolchain/risc-v embedded gcc/bin/../lib/gcc/riscv-none-embed/8.2.0/../../../../riscv-none-embed/lib/rv32imac/ilp32\libg_nano.a(lib_a-memchr.o)
 .debug_frame   0x00000000000022a4       0x40 c:/mounriver/mounriver_studio/toolchain/risc-v embedded gcc/bin/../lib/gcc/riscv-none-embed/8.2.0/../../../../riscv-none-embed/lib/rv32imac/ilp32\libg_nano.a(lib_a-nano-freer.o)
 .debug_frame   0x00000000000022e4       0x40 c:/mounriver/mounriver_studio/toolchain/risc-v embedded gcc/bin/../lib/gcc/riscv-none-embed/8.2.0/../../../../riscv-none-embed/lib/rv32imac/ilp32\libg_nano.a(lib_a-nano-mallocr.o)
 .debug_frame   0x0000000000002324       0x30 c:/mounriver/mounriver_studio/toolchain/risc-v embedded gcc/bin/../lib/gcc/riscv-none-embed/8.2.0/../../../../riscv-none-embed/lib/rv32imac/ilp32\libg_nano.a(lib_a-sbrkr.o)
 .debug_frame   0x0000000000002354       0xa4 c:/mounriver/mounriver_studio/toolchain/risc-v embedded gcc/bin/../lib/gcc/riscv-none-embed/8.2.0/../../../../riscv-none-embed/lib/rv32imac/ilp32\libg_nano.a(lib_a-stdio.o)
 .debug_frame   0x00000000000023f8       0x30 c:/mounriver/mounriver_studio/toolchain/risc-v embedded gcc/bin/../lib/gcc/riscv-none-embed/8.2.0/../../../../riscv-none-embed/lib/rv32imac/ilp32\libg_nano.a(lib_a-writer.o)
 .debug_frame   0x0000000000002428       0x30 c:/mounriver/mounriver_studio/toolchain/risc-v embedded gcc/bin/../lib/gcc/riscv-none-embed/8.2.0/../../../../riscv-none-embed/lib/rv32imac/ilp32\libg_nano.a(lib_a-closer.o)
 .debug_frame   0x0000000000002458       0x30 c:/mounriver/mounriver_studio/toolchain/risc-v embedded gcc/bin/../lib/gcc/riscv-none-embed/8.2.0/../../../../riscv-none-embed/lib/rv32imac/ilp32\libg_nano.a(lib_a-fstatr.o)
 .debug_frame   0x0000000000002488       0x30 c:/mounriver/mounriver_studio/toolchain/risc-v embedded gcc/bin/../lib/gcc/riscv-none-embed/8.2.0/../../../../riscv-none-embed/lib/rv32imac/ilp32\libg_nano.a(lib_a-isattyr.o)
 .debug_frame   0x00000000000024b8       0x30 c:/mounriver/mounriver_studio/toolchain/risc-v embedded gcc/bin/../lib/gcc/riscv-none-embed/8.2.0/../../../../riscv-none-embed/lib/rv32imac/ilp32\libg_nano.a(lib_a-lseekr.o)
 .debug_frame   0x00000000000024e8       0x30 c:/mounriver/mounriver_studio/toolchain/risc-v embedded gcc/bin/../lib/gcc/riscv-none-embed/8.2.0/../../../../riscv-none-embed/lib/rv32imac/ilp32\libg_nano.a(lib_a-mlock.o)
 .debug_frame   0x0000000000002518       0x30 c:/mounriver/mounriver_studio/toolchain/risc-v embedded gcc/bin/../lib/gcc/riscv-none-embed/8.2.0/../../../../riscv-none-embed/lib/rv32imac/ilp32\libg_nano.a(lib_a-readr.o)
 .debug_frame   0x0000000000002548       0x70 c:/mounriver/mounriver_studio/toolchain/risc-v embedded gcc/bin/../lib/gcc/riscv-none-embed/8.2.0/../../../../riscv-none-embed/lib/rv32imac/ilp32\libg_nano.a(lib_a-reent.o)
 .debug_frame   0x00000000000025b8       0x20 c:/mounriver/mounriver_studio/toolchain/risc-v embedded gcc/bin/../lib/gcc/riscv-none-embed/8.2.0/../../../../riscv-none-embed/lib/rv32imac/ilp32\libnosys.a(close.o)
 .debug_frame   0x00000000000025d8       0x20 c:/mounriver/mounriver_studio/toolchain/risc-v embedded gcc/bin/../lib/gcc/riscv-none-embed/8.2.0/../../../../riscv-none-embed/lib/rv32imac/ilp32\libnosys.a(fstat.o)
 .debug_frame   0x00000000000025f8       0x20 c:/mounriver/mounriver_studio/toolchain/risc-v embedded gcc/bin/../lib/gcc/riscv-none-embed/8.2.0/../../../../riscv-none-embed/lib/rv32imac/ilp32\libnosys.a(isatty.o)
 .debug_frame   0x0000000000002618       0x20 c:/mounriver/mounriver_studio/toolchain/risc-v embedded gcc/bin/../lib/gcc/riscv-none-embed/8.2.0/../../../../riscv-none-embed/lib/rv32imac/ilp32\libnosys.a(lseek.o)
 .debug_frame   0x0000000000002638       0x20 c:/mounriver/mounriver_studio/toolchain/risc-v embedded gcc/bin/../lib/gcc/riscv-none-embed/8.2.0/../../../../riscv-none-embed/lib/rv32imac/ilp32\libnosys.a(read.o)
 .debug_frame   0x0000000000002658       0x20 c:/mounriver/mounriver_studio/toolchain/risc-v embedded gcc/bin/../lib/gcc/riscv-none-embed/8.2.0/../../../../riscv-none-embed/lib/rv32imac/ilp32\libnosys.a(sbrk.o)

.debug_loc      0x0000000000000000     0x66b3
 .debug_loc     0x0000000000000000       0x3f ./user_c/main.o
 .debug_loc     0x000000000000003f      0x159 ./hefei_peripheral/HF_Double_DC_Motor.o
 .debug_loc     0x0000000000000198       0x35 ./hefei_peripheral/HF_HC_SR04.o
 .debug_loc     0x00000000000001cd       0xa2 ./hefei_peripheral/HF_WS2812b.o
 .debug_loc     0x000000000000026f       0xec ./hefei_libraries/board/board.o
 .debug_loc     0x000000000000035b       0x42 ./hefei_libraries/delay.o
 .debug_loc     0x000000000000039d      0x356 ./hefei_libraries/hf_adc.o
 .debug_loc     0x00000000000006f3      0x563 ./hefei_libraries/hf_gpio.o
 .debug_loc     0x0000000000000c56      0x15d ./hefei_libraries/hf_nvic.o
 .debug_loc     0x0000000000000db3      0xb37 ./hefei_libraries/hf_pwm.o
 .debug_loc     0x00000000000018ea      0x154 ./hefei_libraries/hf_tim.o
 .debug_loc     0x0000000000001a3e      0x705 ./hefei_libraries/hf_uart.o
 .debug_loc     0x0000000000002143      0x114 ./CODE/board_led.o
 .debug_loc     0x0000000000002257       0x98 ./CODE/car_keys.o
 .debug_loc     0x00000000000022ef       0x84 ./CODE/car_uart.o
 .debug_loc     0x0000000000002373       0x21 ./CODE/car_value_process.o
 .debug_loc     0x0000000000002394      0xa95 ./CH32V30x/CH32V30x_p/CH32V30x_Lib/ch32v30x_adc.o
 .debug_loc     0x0000000000002e29      0x181 ./CH32V30x/CH32V30x_p/CH32V30x_Lib/ch32v30x_exti.o
 .debug_loc     0x0000000000002faa      0x647 ./CH32V30x/CH32V30x_p/CH32V30x_Lib/ch32v30x_gpio.o
 .debug_loc     0x00000000000035f1      0xa5c ./CH32V30x/CH32V30x_p/CH32V30x_Lib/ch32v30x_rcc.o
 .debug_loc     0x000000000000404d     0x1b0c ./CH32V30x/CH32V30x_p/CH32V30x_Lib/ch32v30x_tim.o
 .debug_loc     0x0000000000005b59      0x7c6 ./CH32V30x/CH32V30x_p/CH32V30x_Lib/ch32v30x_usart.o
 .debug_loc     0x000000000000631f      0x27a ./CH32V30x/CH32V30x_p/CH32V30x_Lib/ch32v30x_usbotg_device.o
 .debug_loc     0x0000000000006599      0x11a ./CH32V30x/CH32V30x_p/CH32V30x_Lib/system_ch32v30x.o

.stab           0x0000000000000000       0x84
 .stab          0x0000000000000000       0x24 c:/mounriver/mounriver_studio/toolchain/risc-v embedded gcc/bin/../lib/gcc/riscv-none-embed/8.2.0/../../../../riscv-none-embed/lib/rv32imac/ilp32\libnosys.a(close.o)
 .stab          0x0000000000000024       0x18 c:/mounriver/mounriver_studio/toolchain/risc-v embedded gcc/bin/../lib/gcc/riscv-none-embed/8.2.0/../../../../riscv-none-embed/lib/rv32imac/ilp32\libnosys.a(fstat.o)
                                         0x24 (size before relaxing)
 .stab          0x000000000000003c       0x18 c:/mounriver/mounriver_studio/toolchain/risc-v embedded gcc/bin/../lib/gcc/riscv-none-embed/8.2.0/../../../../riscv-none-embed/lib/rv32imac/ilp32\libnosys.a(isatty.o)
                                         0x24 (size before relaxing)
 .stab          0x0000000000000054       0x18 c:/mounriver/mounriver_studio/toolchain/risc-v embedded gcc/bin/../lib/gcc/riscv-none-embed/8.2.0/../../../../riscv-none-embed/lib/rv32imac/ilp32\libnosys.a(lseek.o)
                                         0x24 (size before relaxing)
 .stab          0x000000000000006c       0x18 c:/mounriver/mounriver_studio/toolchain/risc-v embedded gcc/bin/../lib/gcc/riscv-none-embed/8.2.0/../../../../riscv-none-embed/lib/rv32imac/ilp32\libnosys.a(read.o)
                                         0x24 (size before relaxing)

.stabstr        0x0000000000000000      0x183
 .stabstr       0x0000000000000000      0x183 c:/mounriver/mounriver_studio/toolchain/risc-v embedded gcc/bin/../lib/gcc/riscv-none-embed/8.2.0/../../../../riscv-none-embed/lib/rv32imac/ilp32\libnosys.a(close.o)
