Archive member included to satisfy reference by file (symbol)

c:/mounriver/mounriver_studio/toolchain/risc-v embedded gcc/bin/../lib/gcc/riscv-none-embed/8.2.0/rv32imac/ilp32\libgcc.a(addsf3.o)
                              ./hefei_peripheral/HF_IPS114.o (__addsf3)
c:/mounriver/mounriver_studio/toolchain/risc-v embedded gcc/bin/../lib/gcc/riscv-none-embed/8.2.0/rv32imac/ilp32\libgcc.a(divsf3.o)
                              ./hefei_peripheral/HF_IPS114.o (__divsf3)
c:/mounriver/mounriver_studio/toolchain/risc-v embedded gcc/bin/../lib/gcc/riscv-none-embed/8.2.0/rv32imac/ilp32\libgcc.a(eqsf2.o)
                              ./hefei_peripheral/HF_TFT180.o (__eqsf2)
c:/mounriver/mounriver_studio/toolchain/risc-v embedded gcc/bin/../lib/gcc/riscv-none-embed/8.2.0/rv32imac/ilp32\libgcc.a(lesf2.o)
                              ./hefei_peripheral/HF_TFT180.o (__ltsf2)
c:/mounriver/mounriver_studio/toolchain/risc-v embedded gcc/bin/../lib/gcc/riscv-none-embed/8.2.0/rv32imac/ilp32\libgcc.a(mulsf3.o)
                              ./hefei_peripheral/HF_IPS114.o (__mulsf3)
c:/mounriver/mounriver_studio/toolchain/risc-v embedded gcc/bin/../lib/gcc/riscv-none-embed/8.2.0/rv32imac/ilp32\libgcc.a(subsf3.o)
                              ./hefei_peripheral/HF_IPS114.o (__subsf3)
c:/mounriver/mounriver_studio/toolchain/risc-v embedded gcc/bin/../lib/gcc/riscv-none-embed/8.2.0/rv32imac/ilp32\libgcc.a(fixsfsi.o)
                              ./hefei_peripheral/HF_IPS114.o (__fixsfsi)
c:/mounriver/mounriver_studio/toolchain/risc-v embedded gcc/bin/../lib/gcc/riscv-none-embed/8.2.0/rv32imac/ilp32\libgcc.a(floatsisf.o)
                              ./hefei_peripheral/HF_IPS114.o (__floatsisf)
c:/mounriver/mounriver_studio/toolchain/risc-v embedded gcc/bin/../lib/gcc/riscv-none-embed/8.2.0/rv32imac/ilp32\libgcc.a(floatunsisf.o)
                              ./hefei_peripheral/HF_IPS114.o (__floatunsisf)
c:/mounriver/mounriver_studio/toolchain/risc-v embedded gcc/bin/../lib/gcc/riscv-none-embed/8.2.0/rv32imac/ilp32\libgcc.a(_clzsi2.o)
                              c:/mounriver/mounriver_studio/toolchain/risc-v embedded gcc/bin/../lib/gcc/riscv-none-embed/8.2.0/rv32imac/ilp32\libgcc.a(addsf3.o) (__clzsi2)
c:/mounriver/mounriver_studio/toolchain/risc-v embedded gcc/bin/../lib/gcc/riscv-none-embed/8.2.0/rv32imac/ilp32\libgcc.a(_clz.o)
                              c:/mounriver/mounriver_studio/toolchain/risc-v embedded gcc/bin/../lib/gcc/riscv-none-embed/8.2.0/rv32imac/ilp32\libgcc.a(_clzsi2.o) (__clz_tab)
c:/mounriver/mounriver_studio/toolchain/risc-v embedded gcc/bin/../lib/gcc/riscv-none-embed/8.2.0/../../../../riscv-none-embed/lib/rv32imac/ilp32\libg_nano.a(lib_a-assert.o)
                              ./hefei_peripheral/HF_MT9V03X.o (__assert_func)
c:/mounriver/mounriver_studio/toolchain/risc-v embedded gcc/bin/../lib/gcc/riscv-none-embed/8.2.0/../../../../riscv-none-embed/lib/rv32imac/ilp32\libg_nano.a(lib_a-fprintf.o)
                              c:/mounriver/mounriver_studio/toolchain/risc-v embedded gcc/bin/../lib/gcc/riscv-none-embed/8.2.0/../../../../riscv-none-embed/lib/rv32imac/ilp32\libg_nano.a(lib_a-assert.o) (fiprintf)
c:/mounriver/mounriver_studio/toolchain/risc-v embedded gcc/bin/../lib/gcc/riscv-none-embed/8.2.0/../../../../riscv-none-embed/lib/rv32imac/ilp32\libg_nano.a(lib_a-impure.o)
                              c:/mounriver/mounriver_studio/toolchain/risc-v embedded gcc/bin/../lib/gcc/riscv-none-embed/8.2.0/../../../../riscv-none-embed/lib/rv32imac/ilp32\libg_nano.a(lib_a-assert.o) (_impure_ptr)
c:/mounriver/mounriver_studio/toolchain/risc-v embedded gcc/bin/../lib/gcc/riscv-none-embed/8.2.0/../../../../riscv-none-embed/lib/rv32imac/ilp32\libg_nano.a(lib_a-memcpy.o)
                              ./hefei_libraries/hf_pit.o (memcpy)
c:/mounriver/mounriver_studio/toolchain/risc-v embedded gcc/bin/../lib/gcc/riscv-none-embed/8.2.0/../../../../riscv-none-embed/lib/rv32imac/ilp32\libg_nano.a(lib_a-memset.o)
                              ./hefei_peripheral/HF_IPS114.o (memset)
c:/mounriver/mounriver_studio/toolchain/risc-v embedded gcc/bin/../lib/gcc/riscv-none-embed/8.2.0/../../../../riscv-none-embed/lib/rv32imac/ilp32\libg_nano.a(lib_a-nano-vfprintf.o)
                              c:/mounriver/mounriver_studio/toolchain/risc-v embedded gcc/bin/../lib/gcc/riscv-none-embed/8.2.0/../../../../riscv-none-embed/lib/rv32imac/ilp32\libg_nano.a(lib_a-fprintf.o) (_vfprintf_r)
c:/mounriver/mounriver_studio/toolchain/risc-v embedded gcc/bin/../lib/gcc/riscv-none-embed/8.2.0/../../../../riscv-none-embed/lib/rv32imac/ilp32\libg_nano.a(lib_a-nano-vfprintf_i.o)
                              c:/mounriver/mounriver_studio/toolchain/risc-v embedded gcc/bin/../lib/gcc/riscv-none-embed/8.2.0/../../../../riscv-none-embed/lib/rv32imac/ilp32\libg_nano.a(lib_a-nano-vfprintf.o) (_printf_i)
[...]
Memory Configuration

Name             Origin             Length             Attributes
FLASH            0x0000000000000000 0x0000000000048000 xr
RAM              0x0000000020000000 0x0000000000008000 xrw
*default*        0x0000000000000000 0xffffffffffffffff

Linker script and memory map

LOAD ./user_c/isr.o
LOAD ./user_c/main.o
LOAD ./hefei_peripheral/HF_IPS114.o
LOAD ./hefei_peripheral/HF_L9110S_2.o
LOAD ./hefei_peripheral/HF_MT9V03X.o
LOAD ./hefei_peripheral/HF_TFT180.o
LOAD ./hefei_peripheral/HF_WS2812b.o
LOAD ./hefei_peripheral/HF_Wireless_uart.o
LOAD ./hefei_libraries/board/board.o
LOAD ./hefei_libraries/common.o
LOAD ./hefei_libraries/delay.o
LOAD ./hefei_libraries/hf_adc.o
LOAD ./hefei_libraries/hf_common_font.o
LOAD ./hefei_libraries/hf_dma.o
LOAD ./hefei_libraries/hf_dvp.o
LOAD ./hefei_libraries/hf_encoder.o
LOAD ./hefei_libraries/hf_exti.o
LOAD ./hefei_libraries/hf_flash.o
LOAD ./hefei_libraries/hf_gpio.o
LOAD ./hefei_libraries/hf_i2c_hardware.o
LOAD ./hefei_libraries/hf_i2c_software.o
LOAD ./hefei_libraries/hf_nvic.o
LOAD ./hefei_libraries/hf_pit.o
LOAD ./hefei_libraries/hf_pwm.o
LOAD ./hefei_libraries/hf_spi.o
LOAD ./hefei_libraries/hf_tim.o
LOAD ./hefei_libraries/hf_uart.o
LOAD ./CODE/board_led.o
LOAD ./CODE/car_adc.o
LOAD ./CODE/car_init.o
LOAD ./CODE/car_keys.o
LOAD ./CODE/car_ligth.o
LOAD ./CODE/car_motion.o
LOAD ./CODE/car_reed.o
LOAD ./CODE/car_uart.o
LOAD ./CODE/car_value_process.o
LOAD ./CH32V30x/Core/core_riscv.o
LOAD ./CH32V30x/CH32V30x_p/Startup/startup_ch32v30x.o
LOAD ./CH32V30x/CH32V30x_p/CH32V30x_Lib/ch32v30x_adc.o
LOAD ./CH32V30x/CH32V30x_p/CH32V30x_Lib/ch32v30x_bkp.o
LOAD ./CH32V30x/CH32V30x_p/CH32V30x_Lib/ch32v30x_can.o
LOAD ./CH32V30x/CH32V30x_p/CH32V30x_Lib/ch32v30x_crc.o
LOAD ./CH32V30x/CH32V30x_p/CH32V30x_Lib/ch32v30x_dac.o
LOAD ./CH32V30x/CH32V30x_p/CH32V30x_Lib/ch32v30x_dbgmcu.o
LOAD ./CH32V30x/CH32V30x_p/CH32V30x_Lib/ch32v30x_dma.o
LOAD ./CH32V30x/CH32V30x_p/CH32V30x_Lib/ch32v30x_dvp.o
LOAD ./CH32V30x/CH32V30x_p/CH32V30x_Lib/ch32v30x_eth.o
LOAD ./CH32V30x/CH32V30x_p/CH32V30x_Lib/ch32v30x_exti.o
LOAD ./CH32V30x/CH32V30x_p/CH32V30x_Lib/ch32v30x_flash.o
LOAD ./CH32V30x/CH32V30x_p/CH32V30x_Lib/ch32v30x_fsmc.o
LOAD ./CH32V30x/CH32V30x_p/CH32V30x_Lib/ch32v30x_gpio.o
LOAD ./CH32V30x/CH32V30x_p/CH32V30x_Lib/ch32v30x_i2c.o
LOAD ./CH32V30x/CH32V30x_p/CH32V30x_Lib/ch32v30x_iwdg.o
LOAD ./CH32V30x/CH32V30x_p/CH32V30x_Lib/ch32v30x_misc.o
LOAD ./CH32V30x/CH32V30x_p/CH32V30x_Lib/ch32v30x_opa.o
LOAD ./CH32V30x/CH32V30x_p/CH32V30x_Lib/ch32v30x_pwr.o
LOAD ./CH32V30x/CH32V30x_p/CH32V30x_Lib/ch32v30x_rcc.o
LOAD ./CH32V30x/CH32V30x_p/CH32V30x_Lib/ch32v30x_rng.o
LOAD ./CH32V30x/CH32V30x_p/CH32V30x_Lib/ch32v30x_rtc.o
LOAD ./CH32V30x/CH32V30x_p/CH32V30x_Lib/ch32v30x_sdio.o
LOAD ./CH32V30x/CH32V30x_p/CH32V30x_Lib/ch32v30x_spi.o
LOAD ./CH32V30x/CH32V30x_p/CH32V30x_Lib/ch32v30x_tim.o
LOAD ./CH32V30x/CH32V30x_p/CH32V30x_Lib/ch32v30x_usart.o
LOAD ./CH32V30x/CH32V30x_p/CH32V30x_Lib/ch32v30x_usbotg_device.o
LOAD ./CH32V30x/CH32V30x_p/CH32V30x_Lib/ch32v30x_wwdg.o
LOAD ./CH32V30x/CH32V30x_p/CH32V30x_Lib/system_ch32v30x.o
LOAD c:/mounriver/mounriver_studio/toolchain/risc-v embedded gcc/bin/../lib/gcc/riscv-none-embed/8.2.0/rv32imac/ilp32\libgcc.a
LOAD c:/mounriver/mounriver_studio/toolchain/risc-v embedded gcc/bin/../lib/gcc/riscv-none-embed/8.2.0/../../../../riscv-none-embed/lib/rv32imac/ilp32\libg_nano.a
LOAD c:/mounriver/mounriver_studio/toolchain/risc-v embedded gcc/bin/../lib/gcc/riscv-none-embed/8.2.0/../../../../riscv-none-embed/lib/rv32imac/ilp32\libc_nano.a
LOAD c:/mounriver/mounriver_studio/toolchain/risc-v embedded gcc/bin/../lib/gcc/riscv-none-embed/8.2.0/rv32imac/ilp32\libgcc.a
START GROUP
LOAD c:/mounriver/mounriver_studio/toolchain/risc-v embedded gcc/bin/../lib/gcc/riscv-none-embed/8.2.0/rv32imac/ilp32\libgcc.a
LOAD c:/mounriver/mounriver_studio/toolchain/risc-v embedded gcc/bin/../lib/gcc/riscv-none-embed/8.2.0/../../../../riscv-none-embed/lib/rv32imac/ilp32\libc_nano.a
LOAD c:/mounriver/mounriver_studio/toolchain/risc-v embedded gcc/bin/../lib/gcc/riscv-none-embed/8.2.0/../../../../riscv-none-embed/lib/rv32imac/ilp32\libnosys.a
END GROUP
START GROUP
LOAD c:/mounriver/mounriver_studio/toolchain/risc-v embedded gcc/bin/../lib/gcc/riscv-none-embed/8.2.0/rv32imac/ilp32\libgcc.a
LOAD c:/mounriver/mounriver_studio/toolchain/risc-v embedded gcc/bin/../lib/gcc/riscv-none-embed/8.2.0/../../../../riscv-none-embed/lib/rv32imac/ilp32\libc_nano.a
LOAD c:/mounriver/mounriver_studio/toolchain/risc-v embedded gcc/bin/../lib/gcc/riscv-none-embed/8.2.0/../../../../riscv-none-embed/lib/rv32imac/ilp32\libnosys.a
END GROUP
                0x0000000000000800                __stack_size = 0x800
                [!provide]                        PROVIDE (_stack_size = __stack_size)

.init           0x0000000000000000       0x38
                0x0000000000000000                _sinit = .
                0x0000000000000000                . = ALIGN (0x4)
 *(SORT_NONE(.init))
 .init          0x0000000000000000       0x38 ./CH32V30x/CH32V30x_p/Startup/startup_ch32v30x.o
                0x0000000000000000                _start
                0x0000000000000038                . = ALIGN (0x4)
                0x0000000000000038                _einit = .

.vector         0x0000000000000038      0x1c8
 *(.vector)
 .vector        0x0000000000000038      0x1a0 ./CH32V30x/CH32V30x_p/Startup/startup_ch32v30x.o
                0x0000000000000200                . = ALIGN (0x40)
 *fill*         0x00000000000001d8       0x28 

.text           0x0000000000000200     0x4d54
                0x0000000000000200                . = ALIGN (0x4)
 *(.text)
 .text          0x0000000000000200       0xa8 c:/mounriver/mounriver_studio/toolchain/risc-v embedded gcc/bin/../lib/gcc/riscv-none-embed/8.2.0/../../../../riscv-none-embed/lib/rv32imac/ilp32\libg_nano.a(lib_a-memset.o)
                0x0000000000000200                memset
 *(.text.*)
 .text.NMI_Handler
                0x00000000000002a8        0x4 ./user_c/isr.o
                0x00000000000002a8                NMI_Handler
 .text.HardFault_Handler
                0x00000000000002ac        0x2 ./user_c/isr.o
                0x00000000000002ac                HardFault_Handler
 .text.USART1_IRQHandler
                0x00000000000002ae       0x2a ./user_c/isr.o
                0x00000000000002ae                USART1_IRQHandler
 .text.USART2_IRQHandler
                0x00000000000002d8       0x2a ./user_c/isr.o
                0x00000000000002d8                USART2_IRQHandler
 .text.USART3_IRQHandler
                0x0000000000000302       0x2a ./user_c/isr.o
                0x0000000000000302                USART3_IRQHandler
 .text.UART4_IRQHandler
                0x000000000000032c       0x2a ./user_c/isr.o
                0x000000000000032c                UART4_IRQHandler
 .text.UART5_IRQHandler
                0x0000000000000356       0x1e ./user_c/isr.o
                0x0000000000000356                UART5_IRQHandler
 .text.UART6_IRQHandler
                0x0000000000000374       0x2a ./user_c/isr.o
                0x0000000000000374                UART6_IRQHandler
 .text.UART7_IRQHandler
                0x000000000000039e       0x2a ./user_c/isr.o
                0x000000000000039e                UART7_IRQHandler
 .text.UART8_IRQHandler
                0x00000000000003c8       0x1e ./user_c/isr.o
                0x00000000000003c8                UART8_IRQHandler
 .text.DVP_IRQHandler
                0x00000000000003e6       0x1c ./user_c/isr.o
                0x00000000000003e6                DVP_IRQHandler
 .text.EXTI0_IRQHandler
                0x0000000000000402       0x14 ./user_c/isr.o
                0x0000000000000402                EXTI0_IRQHandler
 .text.EXTI1_IRQHandler
                0x0000000000000416       0x26 ./user_c/isr.o
                0x0000000000000416                EXTI1_IRQHandler
 .text.EXTI2_IRQHandler
                0x000000000000043c       0x16 ./user_c/isr.o
                0x000000000000043c                EXTI2_IRQHandler
 .text.EXTI3_IRQHandler
                0x0000000000000452       0x16 ./user_c/isr.o
                0x0000000000000452                EXTI3_IRQHandler
 .text.EXTI4_IRQHandler
                0x0000000000000468       0x16 ./user_c/isr.o
                0x0000000000000468                EXTI4_IRQHandler
 .text.EXTI9_5_IRQHandler
                0x000000000000047e       0x72 ./user_c/isr.o
                0x000000000000047e                EXTI9_5_IRQHandler
 .text.EXTI15_10_IRQHandler
                0x00000000000004f0       0x82 ./user_c/isr.o
                0x00000000000004f0                EXTI15_10_IRQHandler
 .text.TIM1_UP_IRQHandler
                0x0000000000000572       0x26 ./user_c/isr.o
                0x0000000000000572                TIM1_UP_IRQHandler
 .text.TIM2_IRQHandler
                0x0000000000000598       0x22 ./user_c/isr.o
                0x0000000000000598                TIM2_IRQHandler
 .text.TIM3_IRQHandler
                0x00000000000005ba       0x26 ./user_c/isr.o
                0x00000000000005ba                TIM3_IRQHandler
 .text.TIM4_IRQHandler
                0x00000000000005e0       0x26 ./user_c/isr.o
                0x00000000000005e0                TIM4_IRQHandler
 .text.TIM5_IRQHandler
                0x0000000000000606       0x26 ./user_c/isr.o
                0x0000000000000606                TIM5_IRQHandler
 .text.TIM6_IRQHandler
                0x000000000000062c       0x1a ./user_c/isr.o
                0x000000000000062c                TIM6_IRQHandler
 .text.TIM7_IRQHandler
                0x0000000000000646       0x26 ./user_c/isr.o
                0x0000000000000646                TIM7_IRQHandler
 .text.TIM8_UP_IRQHandler
                0x000000000000066c       0x26 ./user_c/isr.o
                0x000000000000066c                TIM8_UP_IRQHandler
 .text.TIM9_UP_IRQHandler
                0x0000000000000692       0x26 ./user_c/isr.o
                0x0000000000000692                TIM9_UP_IRQHandler
 .text.TIM10_UP_IRQHandler
                0x00000000000006b8       0x1a ./user_c/isr.o
                0x00000000000006b8                TIM10_UP_IRQHandler
 .text.startup.main
                0x00000000000006d2       0xa2 ./user_c/main.o
                0x00000000000006d2                main
 .text.l9110s_init
                0x0000000000000774       0x62 ./hefei_peripheral/HF_L9110S_2.o
                0x0000000000000774                l9110s_init
 .text.tft180_write_index
                0x00000000000007d6       0x3a ./hefei_peripheral/HF_TFT180.o
 .text.tft180_set_region
                0x0000000000000810       0xf4 ./hefei_peripheral/HF_TFT180.o
 .text.tft180_clear
                0x0000000000000904       0x44 ./hefei_peripheral/HF_TFT180.o
                0x0000000000000904                tft180_clear
 .text.tft180_full
                0x0000000000000948       0x40 ./hefei_peripheral/HF_TFT180.o
                0x0000000000000948                tft180_full
 .text.tft180_set_dir
                0x0000000000000988       0x32 ./hefei_peripheral/HF_TFT180.o
                0x0000000000000988                tft180_set_dir
 .text.tft180_show_char
                0x00000000000009ba       0x98 ./hefei_peripheral/HF_TFT180.o
                0x00000000000009ba                tft180_show_char
 .text.tft180_show_string
                0x0000000000000a52       0x42 ./hefei_peripheral/HF_TFT180.o
                0x0000000000000a52                tft180_show_string
 .text.tft180_init
                0x0000000000000a94      0x39a ./hefei_peripheral/HF_TFT180.o
                0x0000000000000a94                tft180_init
 .text.ws2812b_write
                0x0000000000000e2e       0xa8 ./hefei_peripheral/HF_WS2812b.o
                0x0000000000000e2e                ws2812b_write
 .text.ws2812b_init
                0x0000000000000ed6       0x40 ./hefei_peripheral/HF_WS2812b.o
                0x0000000000000ed6                ws2812b_init
 .text.board_init
                0x0000000000000f16       0x38 ./hefei_libraries/board/board.o
                0x0000000000000f16                board_init
 .text._write   0x0000000000000f4e       0x50 ./hefei_libraries/board/board.o
                0x0000000000000f4e                _write
 .text.Delay_Init
                0x0000000000000f9e        0x2 ./hefei_libraries/delay.o
                0x0000000000000f9e                Delay_Init
 .text.Delay_Us
                0x0000000000000fa0       0x38 ./hefei_libraries/delay.o
                0x0000000000000fa0                Delay_Us
 .text.Delay_Ms
                0x0000000000000fd8       0x36 ./hefei_libraries/delay.o
                0x0000000000000fd8                Delay_Ms
 .text.adc_gpio_init
                0x000000000000100e       0xc6 ./hefei_libraries/hf_adc.o
                0x000000000000100e                adc_gpio_init
 .text.adc_init
                0x00000000000010d4       0x9a ./hefei_libraries/hf_adc.o
                0x00000000000010d4                adc_init
 .text.gpio_init
                0x000000000000116e       0xdc ./hefei_libraries/hf_gpio.o
                0x000000000000116e                gpio_init
 .text.gpio_bit_output
                0x000000000000124a       0x26 ./hefei_libraries/hf_gpio.o
                0x000000000000124a                gpio_bit_output
 .text.gpio_toggle
                0x0000000000001270       0x24 ./hefei_libraries/hf_gpio.o
                0x0000000000001270                gpio_toggle
 .text.interrupt_global_enable
                0x0000000000001294        0x2 ./hefei_libraries/hf_nvic.o
                0x0000000000001294                interrupt_global_enable
 .text.interrupt_global_disable
                0x0000000000001296        0x2 ./hefei_libraries/hf_nvic.o
                0x0000000000001296                interrupt_global_disable
 .text.pwm_duty
                0x0000000000001298       0x30 ./hefei_libraries/hf_pwm.o
                0x0000000000001298                pwm_duty
 .text.pwm_gpio_init
                0x00000000000012c8      0x470 ./hefei_libraries/hf_pwm.o
                0x00000000000012c8                pwm_gpio_init
 .text.pwm_init
                0x0000000000001738      0x1c2 ./hefei_libraries/hf_pwm.o
                0x0000000000001738                pwm_init
 .text.spi_gpio_init
                0x00000000000018fa      0x13a ./hefei_libraries/hf_spi.o
                0x00000000000018fa                spi_gpio_init
 .text.spi_init
                0x0000000000001a34      0x100 ./hefei_libraries/hf_spi.o
                0x0000000000001a34                spi_init
 .text.spi_write_8bit
                0x0000000000001b34       0x1c ./hefei_libraries/hf_spi.o
                0x0000000000001b34                spi_write_8bit
 .text.spi_write_16bit
                0x0000000000001b50       0x32 ./hefei_libraries/hf_spi.o
                0x0000000000001b50                spi_write_16bit
 .text.timbase_init
                0x0000000000001b82       0xa4 ./hefei_libraries/hf_tim.o
                0x0000000000001b82                timbase_init
 .text.uart_gpio_init
                0x0000000000001c26      0x23e ./hefei_libraries/hf_uart.o
                0x0000000000001c26                uart_gpio_init
 .text.uart_init
                0x0000000000001e64      0x1c8 ./hefei_libraries/hf_uart.o
                0x0000000000001e64                uart_init
 .text.board_led_init
                0x000000000000202c       0x2c ./CODE/board_led.o
                0x000000000000202c                board_led_init
 .text.car_init
                0x0000000000002058       0x68 ./CODE/car_init.o
                0x0000000000002058                car_init
 .text.key_init
                0x00000000000020c0       0x92 ./CODE/car_keys.o
                0x00000000000020c0                key_init
 .text.reed_init
                0x0000000000002152       0x10 ./CODE/car_reed.o
                0x0000000000002152                reed_init
 .text.vector_handler
                0x0000000000002162       0xbe ./CH32V30x/CH32V30x_p/Startup/startup_ch32v30x.o
                0x0000000000002166                Ecall_M_Mode_Handler
                0x0000000000002168                Ecall_U_Mode_Handler
                0x000000000000216a                Break_Point_Handler
                0x000000000000216c                SysTick_Handler
                0x000000000000216e                SW_handler
                0x0000000000002170                WWDG_IRQHandler
                0x0000000000002172                PVD_IRQHandler
                0x0000000000002174                TAMPER_IRQHandler
                0x0000000000002176                RTC_IRQHandler
                0x0000000000002178                FLASH_IRQHandler
                0x000000000000217a                RCC_IRQHandler
                0x0000000000002186                DMA1_Channel1_IRQHandler
                0x0000000000002188                DMA1_Channel2_IRQHandler
                0x000000000000218a                DMA1_Channel3_IRQHandler
                0x000000000000218c                DMA1_Channel4_IRQHandler
                0x000000000000218e                DMA1_Channel5_IRQHandler
                0x0000000000002190                DMA1_Channel6_IRQHandler
                0x0000000000002192                DMA1_Channel7_IRQHandler
                0x0000000000002194                ADC1_2_IRQHandler
                0x0000000000002196                USB_HP_CAN1_TX_IRQHandler
                0x0000000000002198                USB_LP_CAN1_RX0_IRQHandler
                0x000000000000219a                CAN1_RX1_IRQHandler
                0x000000000000219c                CAN1_SCE_IRQHandler
                0x00000000000021a0                TIM1_BRK_IRQHandler
                0x00000000000021a4                TIM1_TRG_COM_IRQHandler
                0x00000000000021a6                TIM1_CC_IRQHandler
                0x00000000000021ae                I2C1_EV_IRQHandler
                0x00000000000021b0                I2C1_ER_IRQHandler
                0x00000000000021b2                I2C2_EV_IRQHandler
                0x00000000000021b4                I2C2_ER_IRQHandler
                0x00000000000021b6                SPI1_IRQHandler
                0x00000000000021b8                SPI2_IRQHandler
                0x00000000000021c2                RTCAlarm_IRQHandler
                0x00000000000021c4                USBWakeUp_IRQHandler
                0x00000000000021c6                TIM8_BRK_IRQHandler
                0x00000000000021ca                TIM8_TRG_COM_IRQHandler
                0x00000000000021cc                TIM8_CC_IRQHandler
                0x00000000000021ce                RNG_IRQHandler
                0x00000000000021d0                FSMC_IRQHandler
                0x00000000000021d2                SDIO_IRQHandler
                0x00000000000021d6                SPI3_IRQHandler
                0x00000000000021e0                DMA2_Channel1_IRQHandler
                0x00000000000021e2                DMA2_Channel2_IRQHandler
                0x00000000000021e4                DMA2_Channel3_IRQHandler
                0x00000000000021e6                DMA2_Channel4_IRQHandler
                0x00000000000021e8                DMA2_Channel5_IRQHandler
                0x00000000000021ea                ETH_IRQHandler
                0x00000000000021ec                ETH_WKUP_IRQHandler
                0x00000000000021ee                CAN2_TX_IRQHandler
                0x00000000000021f0                CAN2_RX0_IRQHandler
                0x00000000000021f2                CAN2_RX1_IRQHandler
                0x00000000000021f4                CAN2_SCE_IRQHandler
                0x00000000000021f8                USBHSWakeup_IRQHandler
                0x00000000000021fa                USBHS_IRQHandler
                0x0000000000002204                TIM9_BRK_IRQHandler
                0x0000000000002208                TIM9_TRG_COM_IRQHandler
                0x000000000000220a                TIM9_CC_IRQHandler
                0x000000000000220c                TIM10_BRK_IRQHandler
                0x0000000000002210                TIM10_TRG_COM_IRQHandler
                0x0000000000002212                TIM10_CC_IRQHandler
                0x0000000000002214                DMA2_Channel6_IRQHandler
                0x0000000000002216                DMA2_Channel7_IRQHandler
                0x0000000000002218                DMA2_Channel8_IRQHandler
                0x000000000000221a                DMA2_Channel9_IRQHandler
                0x000000000000221c                DMA2_Channel10_IRQHandler
                0x000000000000221e                DMA2_Channel11_IRQHandler
 .text.handle_reset
                0x0000000000002220       0x8e ./CH32V30x/CH32V30x_p/Startup/startup_ch32v30x.o
                0x0000000000002220                handle_reset
 .text.ADC_DeInit
                0x00000000000022ae       0x46 ./CH32V30x/CH32V30x_p/CH32V30x_Lib/ch32v30x_adc.o
                0x00000000000022ae                ADC_DeInit
 .text.ADC_Init
                0x00000000000022f4       0x58 ./CH32V30x/CH32V30x_p/CH32V30x_Lib/ch32v30x_adc.o
                0x00000000000022f4                ADC_Init
 .text.ADC_Cmd  0x000000000000234c       0x10 ./CH32V30x/CH32V30x_p/CH32V30x_Lib/ch32v30x_adc.o
                0x000000000000234c                ADC_Cmd
 .text.ADC_ResetCalibration
                0x000000000000235c        0xa ./CH32V30x/CH32V30x_p/CH32V30x_Lib/ch32v30x_adc.o
                0x000000000000235c                ADC_ResetCalibration
 .text.ADC_GetResetCalibrationStatus
                0x0000000000002366        0x8 ./CH32V30x/CH32V30x_p/CH32V30x_Lib/ch32v30x_adc.o
                0x0000000000002366                ADC_GetResetCalibrationStatus
 .text.ADC_StartCalibration
                0x000000000000236e        0xa ./CH32V30x/CH32V30x_p/CH32V30x_Lib/ch32v30x_adc.o
                0x000000000000236e                ADC_StartCalibration
 .text.ADC_GetCalibrationStatus
                0x0000000000002378        0x8 ./CH32V30x/CH32V30x_p/CH32V30x_Lib/ch32v30x_adc.o
                0x0000000000002378                ADC_GetCalibrationStatus
 .text.EXTI_GetITStatus
                0x0000000000002380       0x1e ./CH32V30x/CH32V30x_p/CH32V30x_Lib/ch32v30x_exti.o
                0x0000000000002380                EXTI_GetITStatus
 .text.EXTI_ClearITPendingBit
                0x000000000000239e        0xa ./CH32V30x/CH32V30x_p/CH32V30x_Lib/ch32v30x_exti.o
                0x000000000000239e                EXTI_ClearITPendingBit
 .text.GPIO_Init
                0x00000000000023a8       0xc2 ./CH32V30x/CH32V30x_p/CH32V30x_Lib/ch32v30x_gpio.o
                0x00000000000023a8                GPIO_Init
 .text.GPIO_WriteBit
                0x000000000000246a        0xa ./CH32V30x/CH32V30x_p/CH32V30x_Lib/ch32v30x_gpio.o
                0x000000000000246a                GPIO_WriteBit
 .text.GPIO_PinRemapConfig
                0x0000000000002474       0x86 ./CH32V30x/CH32V30x_p/CH32V30x_Lib/ch32v30x_gpio.o
                0x0000000000002474                GPIO_PinRemapConfig
 .text.RCC_ADCCLKConfig
                0x00000000000024fa       0x12 ./CH32V30x/CH32V30x_p/CH32V30x_Lib/ch32v30x_rcc.o
                0x00000000000024fa                RCC_ADCCLKConfig
 .text.RCC_GetClocksFreq
                0x000000000000250c      0x10e ./CH32V30x/CH32V30x_p/CH32V30x_Lib/ch32v30x_rcc.o
                0x000000000000250c                RCC_GetClocksFreq
 .text.RCC_APB2PeriphClockCmd
                0x000000000000261a       0x1e ./CH32V30x/CH32V30x_p/CH32V30x_Lib/ch32v30x_rcc.o
                0x000000000000261a                RCC_APB2PeriphClockCmd
 .text.RCC_APB1PeriphClockCmd
                0x0000000000002638       0x1e ./CH32V30x/CH32V30x_p/CH32V30x_Lib/ch32v30x_rcc.o
                0x0000000000002638                RCC_APB1PeriphClockCmd
 .text.RCC_APB2PeriphResetCmd
                0x0000000000002656       0x1e ./CH32V30x/CH32V30x_p/CH32V30x_Lib/ch32v30x_rcc.o
                0x0000000000002656                RCC_APB2PeriphResetCmd
 .text.SPI_Init
                0x0000000000002674       0x5a ./CH32V30x/CH32V30x_p/CH32V30x_Lib/ch32v30x_spi.o
                0x0000000000002674                SPI_Init
 .text.SPI_Cmd  0x00000000000026ce       0x1e ./CH32V30x/CH32V30x_p/CH32V30x_Lib/ch32v30x_spi.o
                0x00000000000026ce                SPI_Cmd
 .text.TIM_TimeBaseInit
                0x00000000000026ec       0xc0 ./CH32V30x/CH32V30x_p/CH32V30x_Lib/ch32v30x_tim.o
                0x00000000000026ec                TIM_TimeBaseInit
 .text.TIM_OC1Init
                0x00000000000027ac       0xa0 ./CH32V30x/CH32V30x_p/CH32V30x_Lib/ch32v30x_tim.o
                0x00000000000027ac                TIM_OC1Init
 .text.TIM_OC2Init
                0x000000000000284c       0xcc ./CH32V30x/CH32V30x_p/CH32V30x_Lib/ch32v30x_tim.o
                0x000000000000284c                TIM_OC2Init
 .text.TIM_OC3Init
                0x0000000000002918       0xca ./CH32V30x/CH32V30x_p/CH32V30x_Lib/ch32v30x_tim.o
                0x0000000000002918                TIM_OC3Init
 .text.TIM_OC4Init
                0x00000000000029e2       0x9e ./CH32V30x/CH32V30x_p/CH32V30x_Lib/ch32v30x_tim.o
                0x00000000000029e2                TIM_OC4Init
 .text.TIM_Cmd  0x0000000000002a80       0x1c ./CH32V30x/CH32V30x_p/CH32V30x_Lib/ch32v30x_tim.o
                0x0000000000002a80                TIM_Cmd
 .text.TIM_CtrlPWMOutputs
                0x0000000000002a9c       0x16 ./CH32V30x/CH32V30x_p/CH32V30x_Lib/ch32v30x_tim.o
                0x0000000000002a9c                TIM_CtrlPWMOutputs
 .text.TIM_OC1PreloadConfig
                0x0000000000002ab2       0x12 ./CH32V30x/CH32V30x_p/CH32V30x_Lib/ch32v30x_tim.o
                0x0000000000002ab2                TIM_OC1PreloadConfig
 .text.TIM_OC2PreloadConfig
                0x0000000000002ac4       0x1a ./CH32V30x/CH32V30x_p/CH32V30x_Lib/ch32v30x_tim.o
                0x0000000000002ac4                TIM_OC2PreloadConfig
 .text.TIM_OC3PreloadConfig
                0x0000000000002ade       0x12 ./CH32V30x/CH32V30x_p/CH32V30x_Lib/ch32v30x_tim.o
                0x0000000000002ade                TIM_OC3PreloadConfig
 .text.TIM_OC4PreloadConfig
                0x0000000000002af0       0x1a ./CH32V30x/CH32V30x_p/CH32V30x_Lib/ch32v30x_tim.o
                0x0000000000002af0                TIM_OC4PreloadConfig
 .text.TIM_OC4PolarityConfig
                0x0000000000002b0a       0x18 ./CH32V30x/CH32V30x_p/CH32V30x_Lib/ch32v30x_tim.o
                0x0000000000002b0a                TIM_OC4PolarityConfig
 .text.TIM_SetCounter
                0x0000000000002b22        0x6 ./CH32V30x/CH32V30x_p/CH32V30x_Lib/ch32v30x_tim.o
                0x0000000000002b22                TIM_SetCounter
 .text.TIM_GetFlagStatus
                0x0000000000002b28        0xc ./CH32V30x/CH32V30x_p/CH32V30x_Lib/ch32v30x_tim.o
                0x0000000000002b28                TIM_GetFlagStatus
 .text.TIM_ClearFlag
                0x0000000000002b34        0xe ./CH32V30x/CH32V30x_p/CH32V30x_Lib/ch32v30x_tim.o
                0x0000000000002b34                TIM_ClearFlag
 .text.TIM_GetITStatus
                0x0000000000002b42       0x1c ./CH32V30x/CH32V30x_p/CH32V30x_Lib/ch32v30x_tim.o
                0x0000000000002b42                TIM_GetITStatus
 .text.TIM_ClearITPendingBit
                0x0000000000002b5e        0xe ./CH32V30x/CH32V30x_p/CH32V30x_Lib/ch32v30x_tim.o
                0x0000000000002b5e                TIM_ClearITPendingBit
 .text.USART_Init
                0x0000000000002b6c       0xda ./CH32V30x/CH32V30x_p/CH32V30x_Lib/ch32v30x_usart.o
                0x0000000000002b6c                USART_Init
 .text.USART_Cmd
                0x0000000000002c46       0x1c ./CH32V30x/CH32V30x_p/CH32V30x_Lib/ch32v30x_usart.o
                0x0000000000002c46                USART_Cmd
 .text.USART_SendData
                0x0000000000002c62        0xa ./CH32V30x/CH32V30x_p/CH32V30x_Lib/ch32v30x_usart.o
                0x0000000000002c62                USART_SendData
 .text.USART_GetFlagStatus
                0x0000000000002c6c        0xc ./CH32V30x/CH32V30x_p/CH32V30x_Lib/ch32v30x_usart.o
                0x0000000000002c6c                USART_GetFlagStatus
 .text.USART_GetITStatus
                0x0000000000002c78       0x44 ./CH32V30x/CH32V30x_p/CH32V30x_Lib/ch32v30x_usart.o
                0x0000000000002c78                USART_GetITStatus
 .text.USART_ClearITPendingBit
                0x0000000000002cbc       0x16 ./CH32V30x/CH32V30x_p/CH32V30x_Lib/ch32v30x_usart.o
                0x0000000000002cbc                USART_ClearITPendingBit
 .text.DevEP1_IN_Deal
                0x0000000000002cd2       0x16 ./CH32V30x/CH32V30x_p/CH32V30x_Lib/ch32v30x_usbotg_device.o
                0x0000000000002cd2                DevEP1_IN_Deal
 .text.DevEP2_IN_Deal
                0x0000000000002ce8       0x16 ./CH32V30x/CH32V30x_p/CH32V30x_Lib/ch32v30x_usbotg_device.o
                0x0000000000002ce8                DevEP2_IN_Deal
 .text.DevEP1_OUT_Deal
                0x0000000000002cfe       0x22 ./CH32V30x/CH32V30x_p/CH32V30x_Lib/ch32v30x_usbotg_device.o
                0x0000000000002cfe                DevEP1_OUT_Deal
 .text.DevEP2_OUT_Deal
                0x0000000000002d20       0x22 ./CH32V30x/CH32V30x_p/CH32V30x_Lib/ch32v30x_usbotg_device.o
                0x0000000000002d20                DevEP2_OUT_Deal
 .text.OTG_FS_IRQHandler
                0x0000000000002d42      0x6c2 ./CH32V30x/CH32V30x_p/CH32V30x_Lib/ch32v30x_usbotg_device.o
                0x0000000000002d42                OTG_FS_IRQHandler
 .text.SystemInit
                0x0000000000003404      0x122 ./CH32V30x/CH32V30x_p/CH32V30x_Lib/system_ch32v30x.o
                0x0000000000003404                SystemInit
 .text.memcpy   0x0000000000003526       0xb6 c:/mounriver/mounriver_studio/toolchain/risc-v embedded gcc/bin/../lib/gcc/riscv-none-embed/8.2.0/../../../../riscv-none-embed/lib/rv32imac/ilp32\libg_nano.a(lib_a-memcpy.o)
                0x0000000000003526                memcpy
 .text.__sfputc_r
                0x00000000000035dc       0x28 c:/mounriver/mounriver_studio/toolchain/risc-v embedded gcc/bin/../lib/gcc/riscv-none-embed/8.2.0/../../../../riscv-none-embed/lib/rv32imac/ilp32\libg_nano.a(lib_a-nano-vfprintf.o)
 .text.__sfputs_r
                0x0000000000003604       0x42 c:/mounriver/mounriver_studio/toolchain/risc-v embedded gcc/bin/../lib/gcc/riscv-none-embed/8.2.0/../../../../riscv-none-embed/lib/rv32imac/ilp32\libg_nano.a(lib_a-nano-vfprintf.o)
                0x0000000000003604                __sfputs_r
 .text._vfprintf_r
                0x0000000000003646      0x29e c:/mounriver/mounriver_studio/toolchain/risc-v embedded gcc/bin/../lib/gcc/riscv-none-embed/8.2.0/../../../../riscv-none-embed/lib/rv32imac/ilp32\libg_nano.a(lib_a-nano-vfprintf.o)
                0x0000000000003646                _vfprintf_r
                0x0000000000003646                _vfiprintf_r
 .text._printf_common
                0x00000000000038e4      0x10c c:/mounriver/mounriver_studio/toolchain/risc-v embedded gcc/bin/../lib/gcc/riscv-none-embed/8.2.0/../../../../riscv-none-embed/lib/rv32imac/ilp32\libg_nano.a(lib_a-nano-vfprintf_i.o)
                0x00000000000038e4                _printf_common
 .text._printf_i
                0x00000000000039f0      0x2ac c:/mounriver/mounriver_studio/toolchain/risc-v embedded gcc/bin/../lib/gcc/riscv-none-embed/8.2.0/../../../../riscv-none-embed/lib/rv32imac/ilp32\libg_nano.a(lib_a-nano-vfprintf_i.o)
                0x00000000000039f0                _printf_i
 .text.printf   0x0000000000003c9c       0x40 c:/mounriver/mounriver_studio/toolchain/risc-v embedded gcc/bin/../lib/gcc/riscv-none-embed/8.2.0/../../../../riscv-none-embed/lib/rv32imac/ilp32\libg_nano.a(lib_a-printf.o)
                0x0000000000003c9c                iprintf
                0x0000000000003c9c                printf
 .text.__swbuf_r
                0x0000000000003cdc       0xc0 c:/mounriver/mounriver_studio/toolchain/risc-v embedded gcc/bin/../lib/gcc/riscv-none-embed/8.2.0/../../../../riscv-none-embed/lib/rv32imac/ilp32\libg_nano.a(lib_a-wbuf.o)
                0x0000000000003cdc                __swbuf_r
 .text.__swsetup_r
                0x0000000000003d9c      0x10c c:/mounriver/mounriver_studio/toolchain/risc-v embedded gcc/bin/../lib/gcc/riscv-none-embed/8.2.0/../../../../riscv-none-embed/lib/rv32imac/ilp32\libg_nano.a(lib_a-wsetup.o)
                0x0000000000003d9c                __swsetup_r
 .text.__sflush_r
                0x0000000000003ea8      0x13c c:/mounriver/mounriver_studio/toolchain/risc-v embedded gcc/bin/../lib/gcc/riscv-none-embed/8.2.0/../../../../riscv-none-embed/lib/rv32imac/ilp32\libg_nano.a(lib_a-fflush.o)
                0x0000000000003ea8                __sflush_r
 .text._fflush_r
                0x0000000000003fe4       0x66 c:/mounriver/mounriver_studio/toolchain/risc-v embedded gcc/bin/../lib/gcc/riscv-none-embed/8.2.0/../../../../riscv-none-embed/lib/rv32imac/ilp32\libg_nano.a(lib_a-fflush.o)
                0x0000000000003fe4                _fflush_r
 .text.std      0x000000000000404a       0x6a c:/mounriver/mounriver_studio/toolchain/risc-v embedded gcc/bin/../lib/gcc/riscv-none-embed/8.2.0/../../../../riscv-none-embed/lib/rv32imac/ilp32\libg_nano.a(lib_a-findfp.o)
 .text._cleanup_r
                0x00000000000040b4        0xa c:/mounriver/mounriver_studio/toolchain/risc-v embedded gcc/bin/../lib/gcc/riscv-none-embed/8.2.0/../../../../riscv-none-embed/lib/rv32imac/ilp32\libg_nano.a(lib_a-findfp.o)
                0x00000000000040b4                _cleanup_r
 .text.__sfmoreglue
                0x00000000000040be       0x46 c:/mounriver/mounriver_studio/toolchain/risc-v embedded gcc/bin/../lib/gcc/riscv-none-embed/8.2.0/../../../../riscv-none-embed/lib/rv32imac/ilp32\libg_nano.a(lib_a-findfp.o)
                0x00000000000040be                __sfmoreglue
 .text.__sinit  0x0000000000004104       0x6c c:/mounriver/mounriver_studio/toolchain/risc-v embedded gcc/bin/../lib/gcc/riscv-none-embed/8.2.0/../../../../riscv-none-embed/lib/rv32imac/ilp32\libg_nano.a(lib_a-findfp.o)
                0x0000000000004104                __sinit
 .text.__sfp    0x0000000000004170       0x9e c:/mounriver/mounriver_studio/toolchain/risc-v embedded gcc/bin/../lib/gcc/riscv-none-embed/8.2.0/../../../../riscv-none-embed/lib/rv32imac/ilp32\libg_nano.a(lib_a-findfp.o)
                0x0000000000004170                __sfp
 .text._fwalk_reent
                0x000000000000420e       0x6c c:/mounriver/mounriver_studio/toolchain/risc-v embedded gcc/bin/../lib/gcc/riscv-none-embed/8.2.0/../../../../riscv-none-embed/lib/rv32imac/ilp32\libg_nano.a(lib_a-fwalk.o)
                0x000000000000420e                _fwalk_reent
 .text.__swhatbuf_r
                0x000000000000427a       0x58 c:/mounriver/mounriver_studio/toolchain/risc-v embedded gcc/bin/../lib/gcc/riscv-none-embed/8.2.0/../../../../riscv-none-embed/lib/rv32imac/ilp32\libg_nano.a(lib_a-makebuf.o)
                0x000000000000427a                __swhatbuf_r
 .text.__smakebuf_r
                0x00000000000042d2       0x9e c:/mounriver/mounriver_studio/toolchain/risc-v embedded gcc/bin/../lib/gcc/riscv-none-embed/8.2.0/../../../../riscv-none-embed/lib/rv32imac/ilp32\libg_nano.a(lib_a-makebuf.o)
                0x00000000000042d2                __smakebuf_r
 .text.memchr   0x0000000000004370       0x1a c:/mounriver/mounriver_studio/toolchain/risc-v embedded gcc/bin/../lib/gcc/riscv-none-embed/8.2.0/../../../../riscv-none-embed/lib/rv32imac/ilp32\libg_nano.a(lib_a-memchr.o)
                0x0000000000004370                memchr
 .text._free_r  0x000000000000438a       0xa4 c:/mounriver/mounriver_studio/toolchain/risc-v embedded gcc/bin/../lib/gcc/riscv-none-embed/8.2.0/../../../../riscv-none-embed/lib/rv32imac/ilp32\libg_nano.a(lib_a-nano-freer.o)
                0x000000000000438a                _free_r
 .text._malloc_r
                0x000000000000442e       0xce c:/mounriver/mounriver_studio/toolchain/risc-v embedded gcc/bin/../lib/gcc/riscv-none-embed/8.2.0/../../../../riscv-none-embed/lib/rv32imac/ilp32\libg_nano.a(lib_a-nano-mallocr.o)
                0x000000000000442e                _malloc_r
 .text._sbrk_r  0x00000000000044fc       0x28 c:/mounriver/mounriver_studio/toolchain/risc-v embedded gcc/bin/../lib/gcc/riscv-none-embed/8.2.0/../../../../riscv-none-embed/lib/rv32imac/ilp32\libg_nano.a(lib_a-sbrkr.o)
                0x00000000000044fc                _sbrk_r
 .text.__sread  0x0000000000004524       0x30 c:/mounriver/mounriver_studio/toolchain/risc-v embedded gcc/bin/../lib/gcc/riscv-none-embed/8.2.0/../../../../riscv-none-embed/lib/rv32imac/ilp32\libg_nano.a(lib_a-stdio.o)
                0x0000000000004524                __sread
 .text.__swrite
                0x0000000000004554       0x4e c:/mounriver/mounriver_studio/toolchain/risc-v embedded gcc/bin/../lib/gcc/riscv-none-embed/8.2.0/../../../../riscv-none-embed/lib/rv32imac/ilp32\libg_nano.a(lib_a-stdio.o)
                0x0000000000004554                __swrite
 .text.__sseek  0x00000000000045a2       0x36 c:/mounriver/mounriver_studio/toolchain/risc-v embedded gcc/bin/../lib/gcc/riscv-none-embed/8.2.0/../../../../riscv-none-embed/lib/rv32imac/ilp32\libg_nano.a(lib_a-stdio.o)
                0x00000000000045a2                __sseek
 .text.__sclose
                0x00000000000045d8        0x6 c:/mounriver/mounriver_studio/toolchain/risc-v embedded gcc/bin/../lib/gcc/riscv-none-embed/8.2.0/../../../../riscv-none-embed/lib/rv32imac/ilp32\libg_nano.a(lib_a-stdio.o)
                0x00000000000045d8                __sclose
 .text._write_r
                0x00000000000045de       0x2e c:/mounriver/mounriver_studio/toolchain/risc-v embedded gcc/bin/../lib/gcc/riscv-none-embed/8.2.0/../../../../riscv-none-embed/lib/rv32imac/ilp32\libg_nano.a(lib_a-writer.o)
                0x00000000000045de                _write_r
 .text._close_r
                0x000000000000460c       0x28 c:/mounriver/mounriver_studio/toolchain/risc-v embedded gcc/bin/../lib/gcc/riscv-none-embed/8.2.0/../../../../riscv-none-embed/lib/rv32imac/ilp32\libg_nano.a(lib_a-closer.o)
                0x000000000000460c                _close_r
 .text._fstat_r
                0x0000000000004634       0x2a c:/mounriver/mounriver_studio/toolchain/risc-v embedded gcc/bin/../lib/gcc/riscv-none-embed/8.2.0/../../../../riscv-none-embed/lib/rv32imac/ilp32\libg_nano.a(lib_a-fstatr.o)
                0x0000000000004634                _fstat_r
 .text._isatty_r
                0x000000000000465e       0x28 c:/mounriver/mounriver_studio/toolchain/risc-v embedded gcc/bin/../lib/gcc/riscv-none-embed/8.2.0/../../../../riscv-none-embed/lib/rv32imac/ilp32\libg_nano.a(lib_a-isattyr.o)
                0x000000000000465e                _isatty_r
 .text._lseek_r
                0x0000000000004686       0x2c c:/mounriver/mounriver_studio/toolchain/risc-v embedded gcc/bin/../lib/gcc/riscv-none-embed/8.2.0/../../../../riscv-none-embed/lib/rv32imac/ilp32\libg_nano.a(lib_a-lseekr.o)
                0x0000000000004686                _lseek_r
 .text.__malloc_lock
                0x00000000000046b2        0x2 c:/mounriver/mounriver_studio/toolchain/risc-v embedded gcc/bin/../lib/gcc/riscv-none-embed/8.2.0/../../../../riscv-none-embed/lib/rv32imac/ilp32\libg_nano.a(lib_a-mlock.o)
                0x00000000000046b2                __malloc_lock
 .text.__malloc_unlock
                0x00000000000046b4        0x2 c:/mounriver/mounriver_studio/toolchain/risc-v embedded gcc/bin/../lib/gcc/riscv-none-embed/8.2.0/../../../../riscv-none-embed/lib/rv32imac/ilp32\libg_nano.a(lib_a-mlock.o)
                0x00000000000046b4                __malloc_unlock
 .text._read_r  0x00000000000046b6       0x2c c:/mounriver/mounriver_studio/toolchain/risc-v embedded gcc/bin/../lib/gcc/riscv-none-embed/8.2.0/../../../../riscv-none-embed/lib/rv32imac/ilp32\libg_nano.a(lib_a-readr.o)
                0x00000000000046b6                _read_r
 .text._close   0x00000000000046e2        0xc c:/mounriver/mounriver_studio/toolchain/risc-v embedded gcc/bin/../lib/gcc/riscv-none-embed/8.2.0/../../../../riscv-none-embed/lib/rv32imac/ilp32\libnosys.a(close.o)
                0x00000000000046e2                _close
 .text._fstat   0x00000000000046ee        0xc c:/mounriver/mounriver_studio/toolchain/risc-v embedded gcc/bin/../lib/gcc/riscv-none-embed/8.2.0/../../../../riscv-none-embed/lib/rv32imac/ilp32\libnosys.a(fstat.o)
                0x00000000000046ee                _fstat
 .text._isatty  0x00000000000046fa        0xc c:/mounriver/mounriver_studio/toolchain/risc-v embedded gcc/bin/../lib/gcc/riscv-none-embed/8.2.0/../../../../riscv-none-embed/lib/rv32imac/ilp32\libnosys.a(isatty.o)
                0x00000000000046fa                _isatty
 .text._lseek   0x0000000000004706        0xc c:/mounriver/mounriver_studio/toolchain/risc-v embedded gcc/bin/../lib/gcc/riscv-none-embed/8.2.0/../../../../riscv-none-embed/lib/rv32imac/ilp32\libnosys.a(lseek.o)
                0x0000000000004706                _lseek
 .text._read    0x0000000000004712        0xc c:/mounriver/mounriver_studio/toolchain/risc-v embedded gcc/bin/../lib/gcc/riscv-none-embed/8.2.0/../../../../riscv-none-embed/lib/rv32imac/ilp32\libnosys.a(read.o)
                0x0000000000004712                _read
 .text._sbrk    0x000000000000471e       0x20 c:/mounriver/mounriver_studio/toolchain/risc-v embedded gcc/bin/../lib/gcc/riscv-none-embed/8.2.0/../../../../riscv-none-embed/lib/rv32imac/ilp32\libnosys.a(sbrk.o)
                0x000000000000471e                _sbrk
 *(.rodata)
 *(.rodata*)
 *fill*         0x000000000000473e        0x2 
 .rodata.main.str1.4
                0x0000000000004740        0x5 ./user_c/main.o
 *fill*         0x0000000000004745        0x3 
 .rodata.tft_ascii
                0x0000000000004748      0x5f0 ./hefei_libraries/hf_common_font.o
                0x0000000000004748                tft_ascii
 .rodata.GPION  0x0000000000004d38       0x14 ./hefei_libraries/hf_gpio.o
                0x0000000000004d38                GPION
 .rodata.SPIN   0x0000000000004d4c        0xc ./hefei_libraries/hf_spi.o
                0x0000000000004d4c                SPIN
 .rodata.TIMERN
                0x0000000000004d58       0x20 ./hefei_libraries/hf_tim.o
                0x0000000000004d58                TIMERN
 .rodata.UARTN  0x0000000000004d78       0x20 ./hefei_libraries/hf_uart.o
                0x0000000000004d78                UARTN
 .rodata.OTG_FS_IRQHandler
                0x0000000000004d98       0x30 ./CH32V30x/CH32V30x_p/CH32V30x_Lib/ch32v30x_usbotg_device.o
 .rodata.MyCfgDescrHD
                0x0000000000004dc8       0x43 ./CH32V30x/CH32V30x_p/CH32V30x_Lib/ch32v30x_usbotg_device.o
                0x0000000000004dc8                MyCfgDescrHD
 *fill*         0x0000000000004e0b        0x1 
 .rodata.MyDevDescrHD
                0x0000000000004e0c       0x12 ./CH32V30x/CH32V30x_p/CH32V30x_Lib/ch32v30x_usbotg_device.o
                0x0000000000004e0c                MyDevDescrHD
 *fill*         0x0000000000004e1e        0x2 
 .rodata.MyManuInfoHD
                0x0000000000004e20        0xe ./CH32V30x/CH32V30x_p/CH32V30x_Lib/ch32v30x_usbotg_device.o
                0x0000000000004e20                MyManuInfoHD
 *fill*         0x0000000000004e2e        0x2 
 .rodata.MyProdInfoHD
                0x0000000000004e30        0xc ./CH32V30x/CH32V30x_p/CH32V30x_Lib/ch32v30x_usbotg_device.o
                0x0000000000004e30                MyProdInfoHD
 .rodata.MyReportDescHD
                0x0000000000004e3c       0x14 ./CH32V30x/CH32V30x_p/CH32V30x_Lib/ch32v30x_usbotg_device.o
                0x0000000000004e3c                MyReportDescHD
 .rodata.MySerNumInfoHD
                0x0000000000004e50       0x16 ./CH32V30x/CH32V30x_p/CH32V30x_Lib/ch32v30x_usbotg_device.o
                0x0000000000004e50                MySerNumInfoHD
 *fill*         0x0000000000004e66        0x2 
 .rodata.MyUSBQUADescHD
                0x0000000000004e68        0xa ./CH32V30x/CH32V30x_p/CH32V30x_Lib/ch32v30x_usbotg_device.o
                0x0000000000004e68                MyUSBQUADescHD
 *fill*         0x0000000000004e72        0x2 
 .rodata.OTG_FS_IRQHandler.str1.4
                0x0000000000004e74       0x41 ./CH32V30x/CH32V30x_p/CH32V30x_Lib/ch32v30x_usbotg_device.o
 *fill*         0x0000000000004eb5        0x3 
 .rodata._vfprintf_r.str1.4
                0x0000000000004eb8       0x13 c:/mounriver/mounriver_studio/toolchain/risc-v embedded gcc/bin/../lib/gcc/riscv-none-embed/8.2.0/../../../../riscv-none-embed/lib/rv32imac/ilp32\libg_nano.a(lib_a-nano-vfprintf.o)
 *fill*         0x0000000000004ecb        0x1 
 .rodata._printf_i.str1.4
                0x0000000000004ecc       0x28 c:/mounriver/mounriver_studio/toolchain/risc-v embedded gcc/bin/../lib/gcc/riscv-none-embed/8.2.0/../../../../riscv-none-embed/lib/rv32imac/ilp32\libg_nano.a(lib_a-nano-vfprintf_i.o)
                                         0x25 (size before relaxing)
 .rodata.__sf_fake_stderr
                0x0000000000004ef4       0x20 c:/mounriver/mounriver_studio/toolchain/risc-v embedded gcc/bin/../lib/gcc/riscv-none-embed/8.2.0/../../../../riscv-none-embed/lib/rv32imac/ilp32\libg_nano.a(lib_a-findfp.o)
                0x0000000000004ef4                __sf_fake_stderr
 .rodata.__sf_fake_stdin
                0x0000000000004f14       0x20 c:/mounriver/mounriver_studio/toolchain/risc-v embedded gcc/bin/../lib/gcc/riscv-none-embed/8.2.0/../../../../riscv-none-embed/lib/rv32imac/ilp32\libg_nano.a(lib_a-findfp.o)
                0x0000000000004f14                __sf_fake_stdin
 .rodata.__sf_fake_stdout
                0x0000000000004f34       0x20 c:/mounriver/mounriver_studio/toolchain/risc-v embedded gcc/bin/../lib/gcc/riscv-none-embed/8.2.0/../../../../riscv-none-embed/lib/rv32imac/ilp32\libg_nano.a(lib_a-findfp.o)
                0x0000000000004f34                __sf_fake_stdout
 *(.glue_7)
 *(.glue_7t)
 *(.gnu.linkonce.t.*)
                0x0000000000004f54                . = ALIGN (0x4)

.rela.dyn       0x0000000000004f54        0x0
 .rela.init     0x0000000000004f54        0x0 ./user_c/isr.o
 .rela.vector   0x0000000000004f54        0x0 ./user_c/isr.o
 .rela.text.handle_reset
                0x0000000000004f54        0x0 ./user_c/isr.o
 .rela.text.DevEP1_OUT_Deal
                0x0000000000004f54        0x0 ./user_c/isr.o
 .rela.text.DevEP2_OUT_Deal
                0x0000000000004f54        0x0 ./user_c/isr.o
 .rela.text.OTG_FS_IRQHandler
                0x0000000000004f54        0x0 ./user_c/isr.o
 .rela.text._vfprintf_r
                0x0000000000004f54        0x0 ./user_c/isr.o
 .rela.text._sbrk_r
                0x0000000000004f54        0x0 ./user_c/isr.o
 .rela.text._write_r
                0x0000000000004f54        0x0 ./user_c/isr.o
 .rela.text._close_r
                0x0000000000004f54        0x0 ./user_c/isr.o
 .rela.text._fstat_r
                0x0000000000004f54        0x0 ./user_c/isr.o
 .rela.text._isatty_r
                0x0000000000004f54        0x0 ./user_c/isr.o
 .rela.text._lseek_r
                0x0000000000004f54        0x0 ./user_c/isr.o
 .rela.text._read_r
                0x0000000000004f54        0x0 ./user_c/isr.o
 .rela.text._close
                0x0000000000004f54        0x0 ./user_c/isr.o
 .rela.text._fstat
                0x0000000000004f54        0x0 ./user_c/isr.o
 .rela.text._isatty
                0x0000000000004f54        0x0 ./user_c/isr.o
 .rela.text._lseek
                0x0000000000004f54        0x0 ./user_c/isr.o
 .rela.text._read
                0x0000000000004f54        0x0 ./user_c/isr.o
 .rela.text._sbrk
                0x0000000000004f54        0x0 ./user_c/isr.o

.fini           0x0000000000004f54        0x0
 *(SORT_NONE(.fini))
                0x0000000000004f54                . = ALIGN (0x4)
                [!provide]                        PROVIDE (_etext = .)
                [!provide]                        PROVIDE (_eitcm = .)

.preinit_array  0x0000000000004f54        0x0
                [!provide]                        PROVIDE (__preinit_array_start = .)
 *(.preinit_array)
                [!provide]                        PROVIDE (__preinit_array_end = .)

.init_array     0x0000000000004f54        0x0
                [!provide]                        PROVIDE (__init_array_start = .)
 *(SORT_BY_INIT_PRIORITY(.init_array.*) SORT_BY_INIT_PRIORITY(.ctors.*))
 *(.init_array EXCLUDE_FILE(*crtend?.o *crtend.o *crtbegin?.o *crtbegin.o) .ctors)
                [!provide]                        PROVIDE (__init_array_end = .)

.fini_array     0x0000000000004f54        0x0
                [!provide]                        PROVIDE (__fini_array_start = .)
 *(SORT_BY_INIT_PRIORITY(.fini_array.*) SORT_BY_INIT_PRIORITY(.dtors.*))
 *(.fini_array EXCLUDE_FILE(*crtend?.o *crtend.o *crtbegin?.o *crtbegin.o) .dtors)
                [!provide]                        PROVIDE (__fini_array_end = .)

.ctors
 *crtbegin.o(.ctors)
 *crtbegin?.o(.ctors)
 *(EXCLUDE_FILE(*crtend?.o *crtend.o) .ctors)
 *(SORT_BY_NAME(.ctors.*))
 *(.ctors)

.dtors
 *crtbegin.o(.dtors)
 *crtbegin?.o(.dtors)
 *(EXCLUDE_FILE(*crtend?.o *crtend.o) .dtors)
 *(SORT_BY_NAME(.dtors.*))
 *(.dtors)

.dalign         0x0000000020000000        0x0 load address 0x0000000000004f54
                0x0000000020000000                . = ALIGN (0x4)
                0x0000000020000000                PROVIDE (_data_vma = .)

.dlalign        0x0000000000004f54        0x0
                0x0000000000004f54                . = ALIGN (0x4)
                0x0000000000004f54                PROVIDE (_data_lma = .)

.data           0x0000000020000000       0xe0 load address 0x0000000000004f54
 *(.gnu.linkonce.r.*)
 *(.data .data.*)
 .data.APBAHBPrescTable
                0x0000000020000000       0x10 ./CH32V30x/CH32V30x_p/CH32V30x_Lib/ch32v30x_rcc.o
 .data.TAB_USB_FS_OSC_DESC
                0x0000000020000010       0x43 ./CH32V30x/CH32V30x_p/CH32V30x_Lib/ch32v30x_usbotg_device.o
                0x0000000020000010                TAB_USB_FS_OSC_DESC
 *fill*         0x0000000020000053        0x1 
 .data.impure_data
                0x0000000020000054       0x60 c:/mounriver/mounriver_studio/toolchain/risc-v embedded gcc/bin/../lib/gcc/riscv-none-embed/8.2.0/../../../../riscv-none-embed/lib/rv32imac/ilp32\libg_nano.a(lib_a-impure.o)
 *(.gnu.linkonce.d.*)
                0x00000000200000b8                . = ALIGN (0x8)
 *fill*         0x00000000200000b4        0x4 
                0x00000000200008b8                PROVIDE (__global_pointer$ = (. + 0x800))
 *(.sdata .sdata.*)
 .sdata.tft180_bgcolor
                0x00000000200000b8        0x2 ./hefei_peripheral/HF_TFT180.o
 .sdata.tft180_pencolor
                0x00000000200000ba        0x2 ./hefei_peripheral/HF_TFT180.o
 .sdata.tft180_x_max
                0x00000000200000bc        0x1 ./hefei_peripheral/HF_TFT180.o
 .sdata.tft180_y_max
                0x00000000200000bd        0x1 ./hefei_peripheral/HF_TFT180.o
 *fill*         0x00000000200000be        0x2 
 .sdata.ADCPrescTable
                0x00000000200000c0        0x4 ./CH32V30x/CH32V30x_p/CH32V30x_Lib/ch32v30x_rcc.o
 .sdata.LineCoding
                0x00000000200000c4        0x7 ./CH32V30x/CH32V30x_p/CH32V30x_Lib/ch32v30x_usbotg_device.o
                0x00000000200000c4                LineCoding
 .sdata.USBHD_Dev_Speed
                0x00000000200000cb        0x1 ./CH32V30x/CH32V30x_p/CH32V30x_Lib/ch32v30x_usbotg_device.o
                0x00000000200000cb                USBHD_Dev_Speed
 .sdata.SystemCoreClock
                0x00000000200000cc        0x4 ./CH32V30x/CH32V30x_p/CH32V30x_Lib/system_ch32v30x.o
                0x00000000200000cc                SystemCoreClock
 .sdata._impure_ptr
                0x00000000200000d0        0x4 c:/mounriver/mounriver_studio/toolchain/risc-v embedded gcc/bin/../lib/gcc/riscv-none-embed/8.2.0/../../../../riscv-none-embed/lib/rv32imac/ilp32\libg_nano.a(lib_a-impure.o)
                0x00000000200000d0                _impure_ptr
 *(.sdata2.*)
 .sdata2.MyLangDescrHD
                0x00000000200000d4        0x4 ./CH32V30x/CH32V30x_p/CH32V30x_Lib/ch32v30x_usbotg_device.o
                0x00000000200000d4                MyLangDescrHD
 .sdata2._global_impure_ptr
                0x00000000200000d8        0x4 c:/mounriver/mounriver_studio/toolchain/risc-v embedded gcc/bin/../lib/gcc/riscv-none-embed/8.2.0/../../../../riscv-none-embed/lib/rv32imac/ilp32\libg_nano.a(lib_a-impure.o)
                0x00000000200000d8                _global_impure_ptr
 *(.gnu.linkonce.s.*)
                0x00000000200000e0                . = ALIGN (0x8)
 *fill*         0x00000000200000dc        0x4 
 *(.srodata.cst16)
 *(.srodata.cst8)
 *(.srodata.cst4)
 *(.srodata.cst2)
 *(.srodata .srodata.*)
                0x00000000200000e0                . = ALIGN (0x4)
                0x00000000200000e0                PROVIDE (_edata = .)

.bss            0x00000000200000e0      0x180 load address 0x0000000000005034
                0x00000000200000e0                . = ALIGN (0x4)
                0x00000000200000e0                PROVIDE (_sbss = .)
 *(.sbss*)
 .sbss.tft180_display_dir
                0x00000000200000e0        0x4 ./hefei_peripheral/HF_TFT180.o
 .sbss.sys_clk  0x00000000200000e4        0x4 ./hefei_libraries/common.o
                0x00000000200000e4                sys_clk
 .sbss.USBHD_Dev_SetupReqLen
                0x00000000200000e8        0x2 ./CH32V30x/CH32V30x_p/CH32V30x_Lib/ch32v30x_usbotg_device.o
                0x00000000200000e8                USBHD_Dev_SetupReqLen
 .sbss.USBHD_Dev_SleepStatus
                0x00000000200000ea        0x1 ./CH32V30x/CH32V30x_p/CH32V30x_Lib/ch32v30x_usbotg_device.o
                0x00000000200000ea                USBHD_Dev_SleepStatus
 *fill*         0x00000000200000eb        0x1 
 .sbss.__malloc_free_list
                0x00000000200000ec        0x4 c:/mounriver/mounriver_studio/toolchain/risc-v embedded gcc/bin/../lib/gcc/riscv-none-embed/8.2.0/../../../../riscv-none-embed/lib/rv32imac/ilp32\libg_nano.a(lib_a-nano-mallocr.o)
                0x00000000200000ec                __malloc_free_list
 .sbss.__malloc_sbrk_start
                0x00000000200000f0        0x4 c:/mounriver/mounriver_studio/toolchain/risc-v embedded gcc/bin/../lib/gcc/riscv-none-embed/8.2.0/../../../../riscv-none-embed/lib/rv32imac/ilp32\libg_nano.a(lib_a-nano-mallocr.o)
                0x00000000200000f0                __malloc_sbrk_start
 .sbss.heap_end.1518
                0x00000000200000f4        0x4 c:/mounriver/mounriver_studio/toolchain/risc-v embedded gcc/bin/../lib/gcc/riscv-none-embed/8.2.0/../../../../riscv-none-embed/lib/rv32imac/ilp32\libnosys.a(sbrk.o)
 *(.gnu.linkonce.sb.*)
 *(.bss*)
 *(.gnu.linkonce.b.*)
 *(COMMON*)
 COMMON         0x00000000200000f8      0x164 ./CH32V30x/CH32V30x_p/CH32V30x_Lib/ch32v30x_usbotg_device.o
                0x00000000200000f8                DevConfig
                0x00000000200000fc                EP2_DatabufHD
                0x000000002000017c                SetupReqLen
                0x000000002000017e                SetupReqCode
                0x0000000020000180                pDescr
                0x0000000020000184                pEP2_RAM_Addr
                0x0000000020000188                pEP0_RAM_Addr
                0x000000002000018c                EP1_DatabufHD
                0x000000002000020c                EP0_DatabufHD
                0x0000000020000214                Receive_Uart_Buf
                0x0000000020000254                UsbConfig
                0x0000000020000258                pEP1_RAM_Addr
 COMMON         0x000000002000025c        0x4 c:/mounriver/mounriver_studio/toolchain/risc-v embedded gcc/bin/../lib/gcc/riscv-none-embed/8.2.0/../../../../riscv-none-embed/lib/rv32imac/ilp32\libg_nano.a(lib_a-reent.o)
                0x000000002000025c                errno
                0x0000000020000260                . = ALIGN (0x4)
                0x0000000020000260                PROVIDE (_ebss = .)
                [!provide]                        PROVIDE (_end = _ebss)
                0x0000000020000260                PROVIDE (end = .)

.stack          0x0000000020007800      0x800
                0x0000000020007800                . = ALIGN (0x4)
                [!provide]                        PROVIDE (_susrstack = .)
                0x0000000020008000                . = (. + __stack_size)
 *fill*         0x0000000020007800      0x800 
                0x0000000020008000                PROVIDE (_eusrstack = .)
OUTPUT(Car_TFT180.elf elf32-littleriscv)

.debug_info     0x0000000000000000    0x1cade
 .debug_info    0x0000000000000000     0x1aeb ./user_c/isr.o
 .debug_info    0x0000000000001aeb      0xd6c ./user_c/main.o
 .debug_info    0x0000000000002857      0xf04 ./hefei_peripheral/HF_L9110S_2.o
 .debug_info    0x000000000000375b     0x270e ./hefei_peripheral/HF_TFT180.o
 .debug_info    0x0000000000005e69     0x11f3 ./hefei_peripheral/HF_WS2812b.o
 .debug_info    0x000000000000705c      0xf69 ./hefei_libraries/board/board.o
 .debug_info    0x0000000000007fc5      0xa06 ./hefei_libraries/common.o
 .debug_info    0x00000000000089cb      0xb35 ./hefei_libraries/delay.o
 .debug_info    0x0000000000009500     0x122f ./hefei_libraries/hf_adc.o
 .debug_info    0x000000000000a72f      0xa7e ./hefei_libraries/hf_common_font.o
 .debug_info    0x000000000000b1ad      0xff4 ./hefei_libraries/hf_gpio.o
 .debug_info    0x000000000000c1a1     0x10d4 ./hefei_libraries/hf_nvic.o
 .debug_info    0x000000000000d275     0x1602 ./hefei_libraries/hf_pwm.o
 .debug_info    0x000000000000e877     0x1244 ./hefei_libraries/hf_spi.o
 .debug_info    0x000000000000fabb      0x542 ./hefei_libraries/hf_tim.o
 .debug_info    0x000000000000fffd     0x1a77 ./hefei_libraries/hf_uart.o
 .debug_info    0x0000000000011a74      0xeb5 ./CODE/board_led.o
 .debug_info    0x0000000000012929      0xe0e ./CODE/car_init.o
 .debug_info    0x0000000000013737      0xf39 ./CODE/car_keys.o
 .debug_info    0x0000000000014670      0xe4c ./CODE/car_reed.o
 .debug_info    0x00000000000154bc       0x22 ./CH32V30x/CH32V30x_p/Startup/startup_ch32v30x.o
 .debug_info    0x00000000000154de      0xe3d ./CH32V30x/CH32V30x_p/CH32V30x_Lib/ch32v30x_adc.o
 .debug_info    0x000000000001631b      0x35f ./CH32V30x/CH32V30x_p/CH32V30x_Lib/ch32v30x_exti.o
 .debug_info    0x000000000001667a      0x815 ./CH32V30x/CH32V30x_p/CH32V30x_Lib/ch32v30x_gpio.o
 .debug_info    0x0000000000016e8f      0xca9 ./CH32V30x/CH32V30x_p/CH32V30x_Lib/ch32v30x_rcc.o
 .debug_info    0x0000000000017b38      0xa00 ./CH32V30x/CH32V30x_p/CH32V30x_Lib/ch32v30x_spi.o
 .debug_info    0x0000000000018538     0x216a ./CH32V30x/CH32V30x_p/CH32V30x_Lib/ch32v30x_tim.o
 .debug_info    0x000000000001a6a2      0xb3c ./CH32V30x/CH32V30x_p/CH32V30x_Lib/ch32v30x_usart.o
 .debug_info    0x000000000001b1de     0x15a4 ./CH32V30x/CH32V30x_p/CH32V30x_Lib/ch32v30x_usbotg_device.o
 .debug_info    0x000000000001c782      0x35c ./CH32V30x/CH32V30x_p/CH32V30x_Lib/system_ch32v30x.o

.debug_abbrev   0x0000000000000000     0x4aa5
 .debug_abbrev  0x0000000000000000      0x2bc ./user_c/isr.o
 .debug_abbrev  0x00000000000002bc      0x241 ./user_c/main.o
 .debug_abbrev  0x00000000000004fd      0x26f ./hefei_peripheral/HF_L9110S_2.o
 .debug_abbrev  0x000000000000076c      0x486 ./hefei_peripheral/HF_TFT180.o
 .debug_abbrev  0x0000000000000bf2      0x2c8 ./hefei_peripheral/HF_WS2812b.o
 .debug_abbrev  0x0000000000000eba      0x2c7 ./hefei_libraries/board/board.o
 .debug_abbrev  0x0000000000001181      0x1e7 ./hefei_libraries/common.o
 .debug_abbrev  0x0000000000001368      0x259 ./hefei_libraries/delay.o
 .debug_abbrev  0x00000000000015c1      0x324 ./hefei_libraries/hf_adc.o
 .debug_abbrev  0x00000000000018e5      0x1ec ./hefei_libraries/hf_common_font.o
 .debug_abbrev  0x0000000000001ad1      0x30c ./hefei_libraries/hf_gpio.o
 .debug_abbrev  0x0000000000001ddd      0x30c ./hefei_libraries/hf_nvic.o
 .debug_abbrev  0x00000000000020e9      0x337 ./hefei_libraries/hf_pwm.o
 .debug_abbrev  0x0000000000002420      0x2d3 ./hefei_libraries/hf_spi.o
 .debug_abbrev  0x00000000000026f3      0x1ae ./hefei_libraries/hf_tim.o
 .debug_abbrev  0x00000000000028a1      0x360 ./hefei_libraries/hf_uart.o
 .debug_abbrev  0x0000000000002c01      0x254 ./CODE/board_led.o
 .debug_abbrev  0x0000000000002e55      0x278 ./CODE/car_init.o
 .debug_abbrev  0x00000000000030cd      0x2b2 ./CODE/car_keys.o
 .debug_abbrev  0x000000000000337f      0x260 ./CODE/car_reed.o
 .debug_abbrev  0x00000000000035df       0x12 ./CH32V30x/CH32V30x_p/Startup/startup_ch32v30x.o
 .debug_abbrev  0x00000000000035f1      0x2a2 ./CH32V30x/CH32V30x_p/CH32V30x_Lib/ch32v30x_adc.o
 .debug_abbrev  0x0000000000003893      0x1c9 ./CH32V30x/CH32V30x_p/CH32V30x_Lib/ch32v30x_exti.o
 .debug_abbrev  0x0000000000003a5c      0x21b ./CH32V30x/CH32V30x_p/CH32V30x_Lib/ch32v30x_gpio.o
 .debug_abbrev  0x0000000000003c77      0x259 ./CH32V30x/CH32V30x_p/CH32V30x_Lib/ch32v30x_rcc.o
 .debug_abbrev  0x0000000000003ed0      0x214 ./CH32V30x/CH32V30x_p/CH32V30x_Lib/ch32v30x_spi.o
 .debug_abbrev  0x00000000000040e4      0x310 ./CH32V30x/CH32V30x_p/CH32V30x_Lib/ch32v30x_tim.o
 .debug_abbrev  0x00000000000043f4      0x214 ./CH32V30x/CH32V30x_p/CH32V30x_Lib/ch32v30x_usart.o
 .debug_abbrev  0x0000000000004608      0x2fe ./CH32V30x/CH32V30x_p/CH32V30x_Lib/ch32v30x_usbotg_device.o
 .debug_abbrev  0x0000000000004906      0x19f ./CH32V30x/CH32V30x_p/CH32V30x_Lib/system_ch32v30x.o

.debug_aranges  0x0000000000000000      0xe58
 .debug_aranges
                0x0000000000000000       0xf8 ./user_c/isr.o
 .debug_aranges
                0x00000000000000f8       0x20 ./user_c/main.o
 .debug_aranges
                0x0000000000000118       0x30 ./hefei_peripheral/HF_L9110S_2.o
 .debug_aranges
                0x0000000000000148       0xc0 ./hefei_peripheral/HF_TFT180.o
 .debug_aranges
                0x0000000000000208       0x28 ./hefei_peripheral/HF_WS2812b.o
 .debug_aranges
                0x0000000000000230       0x28 ./hefei_libraries/board/board.o
 .debug_aranges
                0x0000000000000258       0x18 ./hefei_libraries/common.o
 .debug_aranges
                0x0000000000000270       0x30 ./hefei_libraries/delay.o
 .debug_aranges
                0x00000000000002a0       0x38 ./hefei_libraries/hf_adc.o
 .debug_aranges
                0x00000000000002d8       0x18 ./hefei_libraries/hf_common_font.o
 .debug_aranges
                0x00000000000002f0       0x40 ./hefei_libraries/hf_gpio.o
 .debug_aranges
                0x0000000000000330       0x40 ./hefei_libraries/hf_nvic.o
 .debug_aranges
                0x0000000000000370       0x40 ./hefei_libraries/hf_pwm.o
 .debug_aranges
                0x00000000000003b0       0x40 ./hefei_libraries/hf_spi.o
 .debug_aranges
                0x00000000000003f0       0x28 ./hefei_libraries/hf_tim.o
 .debug_aranges
                0x0000000000000418       0x58 ./hefei_libraries/hf_uart.o
 .debug_aranges
                0x0000000000000470       0x38 ./CODE/board_led.o
 .debug_aranges
                0x00000000000004a8       0x28 ./CODE/car_init.o
 .debug_aranges
                0x00000000000004d0       0x28 ./CODE/car_keys.o
 .debug_aranges
                0x00000000000004f8       0x28 ./CODE/car_reed.o
 .debug_aranges
                0x0000000000000520       0x30 ./CH32V30x/CH32V30x_p/Startup/startup_ch32v30x.o
 .debug_aranges
                0x0000000000000550      0x150 ./CH32V30x/CH32V30x_p/CH32V30x_Lib/ch32v30x_adc.o
 .debug_aranges
                0x00000000000006a0       0x50 ./CH32V30x/CH32V30x_p/CH32V30x_Lib/ch32v30x_exti.o
 .debug_aranges
                0x00000000000006f0       0xa8 ./CH32V30x/CH32V30x_p/CH32V30x_Lib/ch32v30x_gpio.o
 .debug_aranges
                0x0000000000000798      0x1a8 ./CH32V30x/CH32V30x_p/CH32V30x_Lib/ch32v30x_rcc.o
 .debug_aranges
                0x0000000000000940       0xd0 ./CH32V30x/CH32V30x_p/CH32V30x_Lib/ch32v30x_spi.o
 .debug_aranges
                0x0000000000000a10      0x2d0 ./CH32V30x/CH32V30x_p/CH32V30x_Lib/ch32v30x_tim.o
 .debug_aranges
                0x0000000000000ce0      0x100 ./CH32V30x/CH32V30x_p/CH32V30x_Lib/ch32v30x_usart.o
 .debug_aranges
                0x0000000000000de0       0x50 ./CH32V30x/CH32V30x_p/CH32V30x_Lib/ch32v30x_usbotg_device.o
 .debug_aranges
                0x0000000000000e30       0x28 ./CH32V30x/CH32V30x_p/CH32V30x_Lib/system_ch32v30x.o

.debug_ranges   0x0000000000000000      0xd58
 .debug_ranges  0x0000000000000000       0xe8 ./user_c/isr.o
 .debug_ranges  0x00000000000000e8       0x10 ./user_c/main.o
 .debug_ranges  0x00000000000000f8       0x20 ./hefei_peripheral/HF_L9110S_2.o
 .debug_ranges  0x0000000000000118       0xc8 ./hefei_peripheral/HF_TFT180.o
 .debug_ranges  0x00000000000001e0       0x18 ./hefei_peripheral/HF_WS2812b.o
 .debug_ranges  0x00000000000001f8       0x18 ./hefei_libraries/board/board.o
 .debug_ranges  0x0000000000000210       0x20 ./hefei_libraries/delay.o
 .debug_ranges  0x0000000000000230       0x40 ./hefei_libraries/hf_adc.o
 .debug_ranges  0x0000000000000270       0x30 ./hefei_libraries/hf_gpio.o
 .debug_ranges  0x00000000000002a0       0x30 ./hefei_libraries/hf_nvic.o
 .debug_ranges  0x00000000000002d0       0x48 ./hefei_libraries/hf_pwm.o
 .debug_ranges  0x0000000000000318       0x30 ./hefei_libraries/hf_spi.o
 .debug_ranges  0x0000000000000348       0x18 ./hefei_libraries/hf_tim.o
 .debug_ranges  0x0000000000000360       0x48 ./hefei_libraries/hf_uart.o
 .debug_ranges  0x00000000000003a8       0x28 ./CODE/board_led.o
 .debug_ranges  0x00000000000003d0       0x18 ./CODE/car_init.o
 .debug_ranges  0x00000000000003e8       0x18 ./CODE/car_keys.o
 .debug_ranges  0x0000000000000400       0x18 ./CODE/car_reed.o
 .debug_ranges  0x0000000000000418       0x28 ./CH32V30x/CH32V30x_p/Startup/startup_ch32v30x.o
 .debug_ranges  0x0000000000000440      0x178 ./CH32V30x/CH32V30x_p/CH32V30x_Lib/ch32v30x_adc.o
 .debug_ranges  0x00000000000005b8       0x40 ./CH32V30x/CH32V30x_p/CH32V30x_Lib/ch32v30x_exti.o
 .debug_ranges  0x00000000000005f8       0x98 ./CH32V30x/CH32V30x_p/CH32V30x_Lib/ch32v30x_gpio.o
 .debug_ranges  0x0000000000000690      0x198 ./CH32V30x/CH32V30x_p/CH32V30x_Lib/ch32v30x_rcc.o
 .debug_ranges  0x0000000000000828       0xc0 ./CH32V30x/CH32V30x_p/CH32V30x_Lib/ch32v30x_spi.o
 .debug_ranges  0x00000000000008e8      0x308 ./CH32V30x/CH32V30x_p/CH32V30x_Lib/ch32v30x_tim.o
 .debug_ranges  0x0000000000000bf0       0xf0 ./CH32V30x/CH32V30x_p/CH32V30x_Lib/ch32v30x_usart.o
 .debug_ranges  0x0000000000000ce0       0x40 ./CH32V30x/CH32V30x_p/CH32V30x_Lib/ch32v30x_usbotg_device.o
 .debug_ranges  0x0000000000000d20       0x38 ./CH32V30x/CH32V30x_p/CH32V30x_Lib/system_ch32v30x.o

.debug_line     0x0000000000000000    0x14c69
 .debug_line    0x0000000000000000      0xd02 ./user_c/isr.o
 .debug_line    0x0000000000000d02      0x50f ./user_c/main.o
 .debug_line    0x0000000000001211      0x536 ./hefei_peripheral/HF_L9110S_2.o
 .debug_line    0x0000000000001747     0x1b1c ./hefei_peripheral/HF_TFT180.o
 .debug_line    0x0000000000003263      0x613 ./hefei_peripheral/HF_WS2812b.o
 .debug_line    0x0000000000003876      0x5c5 ./hefei_libraries/board/board.o
 .debug_line    0x0000000000003e3b      0x2c3 ./hefei_libraries/common.o
 .debug_line    0x00000000000040fe      0x49b ./hefei_libraries/delay.o
 .debug_line    0x0000000000004599      0x838 ./hefei_libraries/hf_adc.o
 .debug_line    0x0000000000004dd1      0x2df ./hefei_libraries/hf_common_font.o
 .debug_line    0x00000000000050b0      0x6a6 ./hefei_libraries/hf_gpio.o
 .debug_line    0x0000000000005756      0x4ce ./hefei_libraries/hf_nvic.o
 .debug_line    0x0000000000005c24      0xefd ./hefei_libraries/hf_pwm.o
 .debug_line    0x0000000000006b21      0x9d3 ./hefei_libraries/hf_spi.o
 .debug_line    0x00000000000074f4      0x45c ./hefei_libraries/hf_tim.o
 .debug_line    0x0000000000007950      0xd20 ./hefei_libraries/hf_uart.o
 .debug_line    0x0000000000008670      0x50e ./CODE/board_led.o
 .debug_line    0x0000000000008b7e      0x55a ./CODE/car_init.o
 .debug_line    0x00000000000090d8      0x6d4 ./CODE/car_keys.o
 .debug_line    0x00000000000097ac      0x47b ./CODE/car_reed.o
 .debug_line    0x0000000000009c27      0x3a9 ./CH32V30x/CH32V30x_p/Startup/startup_ch32v30x.o
 .debug_line    0x0000000000009fd0     0x1802 ./CH32V30x/CH32V30x_p/CH32V30x_Lib/ch32v30x_adc.o
 .debug_line    0x000000000000b7d2      0x52c ./CH32V30x/CH32V30x_p/CH32V30x_Lib/ch32v30x_exti.o
 .debug_line    0x000000000000bcfe      0xca3 ./CH32V30x/CH32V30x_p/CH32V30x_Lib/ch32v30x_gpio.o
 .debug_line    0x000000000000c9a1     0x16fb ./CH32V30x/CH32V30x_p/CH32V30x_Lib/ch32v30x_rcc.o
 .debug_line    0x000000000000e09c      0xcf5 ./CH32V30x/CH32V30x_p/CH32V30x_Lib/ch32v30x_spi.o
 .debug_line    0x000000000000ed91     0x3369 ./CH32V30x/CH32V30x_p/CH32V30x_Lib/ch32v30x_tim.o
 .debug_line    0x00000000000120fa      0xfbf ./CH32V30x/CH32V30x_p/CH32V30x_Lib/ch32v30x_usart.o
 .debug_line    0x00000000000130b9     0x1469 ./CH32V30x/CH32V30x_p/CH32V30x_Lib/ch32v30x_usbotg_device.o
 .debug_line    0x0000000000014522      0x747 ./CH32V30x/CH32V30x_p/CH32V30x_Lib/system_ch32v30x.o

.debug_str      0x0000000000000000     0x57fd
 .debug_str     0x0000000000000000      0xb4c ./user_c/isr.o
                                        0xc1f (size before relaxing)
 .debug_str     0x0000000000000b4c       0x9c ./user_c/main.o
                                        0x7d8 (size before relaxing)
 .debug_str     0x0000000000000be8      0x4f2 ./hefei_peripheral/HF_L9110S_2.o
                                        0xc45 (size before relaxing)
 .debug_str     0x00000000000010da      0x4b4 ./hefei_peripheral/HF_TFT180.o
                                        0xbfe (size before relaxing)
 .debug_str     0x000000000000158e       0xe0 ./hefei_peripheral/HF_WS2812b.o
                                        0xdd0 (size before relaxing)
 .debug_str     0x000000000000166e      0x2f3 ./hefei_libraries/board/board.o
                                        0xabc (size before relaxing)
 .debug_str     0x0000000000001961       0x5b ./hefei_libraries/common.o
                                        0x694 (size before relaxing)
 .debug_str     0x00000000000019bc       0x8c ./hefei_libraries/delay.o
                                        0x70b (size before relaxing)
 .debug_str     0x0000000000001a48      0x3bc ./hefei_libraries/hf_adc.o
                                        0xaa2 (size before relaxing)
 .debug_str     0x0000000000001e04       0x63 ./hefei_libraries/hf_common_font.o
                                        0x6b9 (size before relaxing)
 .debug_str     0x0000000000001e67      0x22e ./hefei_libraries/hf_gpio.o
                                        0x93c (size before relaxing)
 .debug_str     0x0000000000002095      0x746 ./hefei_libraries/hf_nvic.o
                                        0xe29 (size before relaxing)
 .debug_str     0x00000000000027db      0x244 ./hefei_libraries/hf_pwm.o
                                        0xf09 (size before relaxing)
 .debug_str     0x0000000000002a1f      0x216 ./hefei_libraries/hf_spi.o
                                        0xae2 (size before relaxing)
 .debug_str     0x0000000000002c35      0x1ee ./hefei_libraries/hf_tim.o
                                        0x56e (size before relaxing)
 .debug_str     0x0000000000002e23      0x1e5 ./hefei_libraries/hf_uart.o
                                       0x1172 (size before relaxing)
 .debug_str     0x0000000000003008       0x9a ./CODE/board_led.o
                                        0x873 (size before relaxing)
 .debug_str     0x00000000000030a2       0x72 ./CODE/car_init.o
                                        0x8e7 (size before relaxing)
 .debug_str     0x0000000000003114       0x72 ./CODE/car_keys.o
                                        0x847 (size before relaxing)
 .debug_str     0x0000000000003186       0x61 ./CODE/car_reed.o
                                        0x81a (size before relaxing)
 .debug_str     0x00000000000031e7       0x7b ./CH32V30x/CH32V30x_p/Startup/startup_ch32v30x.o
                                         0xcf (size before relaxing)
 .debug_str     0x0000000000003262      0x471 ./CH32V30x/CH32V30x_p/CH32V30x_Lib/ch32v30x_adc.o
                                        0x889 (size before relaxing)
 .debug_str     0x00000000000036d3      0x1d5 ./CH32V30x/CH32V30x_p/CH32V30x_Lib/ch32v30x_exti.o
                                        0x3ff (size before relaxing)
 .debug_str     0x00000000000038a8      0x23e ./CH32V30x/CH32V30x_p/CH32V30x_Lib/ch32v30x_gpio.o
                                        0x5e3 (size before relaxing)
 .debug_str     0x0000000000003ae6      0x63a ./CH32V30x/CH32V30x_p/CH32V30x_Lib/ch32v30x_rcc.o
                                        0x933 (size before relaxing)
 .debug_str     0x0000000000004120      0x2d6 ./CH32V30x/CH32V30x_p/CH32V30x_Lib/ch32v30x_spi.o
                                        0x6f2 (size before relaxing)
 .debug_str     0x00000000000043f6      0x8eb ./CH32V30x/CH32V30x_p/CH32V30x_Lib/ch32v30x_tim.o
                                        0xeed (size before relaxing)
 .debug_str     0x0000000000004ce1      0x360 ./CH32V30x/CH32V30x_p/CH32V30x_Lib/ch32v30x_usart.o
                                        0x789 (size before relaxing)
 .debug_str     0x0000000000005041      0x6e7 ./CH32V30x/CH32V30x_p/CH32V30x_Lib/ch32v30x_usbotg_device.o
                                        0xd54 (size before relaxing)
 .debug_str     0x0000000000005728       0xd5 ./CH32V30x/CH32V30x_p/CH32V30x_Lib/system_ch32v30x.o
                                        0x36a (size before relaxing)

.comment        0x0000000000000000       0x33
 .comment       0x0000000000000000       0x33 ./user_c/isr.o
                                         0x34 (size before relaxing)
 .comment       0x0000000000000033       0x34 ./user_c/main.o
 .comment       0x0000000000000033       0x34 ./hefei_peripheral/HF_L9110S_2.o
 .comment       0x0000000000000033       0x34 ./hefei_peripheral/HF_TFT180.o
 .comment       0x0000000000000033       0x34 ./hefei_peripheral/HF_WS2812b.o
 .comment       0x0000000000000033       0x34 ./hefei_libraries/board/board.o
 .comment       0x0000000000000033       0x34 ./hefei_libraries/common.o
 .comment       0x0000000000000033       0x34 ./hefei_libraries/delay.o
 .comment       0x0000000000000033       0x34 ./hefei_libraries/hf_adc.o
 .comment       0x0000000000000033       0x34 ./hefei_libraries/hf_common_font.o
 .comment       0x0000000000000033       0x34 ./hefei_libraries/hf_gpio.o
 .comment       0x0000000000000033       0x34 ./hefei_libraries/hf_nvic.o
 .comment       0x0000000000000033       0x34 ./hefei_libraries/hf_pwm.o
 .comment       0x0000000000000033       0x34 ./hefei_libraries/hf_spi.o
 .comment       0x0000000000000033       0x34 ./hefei_libraries/hf_tim.o
 .comment       0x0000000000000033       0x34 ./hefei_libraries/hf_uart.o
 .comment       0x0000000000000033       0x34 ./CODE/board_led.o
 .comment       0x0000000000000033       0x34 ./CODE/car_init.o
 .comment       0x0000000000000033       0x34 ./CODE/car_keys.o
 .comment       0x0000000000000033       0x34 ./CODE/car_reed.o
 .comment       0x0000000000000033       0x34 ./CH32V30x/CH32V30x_p/CH32V30x_Lib/ch32v30x_adc.o
 .comment       0x0000000000000033       0x34 ./CH32V30x/CH32V30x_p/CH32V30x_Lib/ch32v30x_exti.o
 .comment       0x0000000000000033       0x34 ./CH32V30x/CH32V30x_p/CH32V30x_Lib/ch32v30x_gpio.o
 .comment       0x0000000000000033       0x34 ./CH32V30x/CH32V30x_p/CH32V30x_Lib/ch32v30x_rcc.o
 .comment       0x0000000000000033       0x34 ./CH32V30x/CH32V30x_p/CH32V30x_Lib/ch32v30x_spi.o
 .comment       0x0000000000000033       0x34 ./CH32V30x/CH32V30x_p/CH32V30x_Lib/ch32v30x_tim.o
 .comment       0x0000000000000033       0x34 ./CH32V30x/CH32V30x_p/CH32V30x_Lib/ch32v30x_usart.o
 .comment       0x0000000000000033       0x34 ./CH32V30x/CH32V30x_p/CH32V30x_Lib/ch32v30x_usbotg_device.o
 .comment       0x0000000000000033       0x34 ./CH32V30x/CH32V30x_p/CH32V30x_Lib/system_ch32v30x.o

.debug_frame    0x0000000000000000     0x29f8
 .debug_frame   0x0000000000000000      0x278 ./user_c/isr.o
 .debug_frame   0x0000000000000278       0x2c ./user_c/main.o
 .debug_frame   0x00000000000002a4       0x8c ./hefei_peripheral/HF_L9110S_2.o
 .debug_frame   0x0000000000000330      0x430 ./hefei_peripheral/HF_TFT180.o
 .debug_frame   0x0000000000000760       0x60 ./hefei_peripheral/HF_WS2812b.o
 .debug_frame   0x00000000000007c0       0x50 ./hefei_libraries/board/board.o
 .debug_frame   0x0000000000000810       0x40 ./hefei_libraries/delay.o
 .debug_frame   0x0000000000000850       0xa0 ./hefei_libraries/hf_adc.o
 .debug_frame   0x00000000000008f0       0x90 ./hefei_libraries/hf_gpio.o
 .debug_frame   0x0000000000000980       0x8c ./hefei_libraries/hf_nvic.o
 .debug_frame   0x0000000000000a0c       0x80 ./hefei_libraries/hf_pwm.o
 .debug_frame   0x0000000000000a8c       0xa8 ./hefei_libraries/hf_spi.o
 .debug_frame   0x0000000000000b34       0x4c ./hefei_libraries/hf_tim.o
 .debug_frame   0x0000000000000b80      0x140 ./hefei_libraries/hf_uart.o
 .debug_frame   0x0000000000000cc0       0x50 ./CODE/board_led.o
 .debug_frame   0x0000000000000d10       0x3c ./CODE/car_init.o
 .debug_frame   0x0000000000000d4c       0x60 ./CODE/car_keys.o
 .debug_frame   0x0000000000000dac       0x3c ./CODE/car_reed.o
 .debug_frame   0x0000000000000de8      0x2c4 ./CH32V30x/CH32V30x_p/CH32V30x_Lib/ch32v30x_adc.o
 .debug_frame   0x00000000000010ac       0x90 ./CH32V30x/CH32V30x_p/CH32V30x_Lib/ch32v30x_exti.o
 .debug_frame   0x000000000000113c      0x150 ./CH32V30x/CH32V30x_p/CH32V30x_Lib/ch32v30x_gpio.o
 .debug_frame   0x000000000000128c      0x340 ./CH32V30x/CH32V30x_p/CH32V30x_Lib/ch32v30x_rcc.o
 .debug_frame   0x00000000000015cc      0x1b8 ./CH32V30x/CH32V30x_p/CH32V30x_Lib/ch32v30x_spi.o
 .debug_frame   0x0000000000001784      0x66c ./CH32V30x/CH32V30x_p/CH32V30x_Lib/ch32v30x_tim.o
 .debug_frame   0x0000000000001df0      0x210 ./CH32V30x/CH32V30x_p/CH32V30x_Lib/ch32v30x_usart.o
 .debug_frame   0x0000000000002000       0xbc ./CH32V30x/CH32V30x_p/CH32V30x_Lib/ch32v30x_usbotg_device.o
 .debug_frame   0x00000000000020bc       0x3c ./CH32V30x/CH32V30x_p/CH32V30x_Lib/system_ch32v30x.o
 .debug_frame   0x00000000000020f8       0x20 c:/mounriver/mounriver_studio/toolchain/risc-v embedded gcc/bin/../lib/gcc/riscv-none-embed/8.2.0/../../../../riscv-none-embed/lib/rv32imac/ilp32\libg_nano.a(lib_a-memcpy.o)
 .debug_frame   0x0000000000002118       0xd0 c:/mounriver/mounriver_studio/toolchain/risc-v embedded gcc/bin/../lib/gcc/riscv-none-embed/8.2.0/../../../../riscv-none-embed/lib/rv32imac/ilp32\libg_nano.a(lib_a-nano-vfprintf.o)
 .debug_frame   0x00000000000021e8       0x8c c:/mounriver/mounriver_studio/toolchain/risc-v embedded gcc/bin/../lib/gcc/riscv-none-embed/8.2.0/../../../../riscv-none-embed/lib/rv32imac/ilp32\libg_nano.a(lib_a-nano-vfprintf_i.o)
 .debug_frame   0x0000000000002274       0x54 c:/mounriver/mounriver_studio/toolchain/risc-v embedded gcc/bin/../lib/gcc/riscv-none-embed/8.2.0/../../../../riscv-none-embed/lib/rv32imac/ilp32\libg_nano.a(lib_a-printf.o)
 .debug_frame   0x00000000000022c8       0x50 c:/mounriver/mounriver_studio/toolchain/risc-v embedded gcc/bin/../lib/gcc/riscv-none-embed/8.2.0/../../../../riscv-none-embed/lib/rv32imac/ilp32\libg_nano.a(lib_a-wbuf.o)
 .debug_frame   0x0000000000002318       0x3c c:/mounriver/mounriver_studio/toolchain/risc-v embedded gcc/bin/../lib/gcc/riscv-none-embed/8.2.0/../../../../riscv-none-embed/lib/rv32imac/ilp32\libg_nano.a(lib_a-wsetup.o)
 .debug_frame   0x0000000000002354       0x7c c:/mounriver/mounriver_studio/toolchain/risc-v embedded gcc/bin/../lib/gcc/riscv-none-embed/8.2.0/../../../../riscv-none-embed/lib/rv32imac/ilp32\libg_nano.a(lib_a-fflush.o)
 .debug_frame   0x00000000000023d0      0x148 c:/mounriver/mounriver_studio/toolchain/risc-v embedded gcc/bin/../lib/gcc/riscv-none-embed/8.2.0/../../../../riscv-none-embed/lib/rv32imac/ilp32\libg_nano.a(lib_a-findfp.o)
 .debug_frame   0x0000000000002518       0x88 c:/mounriver/mounriver_studio/toolchain/risc-v embedded gcc/bin/../lib/gcc/riscv-none-embed/8.2.0/../../../../riscv-none-embed/lib/rv32imac/ilp32\libg_nano.a(lib_a-fwalk.o)
 .debug_frame   0x00000000000025a0       0x64 c:/mounriver/mounriver_studio/toolchain/risc-v embedded gcc/bin/../lib/gcc/riscv-none-embed/8.2.0/../../../../riscv-none-embed/lib/rv32imac/ilp32\libg_nano.a(lib_a-makebuf.o)
 .debug_frame   0x0000000000002604       0x20 c:/mounriver/mounriver_studio/toolchain/risc-v embedded gcc/bin/../lib/gcc/riscv-none-embed/8.2.0/../../../../riscv-none-embed/lib/rv32imac/ilp32\libg_nano.a(lib_a-memchr.o)
 .debug_frame   0x0000000000002624       0x40 c:/mounriver/mounriver_studio/toolchain/risc-v embedded gcc/bin/../lib/gcc/riscv-none-embed/8.2.0/../../../../riscv-none-embed/lib/rv32imac/ilp32\libg_nano.a(lib_a-nano-freer.o)
 .debug_frame   0x0000000000002664       0x40 c:/mounriver/mounriver_studio/toolchain/risc-v embedded gcc/bin/../lib/gcc/riscv-none-embed/8.2.0/../../../../riscv-none-embed/lib/rv32imac/ilp32\libg_nano.a(lib_a-nano-mallocr.o)
 .debug_frame   0x00000000000026a4       0x30 c:/mounriver/mounriver_studio/toolchain/risc-v embedded gcc/bin/../lib/gcc/riscv-none-embed/8.2.0/../../../../riscv-none-embed/lib/rv32imac/ilp32\libg_nano.a(lib_a-sbrkr.o)
 .debug_frame   0x00000000000026d4       0xa4 c:/mounriver/mounriver_studio/toolchain/risc-v embedded gcc/bin/../lib/gcc/riscv-none-embed/8.2.0/../../../../riscv-none-embed/lib/rv32imac/ilp32\libg_nano.a(lib_a-stdio.o)
 .debug_frame   0x0000000000002778       0x30 c:/mounriver/mounriver_studio/toolchain/risc-v embedded gcc/bin/../lib/gcc/riscv-none-embed/8.2.0/../../../../riscv-none-embed/lib/rv32imac/ilp32\libg_nano.a(lib_a-writer.o)
 .debug_frame   0x00000000000027a8       0x30 c:/mounriver/mounriver_studio/toolchain/risc-v embedded gcc/bin/../lib/gcc/riscv-none-embed/8.2.0/../../../../riscv-none-embed/lib/rv32imac/ilp32\libg_nano.a(lib_a-closer.o)
 .debug_frame   0x00000000000027d8       0x30 c:/mounriver/mounriver_studio/toolchain/risc-v embedded gcc/bin/../lib/gcc/riscv-none-embed/8.2.0/../../../../riscv-none-embed/lib/rv32imac/ilp32\libg_nano.a(lib_a-fstatr.o)
 .debug_frame   0x0000000000002808       0x30 c:/mounriver/mounriver_studio/toolchain/risc-v embedded gcc/bin/../lib/gcc/riscv-none-embed/8.2.0/../../../../riscv-none-embed/lib/rv32imac/ilp32\libg_nano.a(lib_a-isattyr.o)
 .debug_frame   0x0000000000002838       0x30 c:/mounriver/mounriver_studio/toolchain/risc-v embedded gcc/bin/../lib/gcc/riscv-none-embed/8.2.0/../../../../riscv-none-embed/lib/rv32imac/ilp32\libg_nano.a(lib_a-lseekr.o)
 .debug_frame   0x0000000000002868       0x30 c:/mounriver/mounriver_studio/toolchain/risc-v embedded gcc/bin/../lib/gcc/riscv-none-embed/8.2.0/../../../../riscv-none-embed/lib/rv32imac/ilp32\libg_nano.a(lib_a-mlock.o)
 .debug_frame   0x0000000000002898       0x30 c:/mounriver/mounriver_studio/toolchain/risc-v embedded gcc/bin/../lib/gcc/riscv-none-embed/8.2.0/../../../../riscv-none-embed/lib/rv32imac/ilp32\libg_nano.a(lib_a-readr.o)
 .debug_frame   0x00000000000028c8       0x70 c:/mounriver/mounriver_studio/toolchain/risc-v embedded gcc/bin/../lib/gcc/riscv-none-embed/8.2.0/../../../../riscv-none-embed/lib/rv32imac/ilp32\libg_nano.a(lib_a-reent.o)
 .debug_frame   0x0000000000002938       0x20 c:/mounriver/mounriver_studio/toolchain/risc-v embedded gcc/bin/../lib/gcc/riscv-none-embed/8.2.0/../../../../riscv-none-embed/lib/rv32imac/ilp32\libnosys.a(close.o)
 .debug_frame   0x0000000000002958       0x20 c:/mounriver/mounriver_studio/toolchain/risc-v embedded gcc/bin/../lib/gcc/riscv-none-embed/8.2.0/../../../../riscv-none-embed/lib/rv32imac/ilp32\libnosys.a(fstat.o)
 .debug_frame   0x0000000000002978       0x20 c:/mounriver/mounriver_studio/toolchain/risc-v embedded gcc/bin/../lib/gcc/riscv-none-embed/8.2.0/../../../../riscv-none-embed/lib/rv32imac/ilp32\libnosys.a(isatty.o)
 .debug_frame   0x0000000000002998       0x20 c:/mounriver/mounriver_studio/toolchain/risc-v embedded gcc/bin/../lib/gcc/riscv-none-embed/8.2.0/../../../../riscv-none-embed/lib/rv32imac/ilp32\libnosys.a(lseek.o)
 .debug_frame   0x00000000000029b8       0x20 c:/mounriver/mounriver_studio/toolchain/risc-v embedded gcc/bin/../lib/gcc/riscv-none-embed/8.2.0/../../../../riscv-none-embed/lib/rv32imac/ilp32\libnosys.a(read.o)
 .debug_frame   0x00000000000029d8       0x20 c:/mounriver/mounriver_studio/toolchain/risc-v embedded gcc/bin/../lib/gcc/riscv-none-embed/8.2.0/../../../../riscv-none-embed/lib/rv32imac/ilp32\libnosys.a(sbrk.o)

.debug_loc      0x0000000000000000     0x865e
 .debug_loc     0x0000000000000000      0x159 ./hefei_peripheral/HF_L9110S_2.o
 .debug_loc     0x0000000000000159     0x164c ./hefei_peripheral/HF_TFT180.o
 .debug_loc     0x00000000000017a5       0xa2 ./hefei_peripheral/HF_WS2812b.o
 .debug_loc     0x0000000000001847       0xec ./hefei_libraries/board/board.o
 .debug_loc     0x0000000000001933       0x42 ./hefei_libraries/delay.o
 .debug_loc     0x0000000000001975      0x356 ./hefei_libraries/hf_adc.o
 .debug_loc     0x0000000000001ccb      0x563 ./hefei_libraries/hf_gpio.o
 .debug_loc     0x000000000000222e      0x15d ./hefei_libraries/hf_nvic.o
 .debug_loc     0x000000000000238b      0xb37 ./hefei_libraries/hf_pwm.o
 .debug_loc     0x0000000000002ec2      0x496 ./hefei_libraries/hf_spi.o
 .debug_loc     0x0000000000003358      0x154 ./hefei_libraries/hf_tim.o
 .debug_loc     0x00000000000034ac      0x705 ./hefei_libraries/hf_uart.o
 .debug_loc     0x0000000000003bb1      0x114 ./CODE/board_led.o
 .debug_loc     0x0000000000003cc5       0x98 ./CODE/car_keys.o
 .debug_loc     0x0000000000003d5d      0xa95 ./CH32V30x/CH32V30x_p/CH32V30x_Lib/ch32v30x_adc.o
 .debug_loc     0x00000000000047f2      0x181 ./CH32V30x/CH32V30x_p/CH32V30x_Lib/ch32v30x_exti.o
 .debug_loc     0x0000000000004973      0x647 ./CH32V30x/CH32V30x_p/CH32V30x_Lib/ch32v30x_gpio.o
 .debug_loc     0x0000000000004fba      0xa5c ./CH32V30x/CH32V30x_p/CH32V30x_Lib/ch32v30x_rcc.o
 .debug_loc     0x0000000000005a16      0x5e2 ./CH32V30x/CH32V30x_p/CH32V30x_Lib/ch32v30x_spi.o
 .debug_loc     0x0000000000005ff8     0x1b0c ./CH32V30x/CH32V30x_p/CH32V30x_Lib/ch32v30x_tim.o
 .debug_loc     0x0000000000007b04      0x7c6 ./CH32V30x/CH32V30x_p/CH32V30x_Lib/ch32v30x_usart.o
 .debug_loc     0x00000000000082ca      0x27a ./CH32V30x/CH32V30x_p/CH32V30x_Lib/ch32v30x_usbotg_device.o
 .debug_loc     0x0000000000008544      0x11a ./CH32V30x/CH32V30x_p/CH32V30x_Lib/system_ch32v30x.o

.stab           0x0000000000000000       0x84
 .stab          0x0000000000000000       0x24 c:/mounriver/mounriver_studio/toolchain/risc-v embedded gcc/bin/../lib/gcc/riscv-none-embed/8.2.0/../../../../riscv-none-embed/lib/rv32imac/ilp32\libnosys.a(close.o)
 .stab          0x0000000000000024       0x18 c:/mounriver/mounriver_studio/toolchain/risc-v embedded gcc/bin/../lib/gcc/riscv-none-embed/8.2.0/../../../../riscv-none-embed/lib/rv32imac/ilp32\libnosys.a(fstat.o)
                                         0x24 (size before relaxing)
 .stab          0x000000000000003c       0x18 c:/mounriver/mounriver_studio/toolchain/risc-v embedded gcc/bin/../lib/gcc/riscv-none-embed/8.2.0/../../../../riscv-none-embed/lib/rv32imac/ilp32\libnosys.a(isatty.o)
                                         0x24 (size before relaxing)
 .stab          0x0000000000000054       0x18 c:/mounriver/mounriver_studio/toolchain/risc-v embedded gcc/bin/../lib/gcc/riscv-none-embed/8.2.0/../../../../riscv-none-embed/lib/rv32imac/ilp32\libnosys.a(lseek.o)
                                         0x24 (size before relaxing)
 .stab          0x000000000000006c       0x18 c:/mounriver/mounriver_studio/toolchain/risc-v embedded gcc/bin/../lib/gcc/riscv-none-embed/8.2.0/../../../../riscv-none-embed/lib/rv32imac/ilp32\libnosys.a(read.o)
                                         0x24 (size before relaxing)

.stabstr        0x0000000000000000      0x183
 .stabstr       0x0000000000000000      0x183 c:/mounriver/mounriver_studio/toolchain/risc-v embedded gcc/bin/../lib/gcc/riscv-none-embed/8.2.0/../../../../riscv-none-embed/lib/rv32imac/ilp32\libnosys.a(close.o)
