Archive member included to satisfy reference by file (symbol)

c:/mounriver/mounriver_studio/toolchain/risc-v embedded gcc/bin/../lib/gcc/riscv-none-embed/8.2.0/rv32imac/ilp32\libgcc.a(muldf3.o)
                              ./hefei_peripheral/HF_HC_SR04.o (__muldf3)
c:/mounriver/mounriver_studio/toolchain/risc-v embedded gcc/bin/../lib/gcc/riscv-none-embed/8.2.0/rv32imac/ilp32\libgcc.a(fixunsdfsi.o)
                              ./hefei_peripheral/HF_HC_SR04.o (__fixunsdfsi)
c:/mounriver/mounriver_studio/toolchain/risc-v embedded gcc/bin/../lib/gcc/riscv-none-embed/8.2.0/rv32imac/ilp32\libgcc.a(addsf3.o)
                              ./hefei_peripheral/HF_HC_SR04.o (__addsf3)
c:/mounriver/mounriver_studio/toolchain/risc-v embedded gcc/bin/../lib/gcc/riscv-none-embed/8.2.0/rv32imac/ilp32\libgcc.a(divsf3.o)
                              ./hefei_peripheral/HF_HC_SR04.o (__divsf3)
c:/mounriver/mounriver_studio/toolchain/risc-v embedded gcc/bin/../lib/gcc/riscv-none-embed/8.2.0/rv32imac/ilp32\libgcc.a(eqsf2.o)
                              ./hefei_peripheral/HF_TFT180.o (__eqsf2)
c:/mounriver/mounriver_studio/toolchain/risc-v embedded gcc/bin/../lib/gcc/riscv-none-embed/8.2.0/rv32imac/ilp32\libgcc.a(lesf2.o)
                              ./hefei_peripheral/HF_TFT180.o (__ltsf2)
c:/mounriver/mounriver_studio/toolchain/risc-v embedded gcc/bin/../lib/gcc/riscv-none-embed/8.2.0/rv32imac/ilp32\libgcc.a(mulsf3.o)
                              ./hefei_peripheral/HF_HC_SR04.o (__mulsf3)
c:/mounriver/mounriver_studio/toolchain/risc-v embedded gcc/bin/../lib/gcc/riscv-none-embed/8.2.0/rv32imac/ilp32\libgcc.a(subsf3.o)
                              ./hefei_peripheral/HF_IPS114.o (__subsf3)
c:/mounriver/mounriver_studio/toolchain/risc-v embedded gcc/bin/../lib/gcc/riscv-none-embed/8.2.0/rv32imac/ilp32\libgcc.a(fixsfsi.o)
                              ./hefei_peripheral/HF_IPS114.o (__fixsfsi)
c:/mounriver/mounriver_studio/toolchain/risc-v embedded gcc/bin/../lib/gcc/riscv-none-embed/8.2.0/rv32imac/ilp32\libgcc.a(floatsisf.o)
                              ./hefei_peripheral/HF_IPS114.o (__floatsisf)
c:/mounriver/mounriver_studio/toolchain/risc-v embedded gcc/bin/../lib/gcc/riscv-none-embed/8.2.0/rv32imac/ilp32\libgcc.a(floatunsisf.o)
                              ./hefei_peripheral/HF_HC_SR04.o (__floatunsisf)
c:/mounriver/mounriver_studio/toolchain/risc-v embedded gcc/bin/../lib/gcc/riscv-none-embed/8.2.0/rv32imac/ilp32\libgcc.a(extendsfdf2.o)
                              ./hefei_peripheral/HF_HC_SR04.o (__extendsfdf2)
c:/mounriver/mounriver_studio/toolchain/risc-v embedded gcc/bin/../lib/gcc/riscv-none-embed/8.2.0/rv32imac/ilp32\libgcc.a(_clzsi2.o)
                              c:/mounriver/mounriver_studio/toolchain/risc-v embedded gcc/bin/../lib/gcc/riscv-none-embed/8.2.0/rv32imac/ilp32\libgcc.a(muldf3.o) (__clzsi2)
c:/mounriver/mounriver_studio/toolchain/risc-v embedded gcc/bin/../lib/gcc/riscv-none-embed/8.2.0/rv32imac/ilp32\libgcc.a(_clz.o)
                              c:/mounriver/mounriver_studio/toolchain/risc-v embedded gcc/bin/../lib/gcc/riscv-none-embed/8.2.0/rv32imac/ilp32\libgcc.a(_clzsi2.o) (__clz_tab)
c:/mounriver/mounriver_studio/toolchain/risc-v embedded gcc/bin/../lib/gcc/riscv-none-embed/8.2.0/../../../../riscv-none-embed/lib/rv32imac/ilp32\libg_nano.a(lib_a-assert.o)
                              ./hefei_peripheral/HF_MT9V03X.o (__assert_func)
c:/mounriver/mounriver_studio/toolchain/risc-v embedded gcc/bin/../lib/gcc/riscv-none-embed/8.2.0/../../../../riscv-none-embed/lib/rv32imac/ilp32\libg_nano.a(lib_a-fprintf.o)
                              c:/mounriver/mounriver_studio/toolchain/risc-v embedded gcc/bin/../lib/gcc/riscv-none-embed/8.2.0/../../../../riscv-none-embed/lib/rv32imac/ilp32\libg_nano.a(lib_a-assert.o) (fiprintf)
c:/mounriver/mounriver_studio/toolchain/risc-v embedded gcc/bin/../lib/gcc/riscv-none-embed/8.2.0/../../../../riscv-none-embed/lib/rv32imac/ilp32\libg_nano.a(lib_a-impure.o)
                              c:/mounriver/mounriver_studio/toolchain/risc-v embedded gcc/bin/../lib/gcc/riscv-none-embed/8.2.0/../../../../riscv-none-embed/lib/rv32imac/ilp32\libg_nano.a(lib_a-assert.o) (_impure_ptr)
c:/mounriver/mounriver_studio/toolchain/risc-v embedded gcc/bin/../lib/gcc/riscv-none-embed/8.2.0/../../../../riscv-none-embed/lib/rv32imac/ilp32\libg_nano.a(lib_a-memcpy.o)
                              ./hefei_libraries/hf_pit.o (memcpy)
c:/mounriver/mounriver_studio/toolchain/risc-v embedded gcc/bin/../lib/gcc/riscv-none-embed/8.2.0/../../../../riscv-none-embed/lib/rv32imac/ilp32\libg_nano.a(lib_a-memset.o)
                              ./hefei_peripheral/HF_IPS114.o (memset)
c:/mounriver/mounriver_studio/toolchain/risc-v embedded gcc/bin/../lib/gcc/riscv-none-embed/8.2.0/../../../../riscv-none-embed/lib/rv32imac/ilp32\libg_nano.a(lib_a-nano-vfprintf.o)
[...]
Memory Configuration

Name             Origin             Length             Attributes
FLASH            0x0000000000000000 0x0000000000048000 xr
RAM              0x0000000020000000 0x0000000000008000 xrw
*default*        0x0000000000000000 0xffffffffffffffff

Linker script and memory map

LOAD ./user_c/isr.o
LOAD ./user_c/main.o
LOAD ./hefei_peripheral/HF_Double_DC_Motor.o
LOAD ./hefei_peripheral/HF_HC_SR04.o
LOAD ./hefei_peripheral/HF_IPS114.o
LOAD ./hefei_peripheral/HF_MT9V03X.o
LOAD ./hefei_peripheral/HF_TFT180.o
LOAD ./hefei_peripheral/HF_WS2812b.o
LOAD ./hefei_peripheral/HF_Wireless_uart.o
LOAD ./hefei_libraries/board/board.o
LOAD ./hefei_libraries/common.o
LOAD ./hefei_libraries/delay.o
LOAD ./hefei_libraries/hf_adc.o
LOAD ./hefei_libraries/hf_common_font.o
LOAD ./hefei_libraries/hf_dma.o
LOAD ./hefei_libraries/hf_dvp.o
LOAD ./hefei_libraries/hf_encoder.o
LOAD ./hefei_libraries/hf_exti.o
LOAD ./hefei_libraries/hf_flash.o
LOAD ./hefei_libraries/hf_gpio.o
LOAD ./hefei_libraries/hf_i2c_hardware.o
LOAD ./hefei_libraries/hf_i2c_software.o
LOAD ./hefei_libraries/hf_nvic.o
LOAD ./hefei_libraries/hf_pit.o
LOAD ./hefei_libraries/hf_pwm.o
LOAD ./hefei_libraries/hf_spi.o
LOAD ./hefei_libraries/hf_tim.o
LOAD ./hefei_libraries/hf_uart.o
LOAD ./CODE/board_led.o
LOAD ./CODE/car_adc.o
LOAD ./CODE/car_init.o
LOAD ./CODE/car_keys.o
LOAD ./CODE/car_ligth.o
LOAD ./CODE/car_motion.o
LOAD ./CODE/car_reed.o
LOAD ./CODE/car_uart.o
LOAD ./CODE/car_value_process.o
LOAD ./CH32V30x/Core/core_riscv.o
LOAD ./CH32V30x/CH32V30x_p/Startup/startup_ch32v30x.o
LOAD ./CH32V30x/CH32V30x_p/CH32V30x_Lib/ch32v30x_adc.o
LOAD ./CH32V30x/CH32V30x_p/CH32V30x_Lib/ch32v30x_bkp.o
LOAD ./CH32V30x/CH32V30x_p/CH32V30x_Lib/ch32v30x_can.o
LOAD ./CH32V30x/CH32V30x_p/CH32V30x_Lib/ch32v30x_crc.o
LOAD ./CH32V30x/CH32V30x_p/CH32V30x_Lib/ch32v30x_dac.o
LOAD ./CH32V30x/CH32V30x_p/CH32V30x_Lib/ch32v30x_dbgmcu.o
LOAD ./CH32V30x/CH32V30x_p/CH32V30x_Lib/ch32v30x_dma.o
LOAD ./CH32V30x/CH32V30x_p/CH32V30x_Lib/ch32v30x_dvp.o
LOAD ./CH32V30x/CH32V30x_p/CH32V30x_Lib/ch32v30x_eth.o
LOAD ./CH32V30x/CH32V30x_p/CH32V30x_Lib/ch32v30x_exti.o
LOAD ./CH32V30x/CH32V30x_p/CH32V30x_Lib/ch32v30x_flash.o
LOAD ./CH32V30x/CH32V30x_p/CH32V30x_Lib/ch32v30x_fsmc.o
LOAD ./CH32V30x/CH32V30x_p/CH32V30x_Lib/ch32v30x_gpio.o
LOAD ./CH32V30x/CH32V30x_p/CH32V30x_Lib/ch32v30x_i2c.o
LOAD ./CH32V30x/CH32V30x_p/CH32V30x_Lib/ch32v30x_iwdg.o
LOAD ./CH32V30x/CH32V30x_p/CH32V30x_Lib/ch32v30x_misc.o
LOAD ./CH32V30x/CH32V30x_p/CH32V30x_Lib/ch32v30x_opa.o
LOAD ./CH32V30x/CH32V30x_p/CH32V30x_Lib/ch32v30x_pwr.o
LOAD ./CH32V30x/CH32V30x_p/CH32V30x_Lib/ch32v30x_rcc.o
LOAD ./CH32V30x/CH32V30x_p/CH32V30x_Lib/ch32v30x_rng.o
LOAD ./CH32V30x/CH32V30x_p/CH32V30x_Lib/ch32v30x_rtc.o
LOAD ./CH32V30x/CH32V30x_p/CH32V30x_Lib/ch32v30x_sdio.o
LOAD ./CH32V30x/CH32V30x_p/CH32V30x_Lib/ch32v30x_spi.o
LOAD ./CH32V30x/CH32V30x_p/CH32V30x_Lib/ch32v30x_tim.o
LOAD ./CH32V30x/CH32V30x_p/CH32V30x_Lib/ch32v30x_usart.o
LOAD ./CH32V30x/CH32V30x_p/CH32V30x_Lib/ch32v30x_usbotg_device.o
LOAD ./CH32V30x/CH32V30x_p/CH32V30x_Lib/ch32v30x_wwdg.o
LOAD ./CH32V30x/CH32V30x_p/CH32V30x_Lib/system_ch32v30x.o
LOAD c:/mounriver/mounriver_studio/toolchain/risc-v embedded gcc/bin/../lib/gcc/riscv-none-embed/8.2.0/rv32imac/ilp32\libgcc.a
LOAD c:/mounriver/mounriver_studio/toolchain/risc-v embedded gcc/bin/../lib/gcc/riscv-none-embed/8.2.0/../../../../riscv-none-embed/lib/rv32imac/ilp32\libg_nano.a
LOAD c:/mounriver/mounriver_studio/toolchain/risc-v embedded gcc/bin/../lib/gcc/riscv-none-embed/8.2.0/../../../../riscv-none-embed/lib/rv32imac/ilp32\libc_nano.a
LOAD c:/mounriver/mounriver_studio/toolchain/risc-v embedded gcc/bin/../lib/gcc/riscv-none-embed/8.2.0/rv32imac/ilp32\libgcc.a
START GROUP
LOAD c:/mounriver/mounriver_studio/toolchain/risc-v embedded gcc/bin/../lib/gcc/riscv-none-embed/8.2.0/rv32imac/ilp32\libgcc.a
LOAD c:/mounriver/mounriver_studio/toolchain/risc-v embedded gcc/bin/../lib/gcc/riscv-none-embed/8.2.0/../../../../riscv-none-embed/lib/rv32imac/ilp32\libc_nano.a
LOAD c:/mounriver/mounriver_studio/toolchain/risc-v embedded gcc/bin/../lib/gcc/riscv-none-embed/8.2.0/../../../../riscv-none-embed/lib/rv32imac/ilp32\libnosys.a
END GROUP
START GROUP
LOAD c:/mounriver/mounriver_studio/toolchain/risc-v embedded gcc/bin/../lib/gcc/riscv-none-embed/8.2.0/rv32imac/ilp32\libgcc.a
LOAD c:/mounriver/mounriver_studio/toolchain/risc-v embedded gcc/bin/../lib/gcc/riscv-none-embed/8.2.0/../../../../riscv-none-embed/lib/rv32imac/ilp32\libc_nano.a
LOAD c:/mounriver/mounriver_studio/toolchain/risc-v embedded gcc/bin/../lib/gcc/riscv-none-embed/8.2.0/../../../../riscv-none-embed/lib/rv32imac/ilp32\libnosys.a
END GROUP
                0x0000000000000800                __stack_size = 0x800
                [!provide]                        PROVIDE (_stack_size = __stack_size)

.init           0x0000000000000000       0x38
                0x0000000000000000                _sinit = .
                0x0000000000000000                . = ALIGN (0x4)
 *(SORT_NONE(.init))
 .init          0x0000000000000000       0x38 ./CH32V30x/CH32V30x_p/Startup/startup_ch32v30x.o
                0x0000000000000000                _start
                0x0000000000000038                . = ALIGN (0x4)
                0x0000000000000038                _einit = .

.vector         0x0000000000000038      0x1c8
 *(.vector)
 .vector        0x0000000000000038      0x1a0 ./CH32V30x/CH32V30x_p/Startup/startup_ch32v30x.o
                0x0000000000000200                . = ALIGN (0x40)
 *fill*         0x00000000000001d8       0x28 

.text           0x0000000000000200     0x55f8
                0x0000000000000200                . = ALIGN (0x4)
 *(.text)
 .text          0x0000000000000200       0xa8 c:/mounriver/mounriver_studio/toolchain/risc-v embedded gcc/bin/../lib/gcc/riscv-none-embed/8.2.0/../../../../riscv-none-embed/lib/rv32imac/ilp32\libg_nano.a(lib_a-memset.o)
                0x0000000000000200                memset
 *(.text.*)
 .text.NMI_Handler
                0x00000000000002a8        0x4 ./user_c/isr.o
                0x00000000000002a8                NMI_Handler
 .text.HardFault_Handler
                0x00000000000002ac        0x2 ./user_c/isr.o
                0x00000000000002ac                HardFault_Handler
 .text.USART1_IRQHandler
                0x00000000000002ae       0x2a ./user_c/isr.o
                0x00000000000002ae                USART1_IRQHandler
 .text.USART2_IRQHandler
                0x00000000000002d8       0x2a ./user_c/isr.o
                0x00000000000002d8                USART2_IRQHandler
 .text.USART3_IRQHandler
                0x0000000000000302       0x2a ./user_c/isr.o
                0x0000000000000302                USART3_IRQHandler
 .text.UART4_IRQHandler
                0x000000000000032c       0x2a ./user_c/isr.o
                0x000000000000032c                UART4_IRQHandler
 .text.UART5_IRQHandler
                0x0000000000000356       0x22 ./user_c/isr.o
                0x0000000000000356                UART5_IRQHandler
 .text.UART6_IRQHandler
                0x0000000000000378       0x2a ./user_c/isr.o
                0x0000000000000378                UART6_IRQHandler
 .text.UART7_IRQHandler
                0x00000000000003a2       0x2a ./user_c/isr.o
                0x00000000000003a2                UART7_IRQHandler
 .text.UART8_IRQHandler
                0x00000000000003cc       0x1e ./user_c/isr.o
                0x00000000000003cc                UART8_IRQHandler
 .text.DVP_IRQHandler
                0x00000000000003ea       0x20 ./user_c/isr.o
                0x00000000000003ea                DVP_IRQHandler
 .text.EXTI0_IRQHandler
                0x000000000000040a       0x14 ./user_c/isr.o
                0x000000000000040a                EXTI0_IRQHandler
 .text.EXTI1_IRQHandler
                0x000000000000041e       0x26 ./user_c/isr.o
                0x000000000000041e                EXTI1_IRQHandler
 .text.EXTI2_IRQHandler
                0x0000000000000444       0x16 ./user_c/isr.o
                0x0000000000000444                EXTI2_IRQHandler
 .text.EXTI3_IRQHandler
                0x000000000000045a       0x16 ./user_c/isr.o
                0x000000000000045a                EXTI3_IRQHandler
 .text.EXTI4_IRQHandler
                0x0000000000000470       0x16 ./user_c/isr.o
                0x0000000000000470                EXTI4_IRQHandler
 .text.EXTI9_5_IRQHandler
                0x0000000000000486       0x72 ./user_c/isr.o
                0x0000000000000486                EXTI9_5_IRQHandler
 .text.EXTI15_10_IRQHandler
                0x00000000000004f8       0x82 ./user_c/isr.o
                0x00000000000004f8                EXTI15_10_IRQHandler
 .text.TIM1_UP_IRQHandler
                0x000000000000057a       0x26 ./user_c/isr.o
                0x000000000000057a                TIM1_UP_IRQHandler
 .text.TIM2_IRQHandler
                0x00000000000005a0       0x1a ./user_c/isr.o
                0x00000000000005a0                TIM2_IRQHandler
 .text.TIM3_IRQHandler
                0x00000000000005ba       0x26 ./user_c/isr.o
                0x00000000000005ba                TIM3_IRQHandler
 .text.TIM4_IRQHandler
                0x00000000000005e0       0x26 ./user_c/isr.o
                0x00000000000005e0                TIM4_IRQHandler
 .text.TIM5_IRQHandler
                0x0000000000000606       0x26 ./user_c/isr.o
                0x0000000000000606                TIM5_IRQHandler
 .text.TIM6_IRQHandler
                0x000000000000062c       0x1a ./user_c/isr.o
                0x000000000000062c                TIM6_IRQHandler
 .text.TIM7_IRQHandler
                0x0000000000000646       0x26 ./user_c/isr.o
                0x0000000000000646                TIM7_IRQHandler
 .text.TIM8_UP_IRQHandler
                0x000000000000066c       0x26 ./user_c/isr.o
                0x000000000000066c                TIM8_UP_IRQHandler
 .text.TIM9_UP_IRQHandler
                0x0000000000000692       0x26 ./user_c/isr.o
                0x0000000000000692                TIM9_UP_IRQHandler
 .text.TIM10_UP_IRQHandler
                0x00000000000006b8       0x1a ./user_c/isr.o
                0x00000000000006b8                TIM10_UP_IRQHandler
 .text.startup.main
                0x00000000000006d2       0x64 ./user_c/main.o
                0x00000000000006d2                main
 .text.motor_init
                0x0000000000000736       0x62 ./hefei_peripheral/HF_Double_DC_Motor.o
                0x0000000000000736                motor_init
 .text.ips114_write_index
                0x0000000000000798       0x3a ./hefei_peripheral/HF_IPS114.o
 .text.ips114_set_region
                0x00000000000007d2      0x106 ./hefei_peripheral/HF_IPS114.o
 .text.ips114_clear
                0x00000000000008d8       0x44 ./hefei_peripheral/HF_IPS114.o
                0x00000000000008d8                ips114_clear
 .text.ips114_set_dir
                0x000000000000091c       0x2e ./hefei_peripheral/HF_IPS114.o
                0x000000000000091c                ips114_set_dir
 .text.ips114_show_char
                0x000000000000094a       0x94 ./hefei_peripheral/HF_IPS114.o
                0x000000000000094a                ips114_show_char
 .text.ips114_show_string
                0x00000000000009de       0x42 ./hefei_peripheral/HF_IPS114.o
                0x00000000000009de                ips114_show_string
 .text.ips114_show_gray_image
                0x0000000000000a20       0xb8 ./hefei_peripheral/HF_IPS114.o
                0x0000000000000a20                ips114_show_gray_image
 .text.ips114_init
                0x0000000000000ad8      0x2a8 ./hefei_peripheral/HF_IPS114.o
                0x0000000000000ad8                ips114_init
 .text.mt9v03x_get_config_dvp.constprop.0
                0x0000000000000d80       0xb0 ./hefei_peripheral/HF_MT9V03X.o
 .text.mt9v03x_uart_callback_dvp
                0x0000000000000e30       0x60 ./hefei_peripheral/HF_MT9V03X.o
                0x0000000000000e30                mt9v03x_uart_callback_dvp
 .text.mt9v03x_handler_dvp
                0x0000000000000e90       0x22 ./hefei_peripheral/HF_MT9V03X.o
                0x0000000000000e90                mt9v03x_handler_dvp
 .text.mt9v03x_init_dvp
                0x0000000000000eb2      0x182 ./hefei_peripheral/HF_MT9V03X.o
                0x0000000000000eb2                mt9v03x_init_dvp
 .text.ws2812b_write
                0x0000000000001034       0xa8 ./hefei_peripheral/HF_WS2812b.o
                0x0000000000001034                ws2812b_write
 .text.ws2812b_init
                0x00000000000010dc       0x40 ./hefei_peripheral/HF_WS2812b.o
                0x00000000000010dc                ws2812b_init
 .text.board_init
                0x000000000000111c       0x38 ./hefei_libraries/board/board.o
                0x000000000000111c                board_init
 .text._write   0x0000000000001154       0x50 ./hefei_libraries/board/board.o
                0x0000000000001154                _write
 .text.Delay_Init
                0x00000000000011a4        0x2 ./hefei_libraries/delay.o
                0x00000000000011a4                Delay_Init
 .text.Delay_Us
                0x00000000000011a6       0x38 ./hefei_libraries/delay.o
                0x00000000000011a6                Delay_Us
 .text.Delay_Ms
                0x00000000000011de       0x36 ./hefei_libraries/delay.o
                0x00000000000011de                Delay_Ms
 .text.adc_gpio_init
                0x0000000000001214       0xc6 ./hefei_libraries/hf_adc.o
                0x0000000000001214                adc_gpio_init
 .text.adc_init
                0x00000000000012da       0x9a ./hefei_libraries/hf_adc.o
                0x00000000000012da                adc_init
 .text.dvp_gpio_init
                0x0000000000001374       0xc4 ./hefei_libraries/hf_dvp.o
                0x0000000000001374                dvp_gpio_init
 .text.dvp_camera_init
                0x0000000000001438       0xae ./hefei_libraries/hf_dvp.o
                0x0000000000001438                dvp_camera_init
 .text.gpio_init
                0x00000000000014e6       0xdc ./hefei_libraries/hf_gpio.o
                0x00000000000014e6                gpio_init
 .text.gpio_bit_output
                0x00000000000015c2       0x26 ./hefei_libraries/hf_gpio.o
                0x00000000000015c2                gpio_bit_output
 .text.interrupt_enable
                0x00000000000015e8       0x1a ./hefei_libraries/hf_nvic.o
                0x00000000000015e8                interrupt_enable
 .text.interrupt_disable
                0x0000000000001602       0x1a ./hefei_libraries/hf_nvic.o
                0x0000000000001602                interrupt_disable
 .text.interrupt_set_priority
                0x000000000000161c        0xc ./hefei_libraries/hf_nvic.o
                0x000000000000161c                interrupt_set_priority
 .text.interrupt_global_enable
                0x0000000000001628        0x2 ./hefei_libraries/hf_nvic.o
                0x0000000000001628                interrupt_global_enable
 .text.interrupt_global_disable
                0x000000000000162a        0x2 ./hefei_libraries/hf_nvic.o
                0x000000000000162a                interrupt_global_disable
 .text.nvic_init
                0x000000000000162c       0x1e ./hefei_libraries/hf_nvic.o
                0x000000000000162c                nvic_init
 .text.pwm_duty
                0x000000000000164a       0x30 ./hefei_libraries/hf_pwm.o
                0x000000000000164a                pwm_duty
 .text.pwm_gpio_init
                0x000000000000167a      0x470 ./hefei_libraries/hf_pwm.o
                0x000000000000167a                pwm_gpio_init
 .text.pwm_init
                0x0000000000001aea      0x1c2 ./hefei_libraries/hf_pwm.o
                0x0000000000001aea                pwm_init
 .text.spi_gpio_init
                0x0000000000001cac      0x13a ./hefei_libraries/hf_spi.o
                0x0000000000001cac                spi_gpio_init
 .text.spi_init
                0x0000000000001de6      0x100 ./hefei_libraries/hf_spi.o
                0x0000000000001de6                spi_init
 .text.spi_write_8bit
                0x0000000000001ee6       0x1c ./hefei_libraries/hf_spi.o
                0x0000000000001ee6                spi_write_8bit
 .text.spi_write_16bit
                0x0000000000001f02       0x32 ./hefei_libraries/hf_spi.o
                0x0000000000001f02                spi_write_16bit
 .text.timbase_init
                0x0000000000001f34       0xa4 ./hefei_libraries/hf_tim.o
                0x0000000000001f34                timbase_init
 .text.uart_putchar
                0x0000000000001fd8       0x20 ./hefei_libraries/hf_uart.o
                0x0000000000001fd8                uart_putchar
 .text.uart_putbuff
                0x0000000000001ff8       0x2e ./hefei_libraries/hf_uart.o
                0x0000000000001ff8                uart_putbuff
 .text.uart_interrupt_init
                0x0000000000002026       0xd4 ./hefei_libraries/hf_uart.o
                0x0000000000002026                uart_interrupt_init
 .text.uart_query
                0x00000000000020fa       0x26 ./hefei_libraries/hf_uart.o
                0x00000000000020fa                uart_query
 .text.uart_gpio_init
                0x0000000000002120      0x23e ./hefei_libraries/hf_uart.o
                0x0000000000002120                uart_gpio_init
 .text.uart_init
                0x000000000000235e      0x1ca ./hefei_libraries/hf_uart.o
                0x000000000000235e                uart_init
 .text.board_led_init
                0x0000000000002528       0x2c ./CODE/board_led.o
                0x0000000000002528                board_led_init
 .text.car_init
                0x0000000000002554       0x68 ./CODE/car_init.o
                0x0000000000002554                car_init
 .text.key_init
                0x00000000000025bc       0x92 ./CODE/car_keys.o
                0x00000000000025bc                key_init
 .text.reed_init
                0x000000000000264e       0x10 ./CODE/car_reed.o
                0x000000000000264e                reed_init
 .text.vector_handler
                0x000000000000265e       0xbe ./CH32V30x/CH32V30x_p/Startup/startup_ch32v30x.o
                0x0000000000002662                Ecall_M_Mode_Handler
                0x0000000000002664                Ecall_U_Mode_Handler
                0x0000000000002666                Break_Point_Handler
                0x0000000000002668                SysTick_Handler
                0x000000000000266a                SW_handler
                0x000000000000266c                WWDG_IRQHandler
                0x000000000000266e                PVD_IRQHandler
                0x0000000000002670                TAMPER_IRQHandler
                0x0000000000002672                RTC_IRQHandler
                0x0000000000002674                FLASH_IRQHandler
                0x0000000000002676                RCC_IRQHandler
                0x0000000000002682                DMA1_Channel1_IRQHandler
                0x0000000000002684                DMA1_Channel2_IRQHandler
                0x0000000000002686                DMA1_Channel3_IRQHandler
                0x0000000000002688                DMA1_Channel4_IRQHandler
                0x000000000000268a                DMA1_Channel5_IRQHandler
                0x000000000000268c                DMA1_Channel6_IRQHandler
                0x000000000000268e                DMA1_Channel7_IRQHandler
                0x0000000000002690                ADC1_2_IRQHandler
                0x0000000000002692                USB_HP_CAN1_TX_IRQHandler
                0x0000000000002694                USB_LP_CAN1_RX0_IRQHandler
                0x0000000000002696                CAN1_RX1_IRQHandler
                0x0000000000002698                CAN1_SCE_IRQHandler
                0x000000000000269c                TIM1_BRK_IRQHandler
                0x00000000000026a0                TIM1_TRG_COM_IRQHandler
                0x00000000000026a2                TIM1_CC_IRQHandler
                0x00000000000026aa                I2C1_EV_IRQHandler
                0x00000000000026ac                I2C1_ER_IRQHandler
                0x00000000000026ae                I2C2_EV_IRQHandler
                0x00000000000026b0                I2C2_ER_IRQHandler
                0x00000000000026b2                SPI1_IRQHandler
                0x00000000000026b4                SPI2_IRQHandler
                0x00000000000026be                RTCAlarm_IRQHandler
                0x00000000000026c0                USBWakeUp_IRQHandler
                0x00000000000026c2                TIM8_BRK_IRQHandler
                0x00000000000026c6                TIM8_TRG_COM_IRQHandler
                0x00000000000026c8                TIM8_CC_IRQHandler
                0x00000000000026ca                RNG_IRQHandler
                0x00000000000026cc                FSMC_IRQHandler
                0x00000000000026ce                SDIO_IRQHandler
                0x00000000000026d2                SPI3_IRQHandler
                0x00000000000026dc                DMA2_Channel1_IRQHandler
                0x00000000000026de                DMA2_Channel2_IRQHandler
                0x00000000000026e0                DMA2_Channel3_IRQHandler
                0x00000000000026e2                DMA2_Channel4_IRQHandler
                0x00000000000026e4                DMA2_Channel5_IRQHandler
                0x00000000000026e6                ETH_IRQHandler
                0x00000000000026e8                ETH_WKUP_IRQHandler
                0x00000000000026ea                CAN2_TX_IRQHandler
                0x00000000000026ec                CAN2_RX0_IRQHandler
                0x00000000000026ee                CAN2_RX1_IRQHandler
                0x00000000000026f0                CAN2_SCE_IRQHandler
                0x00000000000026f4                USBHSWakeup_IRQHandler
                0x00000000000026f6                USBHS_IRQHandler
                0x0000000000002700                TIM9_BRK_IRQHandler
                0x0000000000002704                TIM9_TRG_COM_IRQHandler
                0x0000000000002706                TIM9_CC_IRQHandler
                0x0000000000002708                TIM10_BRK_IRQHandler
                0x000000000000270c                TIM10_TRG_COM_IRQHandler
                0x000000000000270e                TIM10_CC_IRQHandler
                0x0000000000002710                DMA2_Channel6_IRQHandler
                0x0000000000002712                DMA2_Channel7_IRQHandler
                0x0000000000002714                DMA2_Channel8_IRQHandler
                0x0000000000002716                DMA2_Channel9_IRQHandler
                0x0000000000002718                DMA2_Channel10_IRQHandler
                0x000000000000271a                DMA2_Channel11_IRQHandler
 .text.handle_reset
                0x000000000000271c       0x92 ./CH32V30x/CH32V30x_p/Startup/startup_ch32v30x.o
                0x000000000000271c                handle_reset
 .text.ADC_DeInit
                0x00000000000027ae       0x46 ./CH32V30x/CH32V30x_p/CH32V30x_Lib/ch32v30x_adc.o
                0x00000000000027ae                ADC_DeInit
 .text.ADC_Init
                0x00000000000027f4       0x58 ./CH32V30x/CH32V30x_p/CH32V30x_Lib/ch32v30x_adc.o
                0x00000000000027f4                ADC_Init
 .text.ADC_Cmd  0x000000000000284c       0x10 ./CH32V30x/CH32V30x_p/CH32V30x_Lib/ch32v30x_adc.o
                0x000000000000284c                ADC_Cmd
 .text.ADC_ResetCalibration
                0x000000000000285c        0xa ./CH32V30x/CH32V30x_p/CH32V30x_Lib/ch32v30x_adc.o
                0x000000000000285c                ADC_ResetCalibration
 .text.ADC_GetResetCalibrationStatus
                0x0000000000002866        0x8 ./CH32V30x/CH32V30x_p/CH32V30x_Lib/ch32v30x_adc.o
                0x0000000000002866                ADC_GetResetCalibrationStatus
 .text.ADC_StartCalibration
                0x000000000000286e        0xa ./CH32V30x/CH32V30x_p/CH32V30x_Lib/ch32v30x_adc.o
                0x000000000000286e                ADC_StartCalibration
 .text.ADC_GetCalibrationStatus
                0x0000000000002878        0x8 ./CH32V30x/CH32V30x_p/CH32V30x_Lib/ch32v30x_adc.o
                0x0000000000002878                ADC_GetCalibrationStatus
 .text.EXTI_GetITStatus
                0x0000000000002880       0x1e ./CH32V30x/CH32V30x_p/CH32V30x_Lib/ch32v30x_exti.o
                0x0000000000002880                EXTI_GetITStatus
 .text.EXTI_ClearITPendingBit
                0x000000000000289e        0xa ./CH32V30x/CH32V30x_p/CH32V30x_Lib/ch32v30x_exti.o
                0x000000000000289e                EXTI_ClearITPendingBit
 .text.GPIO_Init
                0x00000000000028a8       0xc2 ./CH32V30x/CH32V30x_p/CH32V30x_Lib/ch32v30x_gpio.o
                0x00000000000028a8                GPIO_Init
 .text.GPIO_WriteBit
                0x000000000000296a        0xa ./CH32V30x/CH32V30x_p/CH32V30x_Lib/ch32v30x_gpio.o
                0x000000000000296a                GPIO_WriteBit
 .text.GPIO_PinRemapConfig
                0x0000000000002974       0x86 ./CH32V30x/CH32V30x_p/CH32V30x_Lib/ch32v30x_gpio.o
                0x0000000000002974                GPIO_PinRemapConfig
 .text.NVIC_Init
                0x00000000000029fa       0xb8 ./CH32V30x/CH32V30x_p/CH32V30x_Lib/ch32v30x_misc.o
                0x00000000000029fa                NVIC_Init
 .text.RCC_ADCCLKConfig
                0x0000000000002ab2       0x12 ./CH32V30x/CH32V30x_p/CH32V30x_Lib/ch32v30x_rcc.o
                0x0000000000002ab2                RCC_ADCCLKConfig
 .text.RCC_GetClocksFreq
                0x0000000000002ac4      0x10e ./CH32V30x/CH32V30x_p/CH32V30x_Lib/ch32v30x_rcc.o
                0x0000000000002ac4                RCC_GetClocksFreq
 .text.RCC_AHBPeriphClockCmd
                0x0000000000002bd2       0x1e ./CH32V30x/CH32V30x_p/CH32V30x_Lib/ch32v30x_rcc.o
                0x0000000000002bd2                RCC_AHBPeriphClockCmd
 .text.RCC_APB2PeriphClockCmd
                0x0000000000002bf0       0x1e ./CH32V30x/CH32V30x_p/CH32V30x_Lib/ch32v30x_rcc.o
                0x0000000000002bf0                RCC_APB2PeriphClockCmd
 .text.RCC_APB1PeriphClockCmd
                0x0000000000002c0e       0x1e ./CH32V30x/CH32V30x_p/CH32V30x_Lib/ch32v30x_rcc.o
                0x0000000000002c0e                RCC_APB1PeriphClockCmd
 .text.RCC_APB2PeriphResetCmd
                0x0000000000002c2c       0x1e ./CH32V30x/CH32V30x_p/CH32V30x_Lib/ch32v30x_rcc.o
                0x0000000000002c2c                RCC_APB2PeriphResetCmd
 .text.SPI_Init
                0x0000000000002c4a       0x5a ./CH32V30x/CH32V30x_p/CH32V30x_Lib/ch32v30x_spi.o
                0x0000000000002c4a                SPI_Init
 .text.SPI_Cmd  0x0000000000002ca4       0x1e ./CH32V30x/CH32V30x_p/CH32V30x_Lib/ch32v30x_spi.o
                0x0000000000002ca4                SPI_Cmd
 .text.TIM_TimeBaseInit
                0x0000000000002cc2       0xc0 ./CH32V30x/CH32V30x_p/CH32V30x_Lib/ch32v30x_tim.o
                0x0000000000002cc2                TIM_TimeBaseInit
 .text.TIM_OC1Init
                0x0000000000002d82       0xa0 ./CH32V30x/CH32V30x_p/CH32V30x_Lib/ch32v30x_tim.o
                0x0000000000002d82                TIM_OC1Init
 .text.TIM_OC2Init
                0x0000000000002e22       0xcc ./CH32V30x/CH32V30x_p/CH32V30x_Lib/ch32v30x_tim.o
                0x0000000000002e22                TIM_OC2Init
 .text.TIM_OC3Init
                0x0000000000002eee       0xca ./CH32V30x/CH32V30x_p/CH32V30x_Lib/ch32v30x_tim.o
                0x0000000000002eee                TIM_OC3Init
 .text.TIM_OC4Init
                0x0000000000002fb8       0x9e ./CH32V30x/CH32V30x_p/CH32V30x_Lib/ch32v30x_tim.o
                0x0000000000002fb8                TIM_OC4Init
 .text.TIM_Cmd  0x0000000000003056       0x1c ./CH32V30x/CH32V30x_p/CH32V30x_Lib/ch32v30x_tim.o
                0x0000000000003056                TIM_Cmd
 .text.TIM_CtrlPWMOutputs
                0x0000000000003072       0x16 ./CH32V30x/CH32V30x_p/CH32V30x_Lib/ch32v30x_tim.o
                0x0000000000003072                TIM_CtrlPWMOutputs
 .text.TIM_OC1PreloadConfig
                0x0000000000003088       0x12 ./CH32V30x/CH32V30x_p/CH32V30x_Lib/ch32v30x_tim.o
                0x0000000000003088                TIM_OC1PreloadConfig
 .text.TIM_OC2PreloadConfig
                0x000000000000309a       0x1a ./CH32V30x/CH32V30x_p/CH32V30x_Lib/ch32v30x_tim.o
                0x000000000000309a                TIM_OC2PreloadConfig
 .text.TIM_OC3PreloadConfig
                0x00000000000030b4       0x12 ./CH32V30x/CH32V30x_p/CH32V30x_Lib/ch32v30x_tim.o
                0x00000000000030b4                TIM_OC3PreloadConfig
 .text.TIM_OC4PreloadConfig
                0x00000000000030c6       0x1a ./CH32V30x/CH32V30x_p/CH32V30x_Lib/ch32v30x_tim.o
                0x00000000000030c6                TIM_OC4PreloadConfig
 .text.TIM_OC4PolarityConfig
                0x00000000000030e0       0x18 ./CH32V30x/CH32V30x_p/CH32V30x_Lib/ch32v30x_tim.o
                0x00000000000030e0                TIM_OC4PolarityConfig
 .text.TIM_SetCounter
                0x00000000000030f8        0x6 ./CH32V30x/CH32V30x_p/CH32V30x_Lib/ch32v30x_tim.o
                0x00000000000030f8                TIM_SetCounter
 .text.TIM_GetFlagStatus
                0x00000000000030fe        0xc ./CH32V30x/CH32V30x_p/CH32V30x_Lib/ch32v30x_tim.o
                0x00000000000030fe                TIM_GetFlagStatus
 .text.TIM_ClearFlag
                0x000000000000310a        0xe ./CH32V30x/CH32V30x_p/CH32V30x_Lib/ch32v30x_tim.o
                0x000000000000310a                TIM_ClearFlag
 .text.TIM_GetITStatus
                0x0000000000003118       0x1c ./CH32V30x/CH32V30x_p/CH32V30x_Lib/ch32v30x_tim.o
                0x0000000000003118                TIM_GetITStatus
 .text.TIM_ClearITPendingBit
                0x0000000000003134        0xe ./CH32V30x/CH32V30x_p/CH32V30x_Lib/ch32v30x_tim.o
                0x0000000000003134                TIM_ClearITPendingBit
 .text.USART_Init
                0x0000000000003142       0xda ./CH32V30x/CH32V30x_p/CH32V30x_Lib/ch32v30x_usart.o
                0x0000000000003142                USART_Init
 .text.USART_Cmd
                0x000000000000321c       0x1c ./CH32V30x/CH32V30x_p/CH32V30x_Lib/ch32v30x_usart.o
                0x000000000000321c                USART_Cmd
 .text.USART_ITConfig
                0x0000000000003238       0x36 ./CH32V30x/CH32V30x_p/CH32V30x_Lib/ch32v30x_usart.o
                0x0000000000003238                USART_ITConfig
 .text.USART_SendData
                0x000000000000326e        0xa ./CH32V30x/CH32V30x_p/CH32V30x_Lib/ch32v30x_usart.o
                0x000000000000326e                USART_SendData
 .text.USART_GetFlagStatus
                0x0000000000003278        0xc ./CH32V30x/CH32V30x_p/CH32V30x_Lib/ch32v30x_usart.o
                0x0000000000003278                USART_GetFlagStatus
 .text.USART_GetITStatus
                0x0000000000003284       0x44 ./CH32V30x/CH32V30x_p/CH32V30x_Lib/ch32v30x_usart.o
                0x0000000000003284                USART_GetITStatus
 .text.USART_ClearITPendingBit
                0x00000000000032c8       0x16 ./CH32V30x/CH32V30x_p/CH32V30x_Lib/ch32v30x_usart.o
                0x00000000000032c8                USART_ClearITPendingBit
 .text.DevEP1_IN_Deal
                0x00000000000032de       0x16 ./CH32V30x/CH32V30x_p/CH32V30x_Lib/ch32v30x_usbotg_device.o
                0x00000000000032de                DevEP1_IN_Deal
 .text.DevEP2_IN_Deal
                0x00000000000032f4       0x16 ./CH32V30x/CH32V30x_p/CH32V30x_Lib/ch32v30x_usbotg_device.o
                0x00000000000032f4                DevEP2_IN_Deal
 .text.DevEP1_OUT_Deal
                0x000000000000330a       0x26 ./CH32V30x/CH32V30x_p/CH32V30x_Lib/ch32v30x_usbotg_device.o
                0x000000000000330a                DevEP1_OUT_Deal
 .text.DevEP2_OUT_Deal
                0x0000000000003330       0x26 ./CH32V30x/CH32V30x_p/CH32V30x_Lib/ch32v30x_usbotg_device.o
                0x0000000000003330                DevEP2_OUT_Deal
 .text.OTG_FS_IRQHandler
                0x0000000000003356      0x710 ./CH32V30x/CH32V30x_p/CH32V30x_Lib/ch32v30x_usbotg_device.o
                0x0000000000003356                OTG_FS_IRQHandler
 .text.SystemInit
                0x0000000000003a66      0x122 ./CH32V30x/CH32V30x_p/CH32V30x_Lib/system_ch32v30x.o
                0x0000000000003a66                SystemInit
 .text.__assert_func
                0x0000000000003b88       0x3a c:/mounriver/mounriver_studio/toolchain/risc-v embedded gcc/bin/../lib/gcc/riscv-none-embed/8.2.0/../../../../riscv-none-embed/lib/rv32imac/ilp32\libg_nano.a(lib_a-assert.o)
                0x0000000000003b88                __assert_func
 .text.fprintf  0x0000000000003bc2       0x26 c:/mounriver/mounriver_studio/toolchain/risc-v embedded gcc/bin/../lib/gcc/riscv-none-embed/8.2.0/../../../../riscv-none-embed/lib/rv32imac/ilp32\libg_nano.a(lib_a-fprintf.o)
                0x0000000000003bc2                fiprintf
                0x0000000000003bc2                fprintf
 .text.memcpy   0x0000000000003be8       0xb6 c:/mounriver/mounriver_studio/toolchain/risc-v embedded gcc/bin/../lib/gcc/riscv-none-embed/8.2.0/../../../../riscv-none-embed/lib/rv32imac/ilp32\libg_nano.a(lib_a-memcpy.o)
                0x0000000000003be8                memcpy
 .text.__sfputc_r
                0x0000000000003c9e       0x28 c:/mounriver/mounriver_studio/toolchain/risc-v embedded gcc/bin/../lib/gcc/riscv-none-embed/8.2.0/../../../../riscv-none-embed/lib/rv32imac/ilp32\libg_nano.a(lib_a-nano-vfprintf.o)
 .text.__sfputs_r
                0x0000000000003cc6       0x42 c:/mounriver/mounriver_studio/toolchain/risc-v embedded gcc/bin/../lib/gcc/riscv-none-embed/8.2.0/../../../../riscv-none-embed/lib/rv32imac/ilp32\libg_nano.a(lib_a-nano-vfprintf.o)
                0x0000000000003cc6                __sfputs_r
 .text._vfprintf_r
                0x0000000000003d08      0x29e c:/mounriver/mounriver_studio/toolchain/risc-v embedded gcc/bin/../lib/gcc/riscv-none-embed/8.2.0/../../../../riscv-none-embed/lib/rv32imac/ilp32\libg_nano.a(lib_a-nano-vfprintf.o)
                0x0000000000003d08                _vfprintf_r
                0x0000000000003d08                _vfiprintf_r
 .text._printf_common
                0x0000000000003fa6      0x10c c:/mounriver/mounriver_studio/toolchain/risc-v embedded gcc/bin/../lib/gcc/riscv-none-embed/8.2.0/../../../../riscv-none-embed/lib/rv32imac/ilp32\libg_nano.a(lib_a-nano-vfprintf_i.o)
                0x0000000000003fa6                _printf_common
 .text._printf_i
                0x00000000000040b2      0x2ac c:/mounriver/mounriver_studio/toolchain/risc-v embedded gcc/bin/../lib/gcc/riscv-none-embed/8.2.0/../../../../riscv-none-embed/lib/rv32imac/ilp32\libg_nano.a(lib_a-nano-vfprintf_i.o)
                0x00000000000040b2                _printf_i
 .text.printf   0x000000000000435e       0x40 c:/mounriver/mounriver_studio/toolchain/risc-v embedded gcc/bin/../lib/gcc/riscv-none-embed/8.2.0/../../../../riscv-none-embed/lib/rv32imac/ilp32\libg_nano.a(lib_a-printf.o)
                0x000000000000435e                iprintf
                0x000000000000435e                printf
 .text.__swbuf_r
                0x000000000000439e       0xc0 c:/mounriver/mounriver_studio/toolchain/risc-v embedded gcc/bin/../lib/gcc/riscv-none-embed/8.2.0/../../../../riscv-none-embed/lib/rv32imac/ilp32\libg_nano.a(lib_a-wbuf.o)
                0x000000000000439e                __swbuf_r
 .text.__swsetup_r
                0x000000000000445e      0x10c c:/mounriver/mounriver_studio/toolchain/risc-v embedded gcc/bin/../lib/gcc/riscv-none-embed/8.2.0/../../../../riscv-none-embed/lib/rv32imac/ilp32\libg_nano.a(lib_a-wsetup.o)
                0x000000000000445e                __swsetup_r
 .text.abort    0x000000000000456a        0xe c:/mounriver/mounriver_studio/toolchain/risc-v embedded gcc/bin/../lib/gcc/riscv-none-embed/8.2.0/../../../../riscv-none-embed/lib/rv32imac/ilp32\libg_nano.a(lib_a-abort.o)
                0x000000000000456a                abort
 .text.__sflush_r
                0x0000000000004578      0x13c c:/mounriver/mounriver_studio/toolchain/risc-v embedded gcc/bin/../lib/gcc/riscv-none-embed/8.2.0/../../../../riscv-none-embed/lib/rv32imac/ilp32\libg_nano.a(lib_a-fflush.o)
                0x0000000000004578                __sflush_r
 .text._fflush_r
                0x00000000000046b4       0x66 c:/mounriver/mounriver_studio/toolchain/risc-v embedded gcc/bin/../lib/gcc/riscv-none-embed/8.2.0/../../../../riscv-none-embed/lib/rv32imac/ilp32\libg_nano.a(lib_a-fflush.o)
                0x00000000000046b4                _fflush_r
 .text.std      0x000000000000471a       0x6a c:/mounriver/mounriver_studio/toolchain/risc-v embedded gcc/bin/../lib/gcc/riscv-none-embed/8.2.0/../../../../riscv-none-embed/lib/rv32imac/ilp32\libg_nano.a(lib_a-findfp.o)
 .text._cleanup_r
                0x0000000000004784        0xa c:/mounriver/mounriver_studio/toolchain/risc-v embedded gcc/bin/../lib/gcc/riscv-none-embed/8.2.0/../../../../riscv-none-embed/lib/rv32imac/ilp32\libg_nano.a(lib_a-findfp.o)
                0x0000000000004784                _cleanup_r
 .text.__sfmoreglue
                0x000000000000478e       0x46 c:/mounriver/mounriver_studio/toolchain/risc-v embedded gcc/bin/../lib/gcc/riscv-none-embed/8.2.0/../../../../riscv-none-embed/lib/rv32imac/ilp32\libg_nano.a(lib_a-findfp.o)
                0x000000000000478e                __sfmoreglue
 .text.__sinit  0x00000000000047d4       0x6c c:/mounriver/mounriver_studio/toolchain/risc-v embedded gcc/bin/../lib/gcc/riscv-none-embed/8.2.0/../../../../riscv-none-embed/lib/rv32imac/ilp32\libg_nano.a(lib_a-findfp.o)
                0x00000000000047d4                __sinit
 .text.__sfp    0x0000000000004840       0xa0 c:/mounriver/mounriver_studio/toolchain/risc-v embedded gcc/bin/../lib/gcc/riscv-none-embed/8.2.0/../../../../riscv-none-embed/lib/rv32imac/ilp32\libg_nano.a(lib_a-findfp.o)
                0x0000000000004840                __sfp
 .text._fwalk_reent
                0x00000000000048e0       0x6c c:/mounriver/mounriver_studio/toolchain/risc-v embedded gcc/bin/../lib/gcc/riscv-none-embed/8.2.0/../../../../riscv-none-embed/lib/rv32imac/ilp32\libg_nano.a(lib_a-fwalk.o)
                0x00000000000048e0                _fwalk_reent
 .text.__swhatbuf_r
                0x000000000000494c       0x58 c:/mounriver/mounriver_studio/toolchain/risc-v embedded gcc/bin/../lib/gcc/riscv-none-embed/8.2.0/../../../../riscv-none-embed/lib/rv32imac/ilp32\libg_nano.a(lib_a-makebuf.o)
                0x000000000000494c                __swhatbuf_r
 .text.__smakebuf_r
                0x00000000000049a4       0x9e c:/mounriver/mounriver_studio/toolchain/risc-v embedded gcc/bin/../lib/gcc/riscv-none-embed/8.2.0/../../../../riscv-none-embed/lib/rv32imac/ilp32\libg_nano.a(lib_a-makebuf.o)
                0x00000000000049a4                __smakebuf_r
 .text.memchr   0x0000000000004a42       0x1a c:/mounriver/mounriver_studio/toolchain/risc-v embedded gcc/bin/../lib/gcc/riscv-none-embed/8.2.0/../../../../riscv-none-embed/lib/rv32imac/ilp32\libg_nano.a(lib_a-memchr.o)
                0x0000000000004a42                memchr
 .text._free_r  0x0000000000004a5c       0xa4 c:/mounriver/mounriver_studio/toolchain/risc-v embedded gcc/bin/../lib/gcc/riscv-none-embed/8.2.0/../../../../riscv-none-embed/lib/rv32imac/ilp32\libg_nano.a(lib_a-nano-freer.o)
                0x0000000000004a5c                _free_r
 .text._malloc_r
                0x0000000000004b00       0xce c:/mounriver/mounriver_studio/toolchain/risc-v embedded gcc/bin/../lib/gcc/riscv-none-embed/8.2.0/../../../../riscv-none-embed/lib/rv32imac/ilp32\libg_nano.a(lib_a-nano-mallocr.o)
                0x0000000000004b00                _malloc_r
 .text._sbrk_r  0x0000000000004bce       0x30 c:/mounriver/mounriver_studio/toolchain/risc-v embedded gcc/bin/../lib/gcc/riscv-none-embed/8.2.0/../../../../riscv-none-embed/lib/rv32imac/ilp32\libg_nano.a(lib_a-sbrkr.o)
                0x0000000000004bce                _sbrk_r
 .text._raise_r
                0x0000000000004bfe       0x62 c:/mounriver/mounriver_studio/toolchain/risc-v embedded gcc/bin/../lib/gcc/riscv-none-embed/8.2.0/../../../../riscv-none-embed/lib/rv32imac/ilp32\libg_nano.a(lib_a-signal.o)
                0x0000000000004bfe                _raise_r
 .text.raise    0x0000000000004c60        0xc c:/mounriver/mounriver_studio/toolchain/risc-v embedded gcc/bin/../lib/gcc/riscv-none-embed/8.2.0/../../../../riscv-none-embed/lib/rv32imac/ilp32\libg_nano.a(lib_a-signal.o)
                0x0000000000004c60                raise
 .text._kill_r  0x0000000000004c6c       0x32 c:/mounriver/mounriver_studio/toolchain/risc-v embedded gcc/bin/../lib/gcc/riscv-none-embed/8.2.0/../../../../riscv-none-embed/lib/rv32imac/ilp32\libg_nano.a(lib_a-signalr.o)
                0x0000000000004c6c                _kill_r
 .text._getpid_r
                0x0000000000004c9e        0x2 c:/mounriver/mounriver_studio/toolchain/risc-v embedded gcc/bin/../lib/gcc/riscv-none-embed/8.2.0/../../../../riscv-none-embed/lib/rv32imac/ilp32\libg_nano.a(lib_a-signalr.o)
                0x0000000000004c9e                _getpid_r
 .text.__sread  0x0000000000004ca0       0x30 c:/mounriver/mounriver_studio/toolchain/risc-v embedded gcc/bin/../lib/gcc/riscv-none-embed/8.2.0/../../../../riscv-none-embed/lib/rv32imac/ilp32\libg_nano.a(lib_a-stdio.o)
                0x0000000000004ca0                __sread
 .text.__swrite
                0x0000000000004cd0       0x4e c:/mounriver/mounriver_studio/toolchain/risc-v embedded gcc/bin/../lib/gcc/riscv-none-embed/8.2.0/../../../../riscv-none-embed/lib/rv32imac/ilp32\libg_nano.a(lib_a-stdio.o)
                0x0000000000004cd0                __swrite
 .text.__sseek  0x0000000000004d1e       0x36 c:/mounriver/mounriver_studio/toolchain/risc-v embedded gcc/bin/../lib/gcc/riscv-none-embed/8.2.0/../../../../riscv-none-embed/lib/rv32imac/ilp32\libg_nano.a(lib_a-stdio.o)
                0x0000000000004d1e                __sseek
 .text.__sclose
                0x0000000000004d54        0x6 c:/mounriver/mounriver_studio/toolchain/risc-v embedded gcc/bin/../lib/gcc/riscv-none-embed/8.2.0/../../../../riscv-none-embed/lib/rv32imac/ilp32\libg_nano.a(lib_a-stdio.o)
                0x0000000000004d54                __sclose
 .text._write_r
                0x0000000000004d5a       0x36 c:/mounriver/mounriver_studio/toolchain/risc-v embedded gcc/bin/../lib/gcc/riscv-none-embed/8.2.0/../../../../riscv-none-embed/lib/rv32imac/ilp32\libg_nano.a(lib_a-writer.o)
                0x0000000000004d5a                _write_r
 .text._close_r
                0x0000000000004d90       0x30 c:/mounriver/mounriver_studio/toolchain/risc-v embedded gcc/bin/../lib/gcc/riscv-none-embed/8.2.0/../../../../riscv-none-embed/lib/rv32imac/ilp32\libg_nano.a(lib_a-closer.o)
                0x0000000000004d90                _close_r
 .text._fstat_r
                0x0000000000004dc0       0x32 c:/mounriver/mounriver_studio/toolchain/risc-v embedded gcc/bin/../lib/gcc/riscv-none-embed/8.2.0/../../../../riscv-none-embed/lib/rv32imac/ilp32\libg_nano.a(lib_a-fstatr.o)
                0x0000000000004dc0                _fstat_r
 .text._isatty_r
                0x0000000000004df2       0x30 c:/mounriver/mounriver_studio/toolchain/risc-v embedded gcc/bin/../lib/gcc/riscv-none-embed/8.2.0/../../../../riscv-none-embed/lib/rv32imac/ilp32\libg_nano.a(lib_a-isattyr.o)
                0x0000000000004df2                _isatty_r
 .text._lseek_r
                0x0000000000004e22       0x34 c:/mounriver/mounriver_studio/toolchain/risc-v embedded gcc/bin/../lib/gcc/riscv-none-embed/8.2.0/../../../../riscv-none-embed/lib/rv32imac/ilp32\libg_nano.a(lib_a-lseekr.o)
                0x0000000000004e22                _lseek_r
 .text.__malloc_lock
                0x0000000000004e56        0x2 c:/mounriver/mounriver_studio/toolchain/risc-v embedded gcc/bin/../lib/gcc/riscv-none-embed/8.2.0/../../../../riscv-none-embed/lib/rv32imac/ilp32\libg_nano.a(lib_a-mlock.o)
                0x0000000000004e56                __malloc_lock
 .text.__malloc_unlock
                0x0000000000004e58        0x2 c:/mounriver/mounriver_studio/toolchain/risc-v embedded gcc/bin/../lib/gcc/riscv-none-embed/8.2.0/../../../../riscv-none-embed/lib/rv32imac/ilp32\libg_nano.a(lib_a-mlock.o)
                0x0000000000004e58                __malloc_unlock
 .text._read_r  0x0000000000004e5a       0x34 c:/mounriver/mounriver_studio/toolchain/risc-v embedded gcc/bin/../lib/gcc/riscv-none-embed/8.2.0/../../../../riscv-none-embed/lib/rv32imac/ilp32\libg_nano.a(lib_a-readr.o)
                0x0000000000004e5a                _read_r
 .text._close   0x0000000000004e8e       0x10 c:/mounriver/mounriver_studio/toolchain/risc-v embedded gcc/bin/../lib/gcc/riscv-none-embed/8.2.0/../../../../riscv-none-embed/lib/rv32imac/ilp32\libnosys.a(close.o)
                0x0000000000004e8e                _close
 .text._fstat   0x0000000000004e9e       0x10 c:/mounriver/mounriver_studio/toolchain/risc-v embedded gcc/bin/../lib/gcc/riscv-none-embed/8.2.0/../../../../riscv-none-embed/lib/rv32imac/ilp32\libnosys.a(fstat.o)
                0x0000000000004e9e                _fstat
 .text._getpid  0x0000000000004eae       0x10 c:/mounriver/mounriver_studio/toolchain/risc-v embedded gcc/bin/../lib/gcc/riscv-none-embed/8.2.0/../../../../riscv-none-embed/lib/rv32imac/ilp32\libnosys.a(getpid.o)
                0x0000000000004eae                _getpid
 .text._isatty  0x0000000000004ebe       0x10 c:/mounriver/mounriver_studio/toolchain/risc-v embedded gcc/bin/../lib/gcc/riscv-none-embed/8.2.0/../../../../riscv-none-embed/lib/rv32imac/ilp32\libnosys.a(isatty.o)
                0x0000000000004ebe                _isatty
 .text._kill    0x0000000000004ece       0x10 c:/mounriver/mounriver_studio/toolchain/risc-v embedded gcc/bin/../lib/gcc/riscv-none-embed/8.2.0/../../../../riscv-none-embed/lib/rv32imac/ilp32\libnosys.a(kill.o)
                0x0000000000004ece                _kill
 .text._lseek   0x0000000000004ede       0x10 c:/mounriver/mounriver_studio/toolchain/risc-v embedded gcc/bin/../lib/gcc/riscv-none-embed/8.2.0/../../../../riscv-none-embed/lib/rv32imac/ilp32\libnosys.a(lseek.o)
                0x0000000000004ede                _lseek
 .text._read    0x0000000000004eee       0x10 c:/mounriver/mounriver_studio/toolchain/risc-v embedded gcc/bin/../lib/gcc/riscv-none-embed/8.2.0/../../../../riscv-none-embed/lib/rv32imac/ilp32\libnosys.a(read.o)
                0x0000000000004eee                _read
 .text._sbrk    0x0000000000004efe       0x24 c:/mounriver/mounriver_studio/toolchain/risc-v embedded gcc/bin/../lib/gcc/riscv-none-embed/8.2.0/../../../../riscv-none-embed/lib/rv32imac/ilp32\libnosys.a(sbrk.o)
                0x0000000000004efe                _sbrk
 .text._exit    0x0000000000004f22        0x2 c:/mounriver/mounriver_studio/toolchain/risc-v embedded gcc/bin/../lib/gcc/riscv-none-embed/8.2.0/../../../../riscv-none-embed/lib/rv32imac/ilp32\libnosys.a(_exit.o)
                0x0000000000004f22                _exit
 *(.rodata)
 *(.rodata*)
 .rodata.main.str1.4
                0x0000000000004f24        0xd ./user_c/main.o
 *fill*         0x0000000000004f31        0x3 
 .rodata.__func__.6292
                0x0000000000004f34       0x11 ./hefei_peripheral/HF_MT9V03X.o
 *fill*         0x0000000000004f45        0x3 
 .rodata.mt9v03x_init_dvp.str1.4
                0x0000000000004f48       0x64 ./hefei_peripheral/HF_MT9V03X.o
 .rodata.tft_ascii
                0x0000000000004fac      0x5f0 ./hefei_libraries/hf_common_font.o
                0x0000000000004fac                tft_ascii
 .rodata.GPION  0x000000000000559c       0x14 ./hefei_libraries/hf_gpio.o
                0x000000000000559c                GPION
 .rodata.SPIN   0x00000000000055b0        0xc ./hefei_libraries/hf_spi.o
                0x00000000000055b0                SPIN
 .rodata.TIMERN
                0x00000000000055bc       0x20 ./hefei_libraries/hf_tim.o
                0x00000000000055bc                TIMERN
 .rodata.UARTN  0x00000000000055dc       0x20 ./hefei_libraries/hf_uart.o
                0x00000000000055dc                UARTN
 .rodata.OTG_FS_IRQHandler
                0x00000000000055fc       0x30 ./CH32V30x/CH32V30x_p/CH32V30x_Lib/ch32v30x_usbotg_device.o
 .rodata.MyCfgDescrHD
                0x000000000000562c       0x43 ./CH32V30x/CH32V30x_p/CH32V30x_Lib/ch32v30x_usbotg_device.o
                0x000000000000562c                MyCfgDescrHD
 *fill*         0x000000000000566f        0x1 
 .rodata.MyDevDescrHD
                0x0000000000005670       0x12 ./CH32V30x/CH32V30x_p/CH32V30x_Lib/ch32v30x_usbotg_device.o
                0x0000000000005670                MyDevDescrHD
 *fill*         0x0000000000005682        0x2 
 .rodata.MyManuInfoHD
                0x0000000000005684        0xe ./CH32V30x/CH32V30x_p/CH32V30x_Lib/ch32v30x_usbotg_device.o
                0x0000000000005684                MyManuInfoHD
 *fill*         0x0000000000005692        0x2 
 .rodata.MyProdInfoHD
                0x0000000000005694        0xc ./CH32V30x/CH32V30x_p/CH32V30x_Lib/ch32v30x_usbotg_device.o
                0x0000000000005694                MyProdInfoHD
 .rodata.MyReportDescHD
                0x00000000000056a0       0x14 ./CH32V30x/CH32V30x_p/CH32V30x_Lib/ch32v30x_usbotg_device.o
                0x00000000000056a0                MyReportDescHD
 .rodata.MySerNumInfoHD
                0x00000000000056b4       0x16 ./CH32V30x/CH32V30x_p/CH32V30x_Lib/ch32v30x_usbotg_device.o
                0x00000000000056b4                MySerNumInfoHD
 *fill*         0x00000000000056ca        0x2 
 .rodata.MyUSBQUADescHD
                0x00000000000056cc        0xa ./CH32V30x/CH32V30x_p/CH32V30x_Lib/ch32v30x_usbotg_device.o
                0x00000000000056cc                MyUSBQUADescHD
 *fill*         0x00000000000056d6        0x2 
 .rodata.OTG_FS_IRQHandler.str1.4
                0x00000000000056d8       0x41 ./CH32V30x/CH32V30x_p/CH32V30x_Lib/ch32v30x_usbotg_device.o
 *fill*         0x0000000000005719        0x3 
 .rodata.__assert_func.str1.4
                0x000000000000571c       0x3f c:/mounriver/mounriver_studio/toolchain/risc-v embedded gcc/bin/../lib/gcc/riscv-none-embed/8.2.0/../../../../riscv-none-embed/lib/rv32imac/ilp32\libg_nano.a(lib_a-assert.o)
                                         0x43 (size before relaxing)
 *fill*         0x000000000000575b        0x1 
 .rodata._vfprintf_r.str1.4
                0x000000000000575c       0x13 c:/mounriver/mounriver_studio/toolchain/risc-v embedded gcc/bin/../lib/gcc/riscv-none-embed/8.2.0/../../../../riscv-none-embed/lib/rv32imac/ilp32\libg_nano.a(lib_a-nano-vfprintf.o)
 *fill*         0x000000000000576f        0x1 
 .rodata._printf_i.str1.4
                0x0000000000005770       0x28 c:/mounriver/mounriver_studio/toolchain/risc-v embedded gcc/bin/../lib/gcc/riscv-none-embed/8.2.0/../../../../riscv-none-embed/lib/rv32imac/ilp32\libg_nano.a(lib_a-nano-vfprintf_i.o)
                                         0x25 (size before relaxing)
 .rodata.__sf_fake_stderr
                0x0000000000005798       0x20 c:/mounriver/mounriver_studio/toolchain/risc-v embedded gcc/bin/../lib/gcc/riscv-none-embed/8.2.0/../../../../riscv-none-embed/lib/rv32imac/ilp32\libg_nano.a(lib_a-findfp.o)
                0x0000000000005798                __sf_fake_stderr
 .rodata.__sf_fake_stdin
                0x00000000000057b8       0x20 c:/mounriver/mounriver_studio/toolchain/risc-v embedded gcc/bin/../lib/gcc/riscv-none-embed/8.2.0/../../../../riscv-none-embed/lib/rv32imac/ilp32\libg_nano.a(lib_a-findfp.o)
                0x00000000000057b8                __sf_fake_stdin
 .rodata.__sf_fake_stdout
                0x00000000000057d8       0x20 c:/mounriver/mounriver_studio/toolchain/risc-v embedded gcc/bin/../lib/gcc/riscv-none-embed/8.2.0/../../../../riscv-none-embed/lib/rv32imac/ilp32\libg_nano.a(lib_a-findfp.o)
                0x00000000000057d8                __sf_fake_stdout
 *(.glue_7)
 *(.glue_7t)
 *(.gnu.linkonce.t.*)
                0x00000000000057f8                . = ALIGN (0x4)

.rela.dyn       0x00000000000057f8        0x0
 .rela.text.startup.main
                0x00000000000057f8        0x0 ./user_c/isr.o
 .rela.text.mt9v03x_handler_dvp
                0x00000000000057f8        0x0 ./user_c/isr.o
 .rela.text.mt9v03x_init_dvp
                0x00000000000057f8        0x0 ./user_c/isr.o
 .rela.init     0x00000000000057f8        0x0 ./user_c/isr.o
 .rela.vector   0x00000000000057f8        0x0 ./user_c/isr.o
 .rela.text.handle_reset
                0x00000000000057f8        0x0 ./user_c/isr.o
 .rela.text.DevEP1_OUT_Deal
                0x00000000000057f8        0x0 ./user_c/isr.o
 .rela.text.DevEP2_OUT_Deal
                0x00000000000057f8        0x0 ./user_c/isr.o
 .rela.text.OTG_FS_IRQHandler
                0x00000000000057f8        0x0 ./user_c/isr.o
 .rela.text._vfprintf_r
                0x00000000000057f8        0x0 ./user_c/isr.o
 .rela.text._sbrk_r
                0x00000000000057f8        0x0 ./user_c/isr.o
 .rela.text._kill_r
                0x00000000000057f8        0x0 ./user_c/isr.o
 .rela.text._write_r
                0x00000000000057f8        0x0 ./user_c/isr.o
 .rela.text._close_r
                0x00000000000057f8        0x0 ./user_c/isr.o
 .rela.text._fstat_r
                0x00000000000057f8        0x0 ./user_c/isr.o
 .rela.text._isatty_r
                0x00000000000057f8        0x0 ./user_c/isr.o
 .rela.text._lseek_r
                0x00000000000057f8        0x0 ./user_c/isr.o
 .rela.text._read_r
                0x00000000000057f8        0x0 ./user_c/isr.o
 .rela.text._close
                0x00000000000057f8        0x0 ./user_c/isr.o
 .rela.text._fstat
                0x00000000000057f8        0x0 ./user_c/isr.o
 .rela.text._getpid
                0x00000000000057f8        0x0 ./user_c/isr.o
 .rela.text._isatty
                0x00000000000057f8        0x0 ./user_c/isr.o
 .rela.text._kill
                0x00000000000057f8        0x0 ./user_c/isr.o
 .rela.text._lseek
                0x00000000000057f8        0x0 ./user_c/isr.o
 .rela.text._read
                0x00000000000057f8        0x0 ./user_c/isr.o
 .rela.text._sbrk
                0x00000000000057f8        0x0 ./user_c/isr.o

.fini           0x00000000000057f8        0x0
 *(SORT_NONE(.fini))
                0x00000000000057f8                . = ALIGN (0x4)
                [!provide]                        PROVIDE (_etext = .)
                [!provide]                        PROVIDE (_eitcm = .)

.preinit_array  0x00000000000057f8        0x0
                [!provide]                        PROVIDE (__preinit_array_start = .)
 *(.preinit_array)
                [!provide]                        PROVIDE (__preinit_array_end = .)

.init_array     0x00000000000057f8        0x0
                [!provide]                        PROVIDE (__init_array_start = .)
 *(SORT_BY_INIT_PRIORITY(.init_array.*) SORT_BY_INIT_PRIORITY(.ctors.*))
 *(.init_array EXCLUDE_FILE(*crtend?.o *crtend.o *crtbegin?.o *crtbegin.o) .ctors)
                [!provide]                        PROVIDE (__init_array_end = .)

.fini_array     0x00000000000057f8        0x0
                [!provide]                        PROVIDE (__fini_array_start = .)
 *(SORT_BY_INIT_PRIORITY(.fini_array.*) SORT_BY_INIT_PRIORITY(.dtors.*))
 *(.fini_array EXCLUDE_FILE(*crtend?.o *crtend.o *crtbegin?.o *crtbegin.o) .dtors)
                [!provide]                        PROVIDE (__fini_array_end = .)

.ctors
 *crtbegin.o(.ctors)
 *crtbegin?.o(.ctors)
 *(EXCLUDE_FILE(*crtend?.o *crtend.o) .ctors)
 *(SORT_BY_NAME(.ctors.*))
 *(.ctors)

.dtors
 *crtbegin.o(.dtors)
 *crtbegin?.o(.dtors)
 *(EXCLUDE_FILE(*crtend?.o *crtend.o) .dtors)
 *(SORT_BY_NAME(.dtors.*))
 *(.dtors)

.dalign         0x0000000020000000        0x0 load address 0x00000000000057f8
                0x0000000020000000                . = ALIGN (0x4)
                0x0000000020000000                PROVIDE (_data_vma = .)

.dlalign        0x00000000000057f8        0x0
                0x00000000000057f8                . = ALIGN (0x4)
                0x00000000000057f8                PROVIDE (_data_lma = .)

.data           0x0000000020000000      0x130 load address 0x00000000000057f8
 *(.gnu.linkonce.r.*)
 *(.data .data.*)
 .data.mt9v03x_get_confing_buffer_dvp
                0x0000000020000000       0x24 ./hefei_peripheral/HF_MT9V03X.o
                0x0000000020000000                mt9v03x_get_confing_buffer_dvp
 .data.mt9v03x_set_confing_buffer_dvp
                0x0000000020000024       0x28 ./hefei_peripheral/HF_MT9V03X.o
                0x0000000020000024                mt9v03x_set_confing_buffer_dvp
 .data.APBAHBPrescTable
                0x000000002000004c       0x10 ./CH32V30x/CH32V30x_p/CH32V30x_Lib/ch32v30x_rcc.o
 .data.TAB_USB_FS_OSC_DESC
                0x000000002000005c       0x43 ./CH32V30x/CH32V30x_p/CH32V30x_Lib/ch32v30x_usbotg_device.o
                0x000000002000005c                TAB_USB_FS_OSC_DESC
 *fill*         0x000000002000009f        0x1 
 .data.impure_data
                0x00000000200000a0       0x60 c:/mounriver/mounriver_studio/toolchain/risc-v embedded gcc/bin/../lib/gcc/riscv-none-embed/8.2.0/../../../../riscv-none-embed/lib/rv32imac/ilp32\libg_nano.a(lib_a-impure.o)
 *(.gnu.linkonce.d.*)
                0x0000000020000100                . = ALIGN (0x8)
                0x0000000020000900                PROVIDE (__global_pointer$ = (. + 0x800))
 *(.sdata .sdata.*)
 .sdata.ips114_bgcolor
                0x0000000020000100        0x2 ./hefei_peripheral/HF_IPS114.o
 *fill*         0x0000000020000102        0x2 
 .sdata.ips114_display_dir
                0x0000000020000104        0x4 ./hefei_peripheral/HF_IPS114.o
 .sdata.ips114_pencolor
                0x0000000020000108        0x2 ./hefei_peripheral/HF_IPS114.o
 .sdata.ips114_x_max
                0x000000002000010a        0x1 ./hefei_peripheral/HF_IPS114.o
 .sdata.ips114_y_max
                0x000000002000010b        0x1 ./hefei_peripheral/HF_IPS114.o
 .sdata.ADCPrescTable
                0x000000002000010c        0x4 ./CH32V30x/CH32V30x_p/CH32V30x_Lib/ch32v30x_rcc.o
 .sdata.LineCoding
                0x0000000020000110        0x7 ./CH32V30x/CH32V30x_p/CH32V30x_Lib/ch32v30x_usbotg_device.o
                0x0000000020000110                LineCoding
 .sdata.USBHD_Dev_Speed
                0x0000000020000117        0x1 ./CH32V30x/CH32V30x_p/CH32V30x_Lib/ch32v30x_usbotg_device.o
                0x0000000020000117                USBHD_Dev_Speed
 .sdata.SystemCoreClock
                0x0000000020000118        0x4 ./CH32V30x/CH32V30x_p/CH32V30x_Lib/system_ch32v30x.o
                0x0000000020000118                SystemCoreClock
 .sdata._impure_ptr
                0x000000002000011c        0x4 c:/mounriver/mounriver_studio/toolchain/risc-v embedded gcc/bin/../lib/gcc/riscv-none-embed/8.2.0/../../../../riscv-none-embed/lib/rv32imac/ilp32\libg_nano.a(lib_a-impure.o)
                0x000000002000011c                _impure_ptr
 *(.sdata2.*)
 .sdata2.uart_irq
                0x0000000020000120        0x8 ./hefei_libraries/hf_uart.o
                0x0000000020000120                uart_irq
 .sdata2.MyLangDescrHD
                0x0000000020000128        0x4 ./CH32V30x/CH32V30x_p/CH32V30x_Lib/ch32v30x_usbotg_device.o
                0x0000000020000128                MyLangDescrHD
 .sdata2._global_impure_ptr
                0x000000002000012c        0x4 c:/mounriver/mounriver_studio/toolchain/risc-v embedded gcc/bin/../lib/gcc/riscv-none-embed/8.2.0/../../../../riscv-none-embed/lib/rv32imac/ilp32\libg_nano.a(lib_a-impure.o)
                0x000000002000012c                _global_impure_ptr
 *(.gnu.linkonce.s.*)
                0x0000000020000130                . = ALIGN (0x8)
 *(.srodata.cst16)
 *(.srodata.cst8)
 *(.srodata.cst4)
 *(.srodata.cst2)
 *(.srodata .srodata.*)
                0x0000000020000130                . = ALIGN (0x4)
                0x0000000020000130                PROVIDE (_edata = .)

.bss            0x0000000020000130     0x59b0 load address 0x0000000000005928
                0x0000000020000130                . = ALIGN (0x4)
                0x0000000020000130                PROVIDE (_sbss = .)
 *(.sbss*)
 .sbss.mt9v03x_finish_flag_dvp
                0x0000000020000130        0x1 ./hefei_peripheral/HF_MT9V03X.o
                0x0000000020000130                mt9v03x_finish_flag_dvp
 *fill*         0x0000000020000131        0x3 
 .sbss.receive_dvp
                0x0000000020000134        0x3 ./hefei_peripheral/HF_MT9V03X.o
 .sbss.receive_num_dvp
                0x0000000020000137        0x1 ./hefei_peripheral/HF_MT9V03X.o
 .sbss.uart_receive_flag_dvp
                0x0000000020000138        0x1 ./hefei_peripheral/HF_MT9V03X.o
 *fill*         0x0000000020000139        0x3 
 .sbss.sys_clk  0x000000002000013c        0x4 ./hefei_libraries/common.o
                0x000000002000013c                sys_clk
 .sbss.NVIC_Priority_Group
                0x0000000020000140        0x4 ./CH32V30x/CH32V30x_p/CH32V30x_Lib/ch32v30x_misc.o
                0x0000000020000140                NVIC_Priority_Group
 .sbss.USBHD_Dev_SetupReqLen
                0x0000000020000144        0x2 ./CH32V30x/CH32V30x_p/CH32V30x_Lib/ch32v30x_usbotg_device.o
                0x0000000020000144                USBHD_Dev_SetupReqLen
 .sbss.USBHD_Dev_SleepStatus
                0x0000000020000146        0x1 ./CH32V30x/CH32V30x_p/CH32V30x_Lib/ch32v30x_usbotg_device.o
                0x0000000020000146                USBHD_Dev_SleepStatus
 *fill*         0x0000000020000147        0x1 
 .sbss.__malloc_free_list
                0x0000000020000148        0x4 c:/mounriver/mounriver_studio/toolchain/risc-v embedded gcc/bin/../lib/gcc/riscv-none-embed/8.2.0/../../../../riscv-none-embed/lib/rv32imac/ilp32\libg_nano.a(lib_a-nano-mallocr.o)
                0x0000000020000148                __malloc_free_list
 .sbss.__malloc_sbrk_start
                0x000000002000014c        0x4 c:/mounriver/mounriver_studio/toolchain/risc-v embedded gcc/bin/../lib/gcc/riscv-none-embed/8.2.0/../../../../riscv-none-embed/lib/rv32imac/ilp32\libg_nano.a(lib_a-nano-mallocr.o)
                0x000000002000014c                __malloc_sbrk_start
 .sbss.heap_end.1518
                0x0000000020000150        0x4 c:/mounriver/mounriver_studio/toolchain/risc-v embedded gcc/bin/../lib/gcc/riscv-none-embed/8.2.0/../../../../riscv-none-embed/lib/rv32imac/ilp32\libnosys.a(sbrk.o)
 *(.gnu.linkonce.sb.*)
 *(.bss*)
 *(.gnu.linkonce.b.*)
 *(COMMON*)
 COMMON         0x0000000020000154     0x5824 ./hefei_peripheral/HF_MT9V03X.o
                0x0000000020000154                mt9v03x_image_dvp
                0x0000000020005974                camera_buffer_addr
 COMMON         0x0000000020005978      0x164 ./CH32V30x/CH32V30x_p/CH32V30x_Lib/ch32v30x_usbotg_device.o
                0x0000000020005978                DevConfig
                0x000000002000597c                EP2_DatabufHD
                0x00000000200059fc                SetupReqLen
                0x00000000200059fe                SetupReqCode
                0x0000000020005a00                pDescr
                0x0000000020005a04                pEP2_RAM_Addr
                0x0000000020005a08                pEP0_RAM_Addr
                0x0000000020005a0c                EP1_DatabufHD
                0x0000000020005a8c                EP0_DatabufHD
                0x0000000020005a94                Receive_Uart_Buf
                0x0000000020005ad4                UsbConfig
                0x0000000020005ad8                pEP1_RAM_Addr
 COMMON         0x0000000020005adc        0x4 c:/mounriver/mounriver_studio/toolchain/risc-v embedded gcc/bin/../lib/gcc/riscv-none-embed/8.2.0/../../../../riscv-none-embed/lib/rv32imac/ilp32\libg_nano.a(lib_a-reent.o)
                0x0000000020005adc                errno
                0x0000000020005ae0                . = ALIGN (0x4)
                0x0000000020005ae0                PROVIDE (_ebss = .)
                [!provide]                        PROVIDE (_end = _ebss)
                0x0000000020005ae0                PROVIDE (end = .)

.stack          0x0000000020007800      0x800
                0x0000000020007800                . = ALIGN (0x4)
                [!provide]                        PROVIDE (_susrstack = .)
                0x0000000020008000                . = (. + __stack_size)
 *fill*         0x0000000020007800      0x800 
                0x0000000020008000                PROVIDE (_eusrstack = .)
OUTPUT(Car_CAM_IPS.elf elf32-littleriscv)

.debug_info     0x0000000000000000    0x1f635
 .debug_info    0x0000000000000000     0x1afa ./user_c/isr.o
 .debug_info    0x0000000000001afa      0xc8f ./user_c/main.o
 .debug_info    0x0000000000002789      0xf04 ./hefei_peripheral/HF_Double_DC_Motor.o
 .debug_info    0x000000000000368d     0x2475 ./hefei_peripheral/HF_IPS114.o
 .debug_info    0x0000000000005b02     0x16b3 ./hefei_peripheral/HF_MT9V03X.o
 .debug_info    0x00000000000071b5     0x11f3 ./hefei_peripheral/HF_WS2812b.o
 .debug_info    0x00000000000083a8      0xf69 ./hefei_libraries/board/board.o
 .debug_info    0x0000000000009311      0xa06 ./hefei_libraries/common.o
 .debug_info    0x0000000000009d17      0xb35 ./hefei_libraries/delay.o
 .debug_info    0x000000000000a84c     0x122f ./hefei_libraries/hf_adc.o
 .debug_info    0x000000000000ba7b      0xa7e ./hefei_libraries/hf_common_font.o
 .debug_info    0x000000000000c4f9     0x114f ./hefei_libraries/hf_dvp.o
 .debug_info    0x000000000000d648      0xff4 ./hefei_libraries/hf_gpio.o
 .debug_info    0x000000000000e63c     0x10d4 ./hefei_libraries/hf_nvic.o
 .debug_info    0x000000000000f710     0x1602 ./hefei_libraries/hf_pwm.o
 .debug_info    0x0000000000010d12     0x1244 ./hefei_libraries/hf_spi.o
 .debug_info    0x0000000000011f56      0x542 ./hefei_libraries/hf_tim.o
 .debug_info    0x0000000000012498     0x1a77 ./hefei_libraries/hf_uart.o
 .debug_info    0x0000000000013f0f      0xeb5 ./CODE/board_led.o
 .debug_info    0x0000000000014dc4      0xe0e ./CODE/car_init.o
 .debug_info    0x0000000000015bd2      0xf39 ./CODE/car_keys.o
 .debug_info    0x0000000000016b0b      0xe4c ./CODE/car_reed.o
 .debug_info    0x0000000000017957       0x22 ./CH32V30x/CH32V30x_p/Startup/startup_ch32v30x.o
 .debug_info    0x0000000000017979      0xe3d ./CH32V30x/CH32V30x_p/CH32V30x_Lib/ch32v30x_adc.o
 .debug_info    0x00000000000187b6      0x35f ./CH32V30x/CH32V30x_p/CH32V30x_Lib/ch32v30x_exti.o
 .debug_info    0x0000000000018b15      0x815 ./CH32V30x/CH32V30x_p/CH32V30x_Lib/ch32v30x_gpio.o
 .debug_info    0x000000000001932a      0x6bc ./CH32V30x/CH32V30x_p/CH32V30x_Lib/ch32v30x_misc.o
 .debug_info    0x00000000000199e6      0xca9 ./CH32V30x/CH32V30x_p/CH32V30x_Lib/ch32v30x_rcc.o
 .debug_info    0x000000000001a68f      0xa00 ./CH32V30x/CH32V30x_p/CH32V30x_Lib/ch32v30x_spi.o
 .debug_info    0x000000000001b08f     0x216a ./CH32V30x/CH32V30x_p/CH32V30x_Lib/ch32v30x_tim.o
 .debug_info    0x000000000001d1f9      0xb3c ./CH32V30x/CH32V30x_p/CH32V30x_Lib/ch32v30x_usart.o
 .debug_info    0x000000000001dd35     0x15a4 ./CH32V30x/CH32V30x_p/CH32V30x_Lib/ch32v30x_usbotg_device.o
 .debug_info    0x000000000001f2d9      0x35c ./CH32V30x/CH32V30x_p/CH32V30x_Lib/system_ch32v30x.o

.debug_abbrev   0x0000000000000000     0x5276
 .debug_abbrev  0x0000000000000000      0x2bc ./user_c/isr.o
 .debug_abbrev  0x00000000000002bc      0x241 ./user_c/main.o
 .debug_abbrev  0x00000000000004fd      0x26f ./hefei_peripheral/HF_Double_DC_Motor.o
 .debug_abbrev  0x000000000000076c      0x416 ./hefei_peripheral/HF_IPS114.o
 .debug_abbrev  0x0000000000000b82      0x3ce ./hefei_peripheral/HF_MT9V03X.o
 .debug_abbrev  0x0000000000000f50      0x2c8 ./hefei_peripheral/HF_WS2812b.o
 .debug_abbrev  0x0000000000001218      0x2c7 ./hefei_libraries/board/board.o
 .debug_abbrev  0x00000000000014df      0x1e7 ./hefei_libraries/common.o
 .debug_abbrev  0x00000000000016c6      0x259 ./hefei_libraries/delay.o
 .debug_abbrev  0x000000000000191f      0x324 ./hefei_libraries/hf_adc.o
 .debug_abbrev  0x0000000000001c43      0x1ec ./hefei_libraries/hf_common_font.o
 .debug_abbrev  0x0000000000001e2f      0x29f ./hefei_libraries/hf_dvp.o
 .debug_abbrev  0x00000000000020ce      0x30c ./hefei_libraries/hf_gpio.o
 .debug_abbrev  0x00000000000023da      0x30c ./hefei_libraries/hf_nvic.o
 .debug_abbrev  0x00000000000026e6      0x337 ./hefei_libraries/hf_pwm.o
 .debug_abbrev  0x0000000000002a1d      0x2d3 ./hefei_libraries/hf_spi.o
 .debug_abbrev  0x0000000000002cf0      0x1ae ./hefei_libraries/hf_tim.o
 .debug_abbrev  0x0000000000002e9e      0x360 ./hefei_libraries/hf_uart.o
 .debug_abbrev  0x00000000000031fe      0x254 ./CODE/board_led.o
 .debug_abbrev  0x0000000000003452      0x278 ./CODE/car_init.o
 .debug_abbrev  0x00000000000036ca      0x2b2 ./CODE/car_keys.o
 .debug_abbrev  0x000000000000397c      0x260 ./CODE/car_reed.o
 .debug_abbrev  0x0000000000003bdc       0x12 ./CH32V30x/CH32V30x_p/Startup/startup_ch32v30x.o
 .debug_abbrev  0x0000000000003bee      0x2a2 ./CH32V30x/CH32V30x_p/CH32V30x_Lib/ch32v30x_adc.o
 .debug_abbrev  0x0000000000003e90      0x1c9 ./CH32V30x/CH32V30x_p/CH32V30x_Lib/ch32v30x_exti.o
 .debug_abbrev  0x0000000000004059      0x21b ./CH32V30x/CH32V30x_p/CH32V30x_Lib/ch32v30x_gpio.o
 .debug_abbrev  0x0000000000004274      0x1d4 ./CH32V30x/CH32V30x_p/CH32V30x_Lib/ch32v30x_misc.o
 .debug_abbrev  0x0000000000004448      0x259 ./CH32V30x/CH32V30x_p/CH32V30x_Lib/ch32v30x_rcc.o
 .debug_abbrev  0x00000000000046a1      0x214 ./CH32V30x/CH32V30x_p/CH32V30x_Lib/ch32v30x_spi.o
 .debug_abbrev  0x00000000000048b5      0x310 ./CH32V30x/CH32V30x_p/CH32V30x_Lib/ch32v30x_tim.o
 .debug_abbrev  0x0000000000004bc5      0x214 ./CH32V30x/CH32V30x_p/CH32V30x_Lib/ch32v30x_usart.o
 .debug_abbrev  0x0000000000004dd9      0x2fe ./CH32V30x/CH32V30x_p/CH32V30x_Lib/ch32v30x_usbotg_device.o
 .debug_abbrev  0x00000000000050d7      0x19f ./CH32V30x/CH32V30x_p/CH32V30x_Lib/system_ch32v30x.o

.debug_aranges  0x0000000000000000      0xee8
 .debug_aranges
                0x0000000000000000       0xf8 ./user_c/isr.o
 .debug_aranges
                0x00000000000000f8       0x20 ./user_c/main.o
 .debug_aranges
                0x0000000000000118       0x30 ./hefei_peripheral/HF_Double_DC_Motor.o
 .debug_aranges
                0x0000000000000148       0xb0 ./hefei_peripheral/HF_IPS114.o
 .debug_aranges
                0x00000000000001f8       0x50 ./hefei_peripheral/HF_MT9V03X.o
 .debug_aranges
                0x0000000000000248       0x28 ./hefei_peripheral/HF_WS2812b.o
 .debug_aranges
                0x0000000000000270       0x28 ./hefei_libraries/board/board.o
 .debug_aranges
                0x0000000000000298       0x18 ./hefei_libraries/common.o
 .debug_aranges
                0x00000000000002b0       0x30 ./hefei_libraries/delay.o
 .debug_aranges
                0x00000000000002e0       0x38 ./hefei_libraries/hf_adc.o
 .debug_aranges
                0x0000000000000318       0x18 ./hefei_libraries/hf_common_font.o
 .debug_aranges
                0x0000000000000330       0x28 ./hefei_libraries/hf_dvp.o
 .debug_aranges
                0x0000000000000358       0x40 ./hefei_libraries/hf_gpio.o
 .debug_aranges
                0x0000000000000398       0x40 ./hefei_libraries/hf_nvic.o
 .debug_aranges
                0x00000000000003d8       0x40 ./hefei_libraries/hf_pwm.o
 .debug_aranges
                0x0000000000000418       0x40 ./hefei_libraries/hf_spi.o
 .debug_aranges
                0x0000000000000458       0x28 ./hefei_libraries/hf_tim.o
 .debug_aranges
                0x0000000000000480       0x58 ./hefei_libraries/hf_uart.o
 .debug_aranges
                0x00000000000004d8       0x38 ./CODE/board_led.o
 .debug_aranges
                0x0000000000000510       0x28 ./CODE/car_init.o
 .debug_aranges
                0x0000000000000538       0x28 ./CODE/car_keys.o
 .debug_aranges
                0x0000000000000560       0x28 ./CODE/car_reed.o
 .debug_aranges
                0x0000000000000588       0x30 ./CH32V30x/CH32V30x_p/Startup/startup_ch32v30x.o
 .debug_aranges
                0x00000000000005b8      0x150 ./CH32V30x/CH32V30x_p/CH32V30x_Lib/ch32v30x_adc.o
 .debug_aranges
                0x0000000000000708       0x50 ./CH32V30x/CH32V30x_p/CH32V30x_Lib/ch32v30x_exti.o
 .debug_aranges
                0x0000000000000758       0xa8 ./CH32V30x/CH32V30x_p/CH32V30x_Lib/ch32v30x_gpio.o
 .debug_aranges
                0x0000000000000800       0x28 ./CH32V30x/CH32V30x_p/CH32V30x_Lib/ch32v30x_misc.o
 .debug_aranges
                0x0000000000000828      0x1a8 ./CH32V30x/CH32V30x_p/CH32V30x_Lib/ch32v30x_rcc.o
 .debug_aranges
                0x00000000000009d0       0xd0 ./CH32V30x/CH32V30x_p/CH32V30x_Lib/ch32v30x_spi.o
 .debug_aranges
                0x0000000000000aa0      0x2d0 ./CH32V30x/CH32V30x_p/CH32V30x_Lib/ch32v30x_tim.o
 .debug_aranges
                0x0000000000000d70      0x100 ./CH32V30x/CH32V30x_p/CH32V30x_Lib/ch32v30x_usart.o
 .debug_aranges
                0x0000000000000e70       0x50 ./CH32V30x/CH32V30x_p/CH32V30x_Lib/ch32v30x_usbotg_device.o
 .debug_aranges
                0x0000000000000ec0       0x28 ./CH32V30x/CH32V30x_p/CH32V30x_Lib/system_ch32v30x.o

.debug_ranges   0x0000000000000000      0xde8
 .debug_ranges  0x0000000000000000       0xe8 ./user_c/isr.o
 .debug_ranges  0x00000000000000e8       0x10 ./user_c/main.o
 .debug_ranges  0x00000000000000f8       0x20 ./hefei_peripheral/HF_Double_DC_Motor.o
 .debug_ranges  0x0000000000000118       0xa0 ./hefei_peripheral/HF_IPS114.o
 .debug_ranges  0x00000000000001b8       0x58 ./hefei_peripheral/HF_MT9V03X.o
 .debug_ranges  0x0000000000000210       0x18 ./hefei_peripheral/HF_WS2812b.o
 .debug_ranges  0x0000000000000228       0x18 ./hefei_libraries/board/board.o
 .debug_ranges  0x0000000000000240       0x20 ./hefei_libraries/delay.o
 .debug_ranges  0x0000000000000260       0x40 ./hefei_libraries/hf_adc.o
 .debug_ranges  0x00000000000002a0       0x18 ./hefei_libraries/hf_dvp.o
 .debug_ranges  0x00000000000002b8       0x30 ./hefei_libraries/hf_gpio.o
 .debug_ranges  0x00000000000002e8       0x30 ./hefei_libraries/hf_nvic.o
 .debug_ranges  0x0000000000000318       0x48 ./hefei_libraries/hf_pwm.o
 .debug_ranges  0x0000000000000360       0x30 ./hefei_libraries/hf_spi.o
 .debug_ranges  0x0000000000000390       0x18 ./hefei_libraries/hf_tim.o
 .debug_ranges  0x00000000000003a8       0x48 ./hefei_libraries/hf_uart.o
 .debug_ranges  0x00000000000003f0       0x28 ./CODE/board_led.o
 .debug_ranges  0x0000000000000418       0x18 ./CODE/car_init.o
 .debug_ranges  0x0000000000000430       0x18 ./CODE/car_keys.o
 .debug_ranges  0x0000000000000448       0x18 ./CODE/car_reed.o
 .debug_ranges  0x0000000000000460       0x28 ./CH32V30x/CH32V30x_p/Startup/startup_ch32v30x.o
 .debug_ranges  0x0000000000000488      0x178 ./CH32V30x/CH32V30x_p/CH32V30x_Lib/ch32v30x_adc.o
 .debug_ranges  0x0000000000000600       0x40 ./CH32V30x/CH32V30x_p/CH32V30x_Lib/ch32v30x_exti.o
 .debug_ranges  0x0000000000000640       0x98 ./CH32V30x/CH32V30x_p/CH32V30x_Lib/ch32v30x_gpio.o
 .debug_ranges  0x00000000000006d8       0x48 ./CH32V30x/CH32V30x_p/CH32V30x_Lib/ch32v30x_misc.o
 .debug_ranges  0x0000000000000720      0x198 ./CH32V30x/CH32V30x_p/CH32V30x_Lib/ch32v30x_rcc.o
 .debug_ranges  0x00000000000008b8       0xc0 ./CH32V30x/CH32V30x_p/CH32V30x_Lib/ch32v30x_spi.o
 .debug_ranges  0x0000000000000978      0x308 ./CH32V30x/CH32V30x_p/CH32V30x_Lib/ch32v30x_tim.o
 .debug_ranges  0x0000000000000c80       0xf0 ./CH32V30x/CH32V30x_p/CH32V30x_Lib/ch32v30x_usart.o
 .debug_ranges  0x0000000000000d70       0x40 ./CH32V30x/CH32V30x_p/CH32V30x_Lib/ch32v30x_usbotg_device.o
 .debug_ranges  0x0000000000000db0       0x38 ./CH32V30x/CH32V30x_p/CH32V30x_Lib/system_ch32v30x.o

.debug_line     0x0000000000000000    0x161b5
 .debug_line    0x0000000000000000      0xd0e ./user_c/isr.o
 .debug_line    0x0000000000000d0e      0x4c3 ./user_c/main.o
 .debug_line    0x00000000000011d1      0x545 ./hefei_peripheral/HF_Double_DC_Motor.o
 .debug_line    0x0000000000001716     0x18d1 ./hefei_peripheral/HF_IPS114.o
 .debug_line    0x0000000000002fe7      0xe1c ./hefei_peripheral/HF_MT9V03X.o
 .debug_line    0x0000000000003e03      0x614 ./hefei_peripheral/HF_WS2812b.o
 .debug_line    0x0000000000004417      0x5c6 ./hefei_libraries/board/board.o
 .debug_line    0x00000000000049dd      0x2c3 ./hefei_libraries/common.o
 .debug_line    0x0000000000004ca0      0x49b ./hefei_libraries/delay.o
 .debug_line    0x000000000000513b      0x838 ./hefei_libraries/hf_adc.o
 .debug_line    0x0000000000005973      0x2df ./hefei_libraries/hf_common_font.o
 .debug_line    0x0000000000005c52      0x57f ./hefei_libraries/hf_dvp.o
 .debug_line    0x00000000000061d1      0x6a6 ./hefei_libraries/hf_gpio.o
 .debug_line    0x0000000000006877      0x4ce ./hefei_libraries/hf_nvic.o
 .debug_line    0x0000000000006d45      0xefd ./hefei_libraries/hf_pwm.o
 .debug_line    0x0000000000007c42      0x9d3 ./hefei_libraries/hf_spi.o
 .debug_line    0x0000000000008615      0x45c ./hefei_libraries/hf_tim.o
 .debug_line    0x0000000000008a71      0xd20 ./hefei_libraries/hf_uart.o
 .debug_line    0x0000000000009791      0x50f ./CODE/board_led.o
 .debug_line    0x0000000000009ca0      0x562 ./CODE/car_init.o
 .debug_line    0x000000000000a202      0x6d5 ./CODE/car_keys.o
 .debug_line    0x000000000000a8d7      0x47c ./CODE/car_reed.o
 .debug_line    0x000000000000ad53      0x3a9 ./CH32V30x/CH32V30x_p/Startup/startup_ch32v30x.o
 .debug_line    0x000000000000b0fc     0x1802 ./CH32V30x/CH32V30x_p/CH32V30x_Lib/ch32v30x_adc.o
 .debug_line    0x000000000000c8fe      0x52c ./CH32V30x/CH32V30x_p/CH32V30x_Lib/ch32v30x_exti.o
 .debug_line    0x000000000000ce2a      0xca3 ./CH32V30x/CH32V30x_p/CH32V30x_Lib/ch32v30x_gpio.o
 .debug_line    0x000000000000dacd      0x420 ./CH32V30x/CH32V30x_p/CH32V30x_Lib/ch32v30x_misc.o
 .debug_line    0x000000000000deed     0x16fb ./CH32V30x/CH32V30x_p/CH32V30x_Lib/ch32v30x_rcc.o
 .debug_line    0x000000000000f5e8      0xcf5 ./CH32V30x/CH32V30x_p/CH32V30x_Lib/ch32v30x_spi.o
 .debug_line    0x00000000000102dd     0x3369 ./CH32V30x/CH32V30x_p/CH32V30x_Lib/ch32v30x_tim.o
 .debug_line    0x0000000000013646      0xfbf ./CH32V30x/CH32V30x_p/CH32V30x_Lib/ch32v30x_usart.o
 .debug_line    0x0000000000014605     0x1469 ./CH32V30x/CH32V30x_p/CH32V30x_Lib/ch32v30x_usbotg_device.o
 .debug_line    0x0000000000015a6e      0x747 ./CH32V30x/CH32V30x_p/CH32V30x_Lib/system_ch32v30x.o

.debug_str      0x0000000000000000     0x5bff
 .debug_str     0x0000000000000000      0xb69 ./user_c/isr.o
                                        0xc43 (size before relaxing)
 .debug_str     0x0000000000000b69       0xac ./user_c/main.o
                                        0x7e9 (size before relaxing)
 .debug_str     0x0000000000000c15      0x4f6 ./hefei_peripheral/HF_Double_DC_Motor.o
                                        0xc4a (size before relaxing)
 .debug_str     0x000000000000110b      0x4af ./hefei_peripheral/HF_IPS114.o
                                        0xca7 (size before relaxing)
 .debug_str     0x00000000000015ba      0x4d6 ./hefei_peripheral/HF_MT9V03X.o
                                        0xd15 (size before relaxing)
 .debug_str     0x0000000000001a90       0xd1 ./hefei_peripheral/HF_WS2812b.o
                                        0xdd1 (size before relaxing)
 .debug_str     0x0000000000001b61       0xf3 ./hefei_libraries/board/board.o
                                        0xabd (size before relaxing)
 .debug_str     0x0000000000001c54       0x5b ./hefei_libraries/common.o
                                        0x695 (size before relaxing)
 .debug_str     0x0000000000001caf       0x8c ./hefei_libraries/delay.o
                                        0x70c (size before relaxing)
 .debug_str     0x0000000000001d3b      0x3a5 ./hefei_libraries/hf_adc.o
                                        0xaa3 (size before relaxing)
 .debug_str     0x00000000000020e0       0x63 ./hefei_libraries/hf_common_font.o
                                        0x6ba (size before relaxing)
 .debug_str     0x0000000000002143      0x63c ./hefei_libraries/hf_dvp.o
                                        0xd96 (size before relaxing)
 .debug_str     0x000000000000277f      0x23a ./hefei_libraries/hf_gpio.o
                                        0x93d (size before relaxing)
 .debug_str     0x00000000000029b9      0x1bd ./hefei_libraries/hf_nvic.o
                                        0xe2a (size before relaxing)
 .debug_str     0x0000000000002b76      0x244 ./hefei_libraries/hf_pwm.o
                                        0xf0a (size before relaxing)
 .debug_str     0x0000000000002dba      0x216 ./hefei_libraries/hf_spi.o
                                        0xae3 (size before relaxing)
 .debug_str     0x0000000000002fd0      0x1ee ./hefei_libraries/hf_tim.o
                                        0x56f (size before relaxing)
 .debug_str     0x00000000000031be      0x196 ./hefei_libraries/hf_uart.o
                                       0x1173 (size before relaxing)
 .debug_str     0x0000000000003354       0x9b ./CODE/board_led.o
                                        0x875 (size before relaxing)
 .debug_str     0x00000000000033ef       0x73 ./CODE/car_init.o
                                        0x8e8 (size before relaxing)
 .debug_str     0x0000000000003462       0x73 ./CODE/car_keys.o
                                        0x849 (size before relaxing)
 .debug_str     0x00000000000034d5       0x62 ./CODE/car_reed.o
                                        0x81c (size before relaxing)
 .debug_str     0x0000000000003537       0x7b ./CH32V30x/CH32V30x_p/Startup/startup_ch32v30x.o
                                         0xd0 (size before relaxing)
 .debug_str     0x00000000000035b2      0x471 ./CH32V30x/CH32V30x_p/CH32V30x_Lib/ch32v30x_adc.o
                                        0x88a (size before relaxing)
 .debug_str     0x0000000000003a23      0x1d5 ./CH32V30x/CH32V30x_p/CH32V30x_Lib/ch32v30x_exti.o
                                        0x400 (size before relaxing)
 .debug_str     0x0000000000003bf8      0x23e ./CH32V30x/CH32V30x_p/CH32V30x_Lib/ch32v30x_gpio.o
                                        0x5e4 (size before relaxing)
 .debug_str     0x0000000000003e36       0xc8 ./CH32V30x/CH32V30x_p/CH32V30x_Lib/ch32v30x_misc.o
                                        0x93e (size before relaxing)
 .debug_str     0x0000000000003efe      0x624 ./CH32V30x/CH32V30x_p/CH32V30x_Lib/ch32v30x_rcc.o
                                        0x934 (size before relaxing)
 .debug_str     0x0000000000004522      0x2d6 ./CH32V30x/CH32V30x_p/CH32V30x_Lib/ch32v30x_spi.o
                                        0x6f3 (size before relaxing)
 .debug_str     0x00000000000047f8      0x8eb ./CH32V30x/CH32V30x_p/CH32V30x_Lib/ch32v30x_tim.o
                                        0xeee (size before relaxing)
 .debug_str     0x00000000000050e3      0x360 ./CH32V30x/CH32V30x_p/CH32V30x_Lib/ch32v30x_usart.o
                                        0x78a (size before relaxing)
 .debug_str     0x0000000000005443      0x6e7 ./CH32V30x/CH32V30x_p/CH32V30x_Lib/ch32v30x_usbotg_device.o
                                        0xd55 (size before relaxing)
 .debug_str     0x0000000000005b2a       0xd5 ./CH32V30x/CH32V30x_p/CH32V30x_Lib/system_ch32v30x.o
                                        0x36b (size before relaxing)

.comment        0x0000000000000000       0x33
 .comment       0x0000000000000000       0x33 ./user_c/isr.o
                                         0x34 (size before relaxing)
 .comment       0x0000000000000033       0x34 ./user_c/main.o
 .comment       0x0000000000000033       0x34 ./hefei_peripheral/HF_Double_DC_Motor.o
 .comment       0x0000000000000033       0x34 ./hefei_peripheral/HF_IPS114.o
 .comment       0x0000000000000033       0x34 ./hefei_peripheral/HF_MT9V03X.o
 .comment       0x0000000000000033       0x34 ./hefei_peripheral/HF_WS2812b.o
 .comment       0x0000000000000033       0x34 ./hefei_libraries/board/board.o
 .comment       0x0000000000000033       0x34 ./hefei_libraries/common.o
 .comment       0x0000000000000033       0x34 ./hefei_libraries/delay.o
 .comment       0x0000000000000033       0x34 ./hefei_libraries/hf_adc.o
 .comment       0x0000000000000033       0x34 ./hefei_libraries/hf_common_font.o
 .comment       0x0000000000000033       0x34 ./hefei_libraries/hf_dvp.o
 .comment       0x0000000000000033       0x34 ./hefei_libraries/hf_gpio.o
 .comment       0x0000000000000033       0x34 ./hefei_libraries/hf_nvic.o
 .comment       0x0000000000000033       0x34 ./hefei_libraries/hf_pwm.o
 .comment       0x0000000000000033       0x34 ./hefei_libraries/hf_spi.o
 .comment       0x0000000000000033       0x34 ./hefei_libraries/hf_tim.o
 .comment       0x0000000000000033       0x34 ./hefei_libraries/hf_uart.o
 .comment       0x0000000000000033       0x34 ./CODE/board_led.o
 .comment       0x0000000000000033       0x34 ./CODE/car_init.o
 .comment       0x0000000000000033       0x34 ./CODE/car_keys.o
 .comment       0x0000000000000033       0x34 ./CODE/car_reed.o
 .comment       0x0000000000000033       0x34 ./CH32V30x/CH32V30x_p/CH32V30x_Lib/ch32v30x_adc.o
 .comment       0x0000000000000033       0x34 ./CH32V30x/CH32V30x_p/CH32V30x_Lib/ch32v30x_exti.o
 .comment       0x0000000000000033       0x34 ./CH32V30x/CH32V30x_p/CH32V30x_Lib/ch32v30x_gpio.o
 .comment       0x0000000000000033       0x34 ./CH32V30x/CH32V30x_p/CH32V30x_Lib/ch32v30x_misc.o
 .comment       0x0000000000000033       0x34 ./CH32V30x/CH32V30x_p/CH32V30x_Lib/ch32v30x_rcc.o
 .comment       0x0000000000000033       0x34 ./CH32V30x/CH32V30x_p/CH32V30x_Lib/ch32v30x_spi.o
 .comment       0x0000000000000033       0x34 ./CH32V30x/CH32V30x_p/CH32V30x_Lib/ch32v30x_tim.o
 .comment       0x0000000000000033       0x34 ./CH32V30x/CH32V30x_p/CH32V30x_Lib/ch32v30x_usart.o
 .comment       0x0000000000000033       0x34 ./CH32V30x/CH32V30x_p/CH32V30x_Lib/ch32v30x_usbotg_device.o
 .comment       0x0000000000000033       0x34 ./CH32V30x/CH32V30x_p/CH32V30x_Lib/system_ch32v30x.o

.debug_frame    0x0000000000000000     0x2dec
 .debug_frame   0x0000000000000000      0x278 ./user_c/isr.o
 .debug_frame   0x0000000000000278       0x2c ./user_c/main.o
 .debug_frame   0x00000000000002a4       0x8c ./hefei_peripheral/HF_Double_DC_Motor.o
 .debug_frame   0x0000000000000330      0x408 ./hefei_peripheral/HF_IPS114.o
 .debug_frame   0x0000000000000738      0x140 ./hefei_peripheral/HF_MT9V03X.o
 .debug_frame   0x0000000000000878       0x60 ./hefei_peripheral/HF_WS2812b.o
 .debug_frame   0x00000000000008d8       0x50 ./hefei_libraries/board/board.o
 .debug_frame   0x0000000000000928       0x40 ./hefei_libraries/delay.o
 .debug_frame   0x0000000000000968       0xa0 ./hefei_libraries/hf_adc.o
 .debug_frame   0x0000000000000a08       0x70 ./hefei_libraries/hf_dvp.o
 .debug_frame   0x0000000000000a78       0x90 ./hefei_libraries/hf_gpio.o
 .debug_frame   0x0000000000000b08       0x8c ./hefei_libraries/hf_nvic.o
 .debug_frame   0x0000000000000b94       0x80 ./hefei_libraries/hf_pwm.o
 .debug_frame   0x0000000000000c14       0xa8 ./hefei_libraries/hf_spi.o
 .debug_frame   0x0000000000000cbc       0x4c ./hefei_libraries/hf_tim.o
 .debug_frame   0x0000000000000d08      0x140 ./hefei_libraries/hf_uart.o
 .debug_frame   0x0000000000000e48       0x50 ./CODE/board_led.o
 .debug_frame   0x0000000000000e98       0x3c ./CODE/car_init.o
 .debug_frame   0x0000000000000ed4       0x60 ./CODE/car_keys.o
 .debug_frame   0x0000000000000f34       0x3c ./CODE/car_reed.o
 .debug_frame   0x0000000000000f70      0x2c4 ./CH32V30x/CH32V30x_p/CH32V30x_Lib/ch32v30x_adc.o
 .debug_frame   0x0000000000001234       0x90 ./CH32V30x/CH32V30x_p/CH32V30x_Lib/ch32v30x_exti.o
 .debug_frame   0x00000000000012c4      0x150 ./CH32V30x/CH32V30x_p/CH32V30x_Lib/ch32v30x_gpio.o
 .debug_frame   0x0000000000001414       0x30 ./CH32V30x/CH32V30x_p/CH32V30x_Lib/ch32v30x_misc.o
 .debug_frame   0x0000000000001444      0x340 ./CH32V30x/CH32V30x_p/CH32V30x_Lib/ch32v30x_rcc.o
 .debug_frame   0x0000000000001784      0x1b8 ./CH32V30x/CH32V30x_p/CH32V30x_Lib/ch32v30x_spi.o
 .debug_frame   0x000000000000193c      0x66c ./CH32V30x/CH32V30x_p/CH32V30x_Lib/ch32v30x_tim.o
 .debug_frame   0x0000000000001fa8      0x210 ./CH32V30x/CH32V30x_p/CH32V30x_Lib/ch32v30x_usart.o
 .debug_frame   0x00000000000021b8       0xbc ./CH32V30x/CH32V30x_p/CH32V30x_Lib/ch32v30x_usbotg_device.o
 .debug_frame   0x0000000000002274       0x3c ./CH32V30x/CH32V30x_p/CH32V30x_Lib/system_ch32v30x.o
 .debug_frame   0x00000000000022b0       0x40 c:/mounriver/mounriver_studio/toolchain/risc-v embedded gcc/bin/../lib/gcc/riscv-none-embed/8.2.0/../../../../riscv-none-embed/lib/rv32imac/ilp32\libg_nano.a(lib_a-assert.o)
 .debug_frame   0x00000000000022f0       0x48 c:/mounriver/mounriver_studio/toolchain/risc-v embedded gcc/bin/../lib/gcc/riscv-none-embed/8.2.0/../../../../riscv-none-embed/lib/rv32imac/ilp32\libg_nano.a(lib_a-fprintf.o)
 .debug_frame   0x0000000000002338       0x20 c:/mounriver/mounriver_studio/toolchain/risc-v embedded gcc/bin/../lib/gcc/riscv-none-embed/8.2.0/../../../../riscv-none-embed/lib/rv32imac/ilp32\libg_nano.a(lib_a-memcpy.o)
 .debug_frame   0x0000000000002358       0xd0 c:/mounriver/mounriver_studio/toolchain/risc-v embedded gcc/bin/../lib/gcc/riscv-none-embed/8.2.0/../../../../riscv-none-embed/lib/rv32imac/ilp32\libg_nano.a(lib_a-nano-vfprintf.o)
 .debug_frame   0x0000000000002428       0x8c c:/mounriver/mounriver_studio/toolchain/risc-v embedded gcc/bin/../lib/gcc/riscv-none-embed/8.2.0/../../../../riscv-none-embed/lib/rv32imac/ilp32\libg_nano.a(lib_a-nano-vfprintf_i.o)
 .debug_frame   0x00000000000024b4       0x54 c:/mounriver/mounriver_studio/toolchain/risc-v embedded gcc/bin/../lib/gcc/riscv-none-embed/8.2.0/../../../../riscv-none-embed/lib/rv32imac/ilp32\libg_nano.a(lib_a-printf.o)
 .debug_frame   0x0000000000002508       0x50 c:/mounriver/mounriver_studio/toolchain/risc-v embedded gcc/bin/../lib/gcc/riscv-none-embed/8.2.0/../../../../riscv-none-embed/lib/rv32imac/ilp32\libg_nano.a(lib_a-wbuf.o)
 .debug_frame   0x0000000000002558       0x3c c:/mounriver/mounriver_studio/toolchain/risc-v embedded gcc/bin/../lib/gcc/riscv-none-embed/8.2.0/../../../../riscv-none-embed/lib/rv32imac/ilp32\libg_nano.a(lib_a-wsetup.o)
 .debug_frame   0x0000000000002594       0x28 c:/mounriver/mounriver_studio/toolchain/risc-v embedded gcc/bin/../lib/gcc/riscv-none-embed/8.2.0/../../../../riscv-none-embed/lib/rv32imac/ilp32\libg_nano.a(lib_a-abort.o)
 .debug_frame   0x00000000000025bc       0x7c c:/mounriver/mounriver_studio/toolchain/risc-v embedded gcc/bin/../lib/gcc/riscv-none-embed/8.2.0/../../../../riscv-none-embed/lib/rv32imac/ilp32\libg_nano.a(lib_a-fflush.o)
 .debug_frame   0x0000000000002638      0x148 c:/mounriver/mounriver_studio/toolchain/risc-v embedded gcc/bin/../lib/gcc/riscv-none-embed/8.2.0/../../../../riscv-none-embed/lib/rv32imac/ilp32\libg_nano.a(lib_a-findfp.o)
 .debug_frame   0x0000000000002780       0x88 c:/mounriver/mounriver_studio/toolchain/risc-v embedded gcc/bin/../lib/gcc/riscv-none-embed/8.2.0/../../../../riscv-none-embed/lib/rv32imac/ilp32\libg_nano.a(lib_a-fwalk.o)
 .debug_frame   0x0000000000002808       0x64 c:/mounriver/mounriver_studio/toolchain/risc-v embedded gcc/bin/../lib/gcc/riscv-none-embed/8.2.0/../../../../riscv-none-embed/lib/rv32imac/ilp32\libg_nano.a(lib_a-makebuf.o)
 .debug_frame   0x000000000000286c       0x20 c:/mounriver/mounriver_studio/toolchain/risc-v embedded gcc/bin/../lib/gcc/riscv-none-embed/8.2.0/../../../../riscv-none-embed/lib/rv32imac/ilp32\libg_nano.a(lib_a-memchr.o)
 .debug_frame   0x000000000000288c       0x40 c:/mounriver/mounriver_studio/toolchain/risc-v embedded gcc/bin/../lib/gcc/riscv-none-embed/8.2.0/../../../../riscv-none-embed/lib/rv32imac/ilp32\libg_nano.a(lib_a-nano-freer.o)
 .debug_frame   0x00000000000028cc       0x40 c:/mounriver/mounriver_studio/toolchain/risc-v embedded gcc/bin/../lib/gcc/riscv-none-embed/8.2.0/../../../../riscv-none-embed/lib/rv32imac/ilp32\libg_nano.a(lib_a-nano-mallocr.o)
 .debug_frame   0x000000000000290c       0x30 c:/mounriver/mounriver_studio/toolchain/risc-v embedded gcc/bin/../lib/gcc/riscv-none-embed/8.2.0/../../../../riscv-none-embed/lib/rv32imac/ilp32\libg_nano.a(lib_a-sbrkr.o)
 .debug_frame   0x000000000000293c       0xec c:/mounriver/mounriver_studio/toolchain/risc-v embedded gcc/bin/../lib/gcc/riscv-none-embed/8.2.0/../../../../riscv-none-embed/lib/rv32imac/ilp32\libg_nano.a(lib_a-signal.o)
 .debug_frame   0x0000000000002a28       0x40 c:/mounriver/mounriver_studio/toolchain/risc-v embedded gcc/bin/../lib/gcc/riscv-none-embed/8.2.0/../../../../riscv-none-embed/lib/rv32imac/ilp32\libg_nano.a(lib_a-signalr.o)
 .debug_frame   0x0000000000002a68       0xa4 c:/mounriver/mounriver_studio/toolchain/risc-v embedded gcc/bin/../lib/gcc/riscv-none-embed/8.2.0/../../../../riscv-none-embed/lib/rv32imac/ilp32\libg_nano.a(lib_a-stdio.o)
 .debug_frame   0x0000000000002b0c       0x30 c:/mounriver/mounriver_studio/toolchain/risc-v embedded gcc/bin/../lib/gcc/riscv-none-embed/8.2.0/../../../../riscv-none-embed/lib/rv32imac/ilp32\libg_nano.a(lib_a-writer.o)
 .debug_frame   0x0000000000002b3c       0x30 c:/mounriver/mounriver_studio/toolchain/risc-v embedded gcc/bin/../lib/gcc/riscv-none-embed/8.2.0/../../../../riscv-none-embed/lib/rv32imac/ilp32\libg_nano.a(lib_a-closer.o)
 .debug_frame   0x0000000000002b6c       0x30 c:/mounriver/mounriver_studio/toolchain/risc-v embedded gcc/bin/../lib/gcc/riscv-none-embed/8.2.0/../../../../riscv-none-embed/lib/rv32imac/ilp32\libg_nano.a(lib_a-fstatr.o)
 .debug_frame   0x0000000000002b9c       0x30 c:/mounriver/mounriver_studio/toolchain/risc-v embedded gcc/bin/../lib/gcc/riscv-none-embed/8.2.0/../../../../riscv-none-embed/lib/rv32imac/ilp32\libg_nano.a(lib_a-isattyr.o)
 .debug_frame   0x0000000000002bcc       0x30 c:/mounriver/mounriver_studio/toolchain/risc-v embedded gcc/bin/../lib/gcc/riscv-none-embed/8.2.0/../../../../riscv-none-embed/lib/rv32imac/ilp32\libg_nano.a(lib_a-lseekr.o)
 .debug_frame   0x0000000000002bfc       0x30 c:/mounriver/mounriver_studio/toolchain/risc-v embedded gcc/bin/../lib/gcc/riscv-none-embed/8.2.0/../../../../riscv-none-embed/lib/rv32imac/ilp32\libg_nano.a(lib_a-mlock.o)